<!doctype html public "-//w3c//dtd html 4.0 transitional//en">
<html><head>
<title>Static Call Graph - [.\Objects\bootloader.axf]</title></head>
<body><HR>
<H1>Static Call Graph for image .\Objects\bootloader.axf</H1><HR>
<BR><P>#&#060CALLGRAPH&#062# ARM Linker, 5060528: Last Updated: Tue Dec 25 11:04:25 2018
<BR><P>
<H3>Maximum Stack Usage =        772 bytes + Unknown(Cycles, Untraceable Function Pointers)</H3><H3>
Call chain for Maximum Stack Depth:</H3>
__rt_entry_main &rArr; main &rArr; BOARD_InitDebugConsole &rArr; DbgConsole_Init &rArr; LOG_Init &rArr; IO_Init &rArr; UART_Init &rArr; UART_GetInstance &rArr; __aeabi_assert &rArr; DbgConsole_Printf &rArr;  LOG_Push (Cycle)
<P>
<H3>
Mutually Recursive functions
</H3> <LI><a href="#[8]">NMI_Handler</a>&nbsp;&nbsp;&nbsp;&rArr;&nbsp;&nbsp;&nbsp;<a href="#[8]">NMI_Handler</a><BR>
 <LI><a href="#[9]">HardFault_Handler</a>&nbsp;&nbsp;&nbsp;&rArr;&nbsp;&nbsp;&nbsp;<a href="#[9]">HardFault_Handler</a><BR>
 <LI><a href="#[a]">MemManage_Handler</a>&nbsp;&nbsp;&nbsp;&rArr;&nbsp;&nbsp;&nbsp;<a href="#[a]">MemManage_Handler</a><BR>
 <LI><a href="#[b]">BusFault_Handler</a>&nbsp;&nbsp;&nbsp;&rArr;&nbsp;&nbsp;&nbsp;<a href="#[b]">BusFault_Handler</a><BR>
 <LI><a href="#[c]">UsageFault_Handler</a>&nbsp;&nbsp;&nbsp;&rArr;&nbsp;&nbsp;&nbsp;<a href="#[c]">UsageFault_Handler</a><BR>
 <LI><a href="#[d]">SVC_Handler</a>&nbsp;&nbsp;&nbsp;&rArr;&nbsp;&nbsp;&nbsp;<a href="#[d]">SVC_Handler</a><BR>
 <LI><a href="#[e]">DebugMon_Handler</a>&nbsp;&nbsp;&nbsp;&rArr;&nbsp;&nbsp;&nbsp;<a href="#[e]">DebugMon_Handler</a><BR>
 <LI><a href="#[f]">PendSV_Handler</a>&nbsp;&nbsp;&nbsp;&rArr;&nbsp;&nbsp;&nbsp;<a href="#[f]">PendSV_Handler</a><BR>
 <LI><a href="#[10]">SysTick_Handler</a>&nbsp;&nbsp;&nbsp;&rArr;&nbsp;&nbsp;&nbsp;<a href="#[10]">SysTick_Handler</a><BR>
 <LI><a href="#[da]">DbgConsole_Printf</a>&nbsp;&nbsp;&nbsp;&rArr;&nbsp;&nbsp;&nbsp;<a href="#[dd]">LOG_Push</a><BR>
</UL>
<P>
<H3>
Function Pointers
</H3><UL>
 <LI><a href="#[38]">ADC0_IRQHandler</a> from startup_mk64f12.o(.text) referenced from startup_mk64f12.o(RESET)
 <LI><a href="#[5a]">ADC1_IRQHandler</a> from startup_mk64f12.o(.text) referenced from startup_mk64f12.o(RESET)
 <LI><a href="#[b]">BusFault_Handler</a> from startup_mk64f12.o(.text) referenced from startup_mk64f12.o(RESET)
 <LI><a href="#[5d]">CAN0_Bus_Off_IRQHandler</a> from startup_mk64f12.o(.text) referenced from startup_mk64f12.o(RESET)
 <LI><a href="#[90]">CAN0_DriverIRQHandler</a> from startup_mk64f12.o(.text) referenced from startup_mk64f12.o(.text)
 <LI><a href="#[5e]">CAN0_Error_IRQHandler</a> from startup_mk64f12.o(.text) referenced from startup_mk64f12.o(RESET)
 <LI><a href="#[5c]">CAN0_ORed_Message_buffer_IRQHandler</a> from startup_mk64f12.o(.text) referenced from startup_mk64f12.o(RESET)
 <LI><a href="#[60]">CAN0_Rx_Warning_IRQHandler</a> from startup_mk64f12.o(.text) referenced from startup_mk64f12.o(RESET)
 <LI><a href="#[5f]">CAN0_Tx_Warning_IRQHandler</a> from startup_mk64f12.o(.text) referenced from startup_mk64f12.o(RESET)
 <LI><a href="#[61]">CAN0_Wake_Up_IRQHandler</a> from startup_mk64f12.o(.text) referenced from startup_mk64f12.o(RESET)
 <LI><a href="#[39]">CMP0_IRQHandler</a> from startup_mk64f12.o(.text) referenced from startup_mk64f12.o(RESET)
 <LI><a href="#[3a]">CMP1_IRQHandler</a> from startup_mk64f12.o(.text) referenced from startup_mk64f12.o(RESET)
 <LI><a href="#[57]">CMP2_IRQHandler</a> from startup_mk64f12.o(.text) referenced from startup_mk64f12.o(RESET)
 <LI><a href="#[3e]">CMT_IRQHandler</a> from startup_mk64f12.o(.text) referenced from startup_mk64f12.o(RESET)
 <LI><a href="#[49]">DAC0_IRQHandler</a> from startup_mk64f12.o(.text) referenced from startup_mk64f12.o(RESET)
 <LI><a href="#[59]">DAC1_IRQHandler</a> from startup_mk64f12.o(.text) referenced from startup_mk64f12.o(RESET)
 <LI><a href="#[6a]">DMA0_DriverIRQHandler</a> from startup_mk64f12.o(.text) referenced from startup_mk64f12.o(.text)
 <LI><a href="#[11]">DMA0_IRQHandler</a> from startup_mk64f12.o(.text) referenced from startup_mk64f12.o(RESET)
 <LI><a href="#[74]">DMA10_DriverIRQHandler</a> from startup_mk64f12.o(.text) referenced from startup_mk64f12.o(.text)
 <LI><a href="#[1b]">DMA10_IRQHandler</a> from startup_mk64f12.o(.text) referenced from startup_mk64f12.o(RESET)
 <LI><a href="#[75]">DMA11_DriverIRQHandler</a> from startup_mk64f12.o(.text) referenced from startup_mk64f12.o(.text)
 <LI><a href="#[1c]">DMA11_IRQHandler</a> from startup_mk64f12.o(.text) referenced from startup_mk64f12.o(RESET)
 <LI><a href="#[76]">DMA12_DriverIRQHandler</a> from startup_mk64f12.o(.text) referenced from startup_mk64f12.o(.text)
 <LI><a href="#[1d]">DMA12_IRQHandler</a> from startup_mk64f12.o(.text) referenced from startup_mk64f12.o(RESET)
 <LI><a href="#[77]">DMA13_DriverIRQHandler</a> from startup_mk64f12.o(.text) referenced from startup_mk64f12.o(.text)
 <LI><a href="#[1e]">DMA13_IRQHandler</a> from startup_mk64f12.o(.text) referenced from startup_mk64f12.o(RESET)
 <LI><a href="#[78]">DMA14_DriverIRQHandler</a> from startup_mk64f12.o(.text) referenced from startup_mk64f12.o(.text)
 <LI><a href="#[1f]">DMA14_IRQHandler</a> from startup_mk64f12.o(.text) referenced from startup_mk64f12.o(RESET)
 <LI><a href="#[79]">DMA15_DriverIRQHandler</a> from startup_mk64f12.o(.text) referenced from startup_mk64f12.o(.text)
 <LI><a href="#[20]">DMA15_IRQHandler</a> from startup_mk64f12.o(.text) referenced from startup_mk64f12.o(RESET)
 <LI><a href="#[6b]">DMA1_DriverIRQHandler</a> from startup_mk64f12.o(.text) referenced from startup_mk64f12.o(.text)
 <LI><a href="#[12]">DMA1_IRQHandler</a> from startup_mk64f12.o(.text) referenced from startup_mk64f12.o(RESET)
 <LI><a href="#[6c]">DMA2_DriverIRQHandler</a> from startup_mk64f12.o(.text) referenced from startup_mk64f12.o(.text)
 <LI><a href="#[13]">DMA2_IRQHandler</a> from startup_mk64f12.o(.text) referenced from startup_mk64f12.o(RESET)
 <LI><a href="#[6d]">DMA3_DriverIRQHandler</a> from startup_mk64f12.o(.text) referenced from startup_mk64f12.o(.text)
 <LI><a href="#[14]">DMA3_IRQHandler</a> from startup_mk64f12.o(.text) referenced from startup_mk64f12.o(RESET)
 <LI><a href="#[6e]">DMA4_DriverIRQHandler</a> from startup_mk64f12.o(.text) referenced from startup_mk64f12.o(.text)
 <LI><a href="#[15]">DMA4_IRQHandler</a> from startup_mk64f12.o(.text) referenced from startup_mk64f12.o(RESET)
 <LI><a href="#[6f]">DMA5_DriverIRQHandler</a> from startup_mk64f12.o(.text) referenced from startup_mk64f12.o(.text)
 <LI><a href="#[16]">DMA5_IRQHandler</a> from startup_mk64f12.o(.text) referenced from startup_mk64f12.o(RESET)
 <LI><a href="#[70]">DMA6_DriverIRQHandler</a> from startup_mk64f12.o(.text) referenced from startup_mk64f12.o(.text)
 <LI><a href="#[17]">DMA6_IRQHandler</a> from startup_mk64f12.o(.text) referenced from startup_mk64f12.o(RESET)
 <LI><a href="#[71]">DMA7_DriverIRQHandler</a> from startup_mk64f12.o(.text) referenced from startup_mk64f12.o(.text)
 <LI><a href="#[18]">DMA7_IRQHandler</a> from startup_mk64f12.o(.text) referenced from startup_mk64f12.o(RESET)
 <LI><a href="#[72]">DMA8_DriverIRQHandler</a> from startup_mk64f12.o(.text) referenced from startup_mk64f12.o(.text)
 <LI><a href="#[19]">DMA8_IRQHandler</a> from startup_mk64f12.o(.text) referenced from startup_mk64f12.o(RESET)
 <LI><a href="#[73]">DMA9_DriverIRQHandler</a> from startup_mk64f12.o(.text) referenced from startup_mk64f12.o(.text)
 <LI><a href="#[1a]">DMA9_IRQHandler</a> from startup_mk64f12.o(.text) referenced from startup_mk64f12.o(RESET)
 <LI><a href="#[7a]">DMA_Error_DriverIRQHandler</a> from startup_mk64f12.o(.text) referenced from startup_mk64f12.o(.text)
 <LI><a href="#[21]">DMA_Error_IRQHandler</a> from startup_mk64f12.o(.text) referenced from startup_mk64f12.o(RESET)
 <LI><a href="#[99]">DbgConsole_RelocateLog</a> from fsl_debug_console.o(i.DbgConsole_RelocateLog) referenced from fsl_debug_console.o(i.DbgConsole_Printf)
 <LI><a href="#[e]">DebugMon_Handler</a> from startup_mk64f12.o(.text) referenced from startup_mk64f12.o(RESET)
 <LI><a href="#[67]">DefaultISR</a> from startup_mk64f12.o(.text) referenced from startup_mk64f12.o(.text)
 <LI><a href="#[67]">DefaultISR</a> from startup_mk64f12.o(.text) referenced 153 times from startup_mk64f12.o(RESET)
 <LI><a href="#[92]">ENET_1588_Timer_DriverIRQHandler</a> from startup_mk64f12.o(.text) referenced from startup_mk64f12.o(.text)
 <LI><a href="#[63]">ENET_1588_Timer_IRQHandler</a> from startup_mk64f12.o(.text) referenced from startup_mk64f12.o(RESET)
 <LI><a href="#[95]">ENET_Error_DriverIRQHandler</a> from startup_mk64f12.o(.text) referenced from startup_mk64f12.o(.text)
 <LI><a href="#[66]">ENET_Error_IRQHandler</a> from startup_mk64f12.o(.text) referenced from startup_mk64f12.o(RESET)
 <LI><a href="#[94]">ENET_Receive_DriverIRQHandler</a> from startup_mk64f12.o(.text) referenced from startup_mk64f12.o(.text)
 <LI><a href="#[65]">ENET_Receive_IRQHandler</a> from startup_mk64f12.o(.text) referenced from startup_mk64f12.o(RESET)
 <LI><a href="#[93]">ENET_Transmit_DriverIRQHandler</a> from startup_mk64f12.o(.text) referenced from startup_mk64f12.o(.text)
 <LI><a href="#[64]">ENET_Transmit_IRQHandler</a> from startup_mk64f12.o(.text) referenced from startup_mk64f12.o(RESET)
 <LI><a href="#[23]">FTFE_IRQHandler</a> from startup_mk64f12.o(.text) referenced from startup_mk64f12.o(RESET)
 <LI><a href="#[3b]">FTM0_IRQHandler</a> from startup_mk64f12.o(.text) referenced from startup_mk64f12.o(RESET)
 <LI><a href="#[3c]">FTM1_IRQHandler</a> from startup_mk64f12.o(.text) referenced from startup_mk64f12.o(RESET)
 <LI><a href="#[3d]">FTM2_IRQHandler</a> from startup_mk64f12.o(.text) referenced from startup_mk64f12.o(RESET)
 <LI><a href="#[58]">FTM3_IRQHandler</a> from startup_mk64f12.o(.text) referenced from startup_mk64f12.o(RESET)
 <LI><a href="#[9]">HardFault_Handler</a> from startup_mk64f12.o(.text) referenced from startup_mk64f12.o(RESET)
 <LI><a href="#[7b]">I2C0_DriverIRQHandler</a> from startup_mk64f12.o(.text) referenced from startup_mk64f12.o(.text)
 <LI><a href="#[29]">I2C0_IRQHandler</a> from startup_mk64f12.o(.text) referenced from startup_mk64f12.o(RESET)
 <LI><a href="#[7c]">I2C1_DriverIRQHandler</a> from startup_mk64f12.o(.text) referenced from startup_mk64f12.o(.text)
 <LI><a href="#[2a]">I2C1_IRQHandler</a> from startup_mk64f12.o(.text) referenced from startup_mk64f12.o(RESET)
 <LI><a href="#[8f]">I2C2_DriverIRQHandler</a> from startup_mk64f12.o(.text) referenced from startup_mk64f12.o(.text)
 <LI><a href="#[5b]">I2C2_IRQHandler</a> from startup_mk64f12.o(.text) referenced from startup_mk64f12.o(RESET)
 <LI><a href="#[80]">I2S0_Rx_DriverIRQHandler</a> from startup_mk64f12.o(.text) referenced from startup_mk64f12.o(.text)
 <LI><a href="#[2e]">I2S0_Rx_IRQHandler</a> from startup_mk64f12.o(.text) referenced from startup_mk64f12.o(RESET)
 <LI><a href="#[7f]">I2S0_Tx_DriverIRQHandler</a> from startup_mk64f12.o(.text) referenced from startup_mk64f12.o(.text)
 <LI><a href="#[2d]">I2S0_Tx_IRQHandler</a> from startup_mk64f12.o(.text) referenced from startup_mk64f12.o(RESET)
 <LI><a href="#[26]">LLWU_IRQHandler</a> from startup_mk64f12.o(.text) referenced from startup_mk64f12.o(RESET)
 <LI><a href="#[4b]">LPTMR0_IRQHandler</a> from startup_mk64f12.o(.text) referenced from startup_mk64f12.o(RESET)
 <LI><a href="#[25]">LVD_LVW_IRQHandler</a> from startup_mk64f12.o(.text) referenced from startup_mk64f12.o(RESET)
 <LI><a href="#[4a]">MCG_IRQHandler</a> from startup_mk64f12.o(.text) referenced from startup_mk64f12.o(RESET)
 <LI><a href="#[22]">MCM_IRQHandler</a> from startup_mk64f12.o(.text) referenced from startup_mk64f12.o(RESET)
 <LI><a href="#[a]">MemManage_Handler</a> from startup_mk64f12.o(.text) referenced from startup_mk64f12.o(RESET)
 <LI><a href="#[8]">NMI_Handler</a> from startup_mk64f12.o(.text) referenced from startup_mk64f12.o(RESET)
 <LI><a href="#[45]">PDB0_IRQHandler</a> from startup_mk64f12.o(.text) referenced from startup_mk64f12.o(RESET)
 <LI><a href="#[41]">PIT0_IRQHandler</a> from startup_mk64f12.o(.text) referenced from startup_mk64f12.o(RESET)
 <LI><a href="#[42]">PIT1_IRQHandler</a> from startup_mk64f12.o(.text) referenced from startup_mk64f12.o(RESET)
 <LI><a href="#[43]">PIT2_IRQHandler</a> from startup_mk64f12.o(.text) referenced from startup_mk64f12.o(RESET)
 <LI><a href="#[44]">PIT3_IRQHandler</a> from startup_mk64f12.o(.text) referenced from startup_mk64f12.o(RESET)
 <LI><a href="#[4c]">PORTA_IRQHandler</a> from startup_mk64f12.o(.text) referenced from startup_mk64f12.o(RESET)
 <LI><a href="#[4d]">PORTB_IRQHandler</a> from startup_mk64f12.o(.text) referenced from startup_mk64f12.o(RESET)
 <LI><a href="#[4e]">PORTC_IRQHandler</a> from startup_mk64f12.o(.text) referenced from startup_mk64f12.o(RESET)
 <LI><a href="#[4f]">PORTD_IRQHandler</a> from startup_mk64f12.o(.text) referenced from startup_mk64f12.o(RESET)
 <LI><a href="#[50]">PORTE_IRQHandler</a> from startup_mk64f12.o(.text) referenced from startup_mk64f12.o(RESET)
 <LI><a href="#[f]">PendSV_Handler</a> from startup_mk64f12.o(.text) referenced from startup_mk64f12.o(RESET)
 <LI><a href="#[28]">RNG_IRQHandler</a> from startup_mk64f12.o(.text) referenced from startup_mk64f12.o(RESET)
 <LI><a href="#[3f]">RTC_IRQHandler</a> from startup_mk64f12.o(.text) referenced from startup_mk64f12.o(RESET)
 <LI><a href="#[40]">RTC_Seconds_IRQHandler</a> from startup_mk64f12.o(.text) referenced from startup_mk64f12.o(RESET)
 <LI><a href="#[24]">Read_Collision_IRQHandler</a> from startup_mk64f12.o(.text) referenced from startup_mk64f12.o(RESET)
 <LI><a href="#[48]">Reserved71_IRQHandler</a> from startup_mk64f12.o(.text) referenced from startup_mk64f12.o(RESET)
 <LI><a href="#[7]">Reset_Handler</a> from startup_mk64f12.o(.text) referenced from startup_mk64f12.o(RESET)
 <LI><a href="#[91]">SDHC_DriverIRQHandler</a> from startup_mk64f12.o(.text) referenced from startup_mk64f12.o(.text)
 <LI><a href="#[62]">SDHC_IRQHandler</a> from startup_mk64f12.o(.text) referenced from startup_mk64f12.o(RESET)
 <LI><a href="#[7d]">SPI0_DriverIRQHandler</a> from startup_mk64f12.o(.text) referenced from startup_mk64f12.o(.text)
 <LI><a href="#[2b]">SPI0_IRQHandler</a> from startup_mk64f12.o(.text) referenced from startup_mk64f12.o(RESET)
 <LI><a href="#[7e]">SPI1_DriverIRQHandler</a> from startup_mk64f12.o(.text) referenced from startup_mk64f12.o(.text)
 <LI><a href="#[2c]">SPI1_IRQHandler</a> from startup_mk64f12.o(.text) referenced from startup_mk64f12.o(RESET)
 <LI><a href="#[8a]">SPI2_DriverIRQHandler</a> from startup_mk64f12.o(.text) referenced from startup_mk64f12.o(.text)
 <LI><a href="#[52]">SPI2_IRQHandler</a> from startup_mk64f12.o(.text) referenced from startup_mk64f12.o(RESET)
 <LI><a href="#[d]">SVC_Handler</a> from startup_mk64f12.o(.text) referenced from startup_mk64f12.o(RESET)
 <LI><a href="#[51]">SWI_IRQHandler</a> from startup_mk64f12.o(.text) referenced from startup_mk64f12.o(RESET)
 <LI><a href="#[10]">SysTick_Handler</a> from startup_mk64f12.o(.text) referenced from startup_mk64f12.o(RESET)
 <LI><a href="#[68]">SystemInit</a> from system_mk64f12.o(i.SystemInit) referenced from startup_mk64f12.o(.text)
 <LI><a href="#[83]">UART0_ERR_DriverIRQHandler</a> from startup_mk64f12.o(.text) referenced from startup_mk64f12.o(.text)
 <LI><a href="#[31]">UART0_ERR_IRQHandler</a> from startup_mk64f12.o(.text) referenced from startup_mk64f12.o(RESET)
 <LI><a href="#[81]">UART0_LON_DriverIRQHandler</a> from startup_mk64f12.o(.text) referenced from startup_mk64f12.o(.text)
 <LI><a href="#[2f]">UART0_LON_IRQHandler</a> from startup_mk64f12.o(.text) referenced from startup_mk64f12.o(RESET)
 <LI><a href="#[82]">UART0_RX_TX_DriverIRQHandler</a> from fsl_uart.o(i.UART0_RX_TX_DriverIRQHandler) referenced from startup_mk64f12.o(.text)
 <LI><a href="#[30]">UART0_RX_TX_IRQHandler</a> from startup_mk64f12.o(.text) referenced from startup_mk64f12.o(RESET)
 <LI><a href="#[85]">UART1_ERR_DriverIRQHandler</a> from startup_mk64f12.o(.text) referenced from startup_mk64f12.o(.text)
 <LI><a href="#[33]">UART1_ERR_IRQHandler</a> from startup_mk64f12.o(.text) referenced from startup_mk64f12.o(RESET)
 <LI><a href="#[84]">UART1_RX_TX_DriverIRQHandler</a> from fsl_uart.o(i.UART1_RX_TX_DriverIRQHandler) referenced from startup_mk64f12.o(.text)
 <LI><a href="#[32]">UART1_RX_TX_IRQHandler</a> from startup_mk64f12.o(.text) referenced from startup_mk64f12.o(RESET)
 <LI><a href="#[87]">UART2_ERR_DriverIRQHandler</a> from startup_mk64f12.o(.text) referenced from startup_mk64f12.o(.text)
 <LI><a href="#[35]">UART2_ERR_IRQHandler</a> from startup_mk64f12.o(.text) referenced from startup_mk64f12.o(RESET)
 <LI><a href="#[86]">UART2_RX_TX_DriverIRQHandler</a> from fsl_uart.o(i.UART2_RX_TX_DriverIRQHandler) referenced from startup_mk64f12.o(.text)
 <LI><a href="#[34]">UART2_RX_TX_IRQHandler</a> from startup_mk64f12.o(.text) referenced from startup_mk64f12.o(RESET)
 <LI><a href="#[89]">UART3_ERR_DriverIRQHandler</a> from startup_mk64f12.o(.text) referenced from startup_mk64f12.o(.text)
 <LI><a href="#[37]">UART3_ERR_IRQHandler</a> from startup_mk64f12.o(.text) referenced from startup_mk64f12.o(RESET)
 <LI><a href="#[88]">UART3_RX_TX_DriverIRQHandler</a> from fsl_uart.o(i.UART3_RX_TX_DriverIRQHandler) referenced from startup_mk64f12.o(.text)
 <LI><a href="#[36]">UART3_RX_TX_IRQHandler</a> from startup_mk64f12.o(.text) referenced from startup_mk64f12.o(RESET)
 <LI><a href="#[8c]">UART4_ERR_DriverIRQHandler</a> from startup_mk64f12.o(.text) referenced from startup_mk64f12.o(.text)
 <LI><a href="#[54]">UART4_ERR_IRQHandler</a> from startup_mk64f12.o(.text) referenced from startup_mk64f12.o(RESET)
 <LI><a href="#[8b]">UART4_RX_TX_DriverIRQHandler</a> from fsl_uart.o(i.UART4_RX_TX_DriverIRQHandler) referenced from startup_mk64f12.o(.text)
 <LI><a href="#[53]">UART4_RX_TX_IRQHandler</a> from startup_mk64f12.o(.text) referenced from startup_mk64f12.o(RESET)
 <LI><a href="#[8e]">UART5_ERR_DriverIRQHandler</a> from startup_mk64f12.o(.text) referenced from startup_mk64f12.o(.text)
 <LI><a href="#[56]">UART5_ERR_IRQHandler</a> from startup_mk64f12.o(.text) referenced from startup_mk64f12.o(RESET)
 <LI><a href="#[8d]">UART5_RX_TX_DriverIRQHandler</a> from fsl_uart.o(i.UART5_RX_TX_DriverIRQHandler) referenced from startup_mk64f12.o(.text)
 <LI><a href="#[55]">UART5_RX_TX_IRQHandler</a> from startup_mk64f12.o(.text) referenced from startup_mk64f12.o(RESET)
 <LI><a href="#[46]">USB0_IRQHandler</a> from startup_mk64f12.o(.text) referenced from startup_mk64f12.o(RESET)
 <LI><a href="#[47]">USBDCD_IRQHandler</a> from startup_mk64f12.o(.text) referenced from startup_mk64f12.o(RESET)
 <LI><a href="#[c]">UsageFault_Handler</a> from startup_mk64f12.o(.text) referenced from startup_mk64f12.o(RESET)
 <LI><a href="#[27]">WDOG_EWM_IRQHandler</a> from startup_mk64f12.o(.text) referenced from startup_mk64f12.o(RESET)
 <LI><a href="#[9a]">__main</a> from __main.o(!!!main) referenced from startup_mk64f12.o(.text)
 <LI><a href="#[97]">_printf_input_char</a> from _printf_char_common.o(.text) referenced from _printf_char_common.o(.text)
 <LI><a href="#[96]">_sputc</a> from _sputc.o(.text) referenced from noretval__2sprintf.o(.text)
 <LI><a href="#[98]">fputc</a> from fsl_debug_console.o(i.fputc) referenced from _printf_char_file.o(.text)
</UL>
<P>
<H3>
Global Symbols
</H3>
<P><STRONG><a name="[9a]"></a>__main</STRONG> (Thumb, 8 bytes, Stack size 0 bytes, __main.o(!!!main))
<BR><BR>[Calls]<UL><LI><a href="#[9b]">&gt;&gt;</a>&nbsp;&nbsp;&nbsp;__scatterload
<LI><a href="#[9c]">&gt;&gt;</a>&nbsp;&nbsp;&nbsp;__rt_entry
</UL>

<P><STRONG><a name="[9b]"></a>__scatterload</STRONG> (Thumb, 0 bytes, Stack size unknown bytes, __scatter.o(!!!scatter))
<BR><BR>[Called By]<UL><LI><a href="#[9a]">&gt;&gt;</a>&nbsp;&nbsp;&nbsp;__main
</UL>

<P><STRONG><a name="[9d]"></a>__scatterload_rt2</STRONG> (Thumb, 44 bytes, Stack size unknown bytes, __scatter.o(!!!scatter), UNUSED)
<BR><BR>[Calls]<UL><LI><a href="#[9c]">&gt;&gt;</a>&nbsp;&nbsp;&nbsp;__rt_entry
</UL>

<P><STRONG><a name="[11f]"></a>__scatterload_rt2_thumb_only</STRONG> (Thumb, 0 bytes, Stack size unknown bytes, __scatter.o(!!!scatter), UNUSED)

<P><STRONG><a name="[120]"></a>__scatterload_null</STRONG> (Thumb, 0 bytes, Stack size unknown bytes, __scatter.o(!!!scatter), UNUSED)

<P><STRONG><a name="[9e]"></a>__scatterload_copy</STRONG> (Thumb, 26 bytes, Stack size unknown bytes, __scatter_copy.o(!!handler_copy), UNUSED)
<BR><BR>[Calls]<UL><LI><a href="#[9e]">&gt;&gt;</a>&nbsp;&nbsp;&nbsp;__scatterload_copy
</UL>
<BR>[Called By]<UL><LI><a href="#[9e]">&gt;&gt;</a>&nbsp;&nbsp;&nbsp;__scatterload_copy
</UL>

<P><STRONG><a name="[121]"></a>__scatterload_zeroinit</STRONG> (Thumb, 28 bytes, Stack size unknown bytes, __scatter_zi.o(!!handler_zi), UNUSED)

<P><STRONG><a name="[9f]"></a>_printf_d</STRONG> (Thumb, 0 bytes, Stack size unknown bytes, _printf_d.o(.ARM.Collect$$_printf_percent$$00000009))
<BR><BR>[Stack]<UL><LI>Max Depth = 72 + Unknown Stack Size
<LI>Call Chain = _printf_d &rArr; _printf_int_dec &rArr; _printf_int_common &rArr; _printf_post_padding
</UL>
<BR>[Calls]<UL><LI><a href="#[a0]">&gt;&gt;</a>&nbsp;&nbsp;&nbsp;_printf_int_dec
</UL>

<P><STRONG><a name="[ba]"></a>_printf_percent</STRONG> (Thumb, 0 bytes, Stack size unknown bytes, _printf_percent.o(.ARM.Collect$$_printf_percent$$00000000))
<BR><BR>[Called By]<UL><LI><a href="#[b8]">&gt;&gt;</a>&nbsp;&nbsp;&nbsp;__printf
</UL>

<P><STRONG><a name="[a1]"></a>_printf_x</STRONG> (Thumb, 0 bytes, Stack size unknown bytes, _printf_x.o(.ARM.Collect$$_printf_percent$$0000000C))
<BR><BR>[Stack]<UL><LI>Max Depth = 64 + Unknown Stack Size
<LI>Call Chain = _printf_x &rArr; _printf_int_hex &rArr; _printf_int_common &rArr; _printf_post_padding
</UL>
<BR>[Calls]<UL><LI><a href="#[a2]">&gt;&gt;</a>&nbsp;&nbsp;&nbsp;_printf_int_hex
</UL>

<P><STRONG><a name="[a3]"></a>_printf_s</STRONG> (Thumb, 0 bytes, Stack size unknown bytes, _printf_s.o(.ARM.Collect$$_printf_percent$$00000014))
<BR><BR>[Stack]<UL><LI>Max Depth = 40 + Unknown Stack Size
<LI>Call Chain = _printf_s &rArr; _printf_string &rArr; _printf_cs_common &rArr; _printf_str &rArr; _printf_post_padding
</UL>
<BR>[Calls]<UL><LI><a href="#[a4]">&gt;&gt;</a>&nbsp;&nbsp;&nbsp;_printf_string
</UL>

<P><STRONG><a name="[122]"></a>_printf_percent_end</STRONG> (Thumb, 0 bytes, Stack size unknown bytes, _printf_percent_end.o(.ARM.Collect$$_printf_percent$$00000017))

<P><STRONG><a name="[a8]"></a>__rt_lib_init</STRONG> (Thumb, 0 bytes, Stack size unknown bytes, libinit.o(.ARM.Collect$$libinit$$00000000))
<BR><BR>[Called By]<UL><LI><a href="#[a7]">&gt;&gt;</a>&nbsp;&nbsp;&nbsp;__rt_entry_li
</UL>

<P><STRONG><a name="[a5]"></a>__rt_lib_init_fp_1</STRONG> (Thumb, 0 bytes, Stack size unknown bytes, libinit2.o(.ARM.Collect$$libinit$$00000001))
<BR><BR>[Calls]<UL><LI><a href="#[a6]">&gt;&gt;</a>&nbsp;&nbsp;&nbsp;_fp_init
</UL>

<P><STRONG><a name="[123]"></a>__rt_lib_init_alloca_1</STRONG> (Thumb, 0 bytes, Stack size unknown bytes, libinit2.o(.ARM.Collect$$libinit$$0000002E))

<P><STRONG><a name="[124]"></a>__rt_lib_init_argv_1</STRONG> (Thumb, 0 bytes, Stack size unknown bytes, libinit2.o(.ARM.Collect$$libinit$$0000002C))

<P><STRONG><a name="[125]"></a>__rt_lib_init_atexit_1</STRONG> (Thumb, 0 bytes, Stack size unknown bytes, libinit2.o(.ARM.Collect$$libinit$$0000001B))

<P><STRONG><a name="[126]"></a>__rt_lib_init_clock_1</STRONG> (Thumb, 0 bytes, Stack size unknown bytes, libinit2.o(.ARM.Collect$$libinit$$00000021))

<P><STRONG><a name="[127]"></a>__rt_lib_init_cpp_1</STRONG> (Thumb, 0 bytes, Stack size unknown bytes, libinit2.o(.ARM.Collect$$libinit$$00000032))

<P><STRONG><a name="[128]"></a>__rt_lib_init_exceptions_1</STRONG> (Thumb, 0 bytes, Stack size unknown bytes, libinit2.o(.ARM.Collect$$libinit$$00000030))

<P><STRONG><a name="[129]"></a>__rt_lib_init_fp_trap_1</STRONG> (Thumb, 0 bytes, Stack size unknown bytes, libinit2.o(.ARM.Collect$$libinit$$0000001F))

<P><STRONG><a name="[12a]"></a>__rt_lib_init_getenv_1</STRONG> (Thumb, 0 bytes, Stack size unknown bytes, libinit2.o(.ARM.Collect$$libinit$$00000023))

<P><STRONG><a name="[12b]"></a>__rt_lib_init_heap_1</STRONG> (Thumb, 0 bytes, Stack size unknown bytes, libinit2.o(.ARM.Collect$$libinit$$0000000A))

<P><STRONG><a name="[12c]"></a>__rt_lib_init_lc_collate_1</STRONG> (Thumb, 0 bytes, Stack size unknown bytes, libinit2.o(.ARM.Collect$$libinit$$00000011))

<P><STRONG><a name="[12d]"></a>__rt_lib_init_lc_ctype_1</STRONG> (Thumb, 0 bytes, Stack size unknown bytes, libinit2.o(.ARM.Collect$$libinit$$00000013))

<P><STRONG><a name="[12e]"></a>__rt_lib_init_lc_monetary_1</STRONG> (Thumb, 0 bytes, Stack size unknown bytes, libinit2.o(.ARM.Collect$$libinit$$00000015))

<P><STRONG><a name="[12f]"></a>__rt_lib_init_lc_numeric_1</STRONG> (Thumb, 0 bytes, Stack size unknown bytes, libinit2.o(.ARM.Collect$$libinit$$00000017))

<P><STRONG><a name="[130]"></a>__rt_lib_init_lc_time_1</STRONG> (Thumb, 0 bytes, Stack size unknown bytes, libinit2.o(.ARM.Collect$$libinit$$00000019))

<P><STRONG><a name="[131]"></a>__rt_lib_init_preinit_1</STRONG> (Thumb, 0 bytes, Stack size unknown bytes, libinit2.o(.ARM.Collect$$libinit$$00000004))

<P><STRONG><a name="[132]"></a>__rt_lib_init_rand_1</STRONG> (Thumb, 0 bytes, Stack size unknown bytes, libinit2.o(.ARM.Collect$$libinit$$0000000E))

<P><STRONG><a name="[133]"></a>__rt_lib_init_return</STRONG> (Thumb, 0 bytes, Stack size unknown bytes, libinit2.o(.ARM.Collect$$libinit$$00000033))

<P><STRONG><a name="[134]"></a>__rt_lib_init_signal_1</STRONG> (Thumb, 0 bytes, Stack size unknown bytes, libinit2.o(.ARM.Collect$$libinit$$0000001D))

<P><STRONG><a name="[135]"></a>__rt_lib_init_stdio_1</STRONG> (Thumb, 0 bytes, Stack size unknown bytes, libinit2.o(.ARM.Collect$$libinit$$00000025))

<P><STRONG><a name="[136]"></a>__rt_lib_init_user_alloc_1</STRONG> (Thumb, 0 bytes, Stack size unknown bytes, libinit2.o(.ARM.Collect$$libinit$$0000000C))

<P><STRONG><a name="[ad]"></a>__rt_lib_shutdown</STRONG> (Thumb, 0 bytes, Stack size unknown bytes, libshutdown.o(.ARM.Collect$$libshutdown$$00000000))
<BR><BR>[Called By]<UL><LI><a href="#[ac]">&gt;&gt;</a>&nbsp;&nbsp;&nbsp;__rt_exit_ls
</UL>

<P><STRONG><a name="[137]"></a>__rt_lib_shutdown_cpp_1</STRONG> (Thumb, 0 bytes, Stack size unknown bytes, libshutdown2.o(.ARM.Collect$$libshutdown$$00000002))

<P><STRONG><a name="[138]"></a>__rt_lib_shutdown_fp_trap_1</STRONG> (Thumb, 0 bytes, Stack size unknown bytes, libshutdown2.o(.ARM.Collect$$libshutdown$$00000007))

<P><STRONG><a name="[139]"></a>__rt_lib_shutdown_heap_1</STRONG> (Thumb, 0 bytes, Stack size unknown bytes, libshutdown2.o(.ARM.Collect$$libshutdown$$0000000F))

<P><STRONG><a name="[13a]"></a>__rt_lib_shutdown_return</STRONG> (Thumb, 0 bytes, Stack size unknown bytes, libshutdown2.o(.ARM.Collect$$libshutdown$$00000010))

<P><STRONG><a name="[13b]"></a>__rt_lib_shutdown_signal_1</STRONG> (Thumb, 0 bytes, Stack size unknown bytes, libshutdown2.o(.ARM.Collect$$libshutdown$$0000000A))

<P><STRONG><a name="[13c]"></a>__rt_lib_shutdown_stdio_1</STRONG> (Thumb, 0 bytes, Stack size unknown bytes, libshutdown2.o(.ARM.Collect$$libshutdown$$00000004))

<P><STRONG><a name="[13d]"></a>__rt_lib_shutdown_user_alloc_1</STRONG> (Thumb, 0 bytes, Stack size unknown bytes, libshutdown2.o(.ARM.Collect$$libshutdown$$0000000C))

<P><STRONG><a name="[9c]"></a>__rt_entry</STRONG> (Thumb, 0 bytes, Stack size unknown bytes, __rtentry.o(.ARM.Collect$$rtentry$$00000000))
<BR><BR>[Called By]<UL><LI><a href="#[9d]">&gt;&gt;</a>&nbsp;&nbsp;&nbsp;__scatterload_rt2
<LI><a href="#[9a]">&gt;&gt;</a>&nbsp;&nbsp;&nbsp;__main
</UL>

<P><STRONG><a name="[13e]"></a>__rt_entry_presh_1</STRONG> (Thumb, 0 bytes, Stack size unknown bytes, __rtentry2.o(.ARM.Collect$$rtentry$$00000002))

<P><STRONG><a name="[13f]"></a>__rt_entry_sh</STRONG> (Thumb, 0 bytes, Stack size unknown bytes, __rtentry7.o(.ARM.Collect$$rtentry$$00000007))

<P><STRONG><a name="[a7]"></a>__rt_entry_li</STRONG> (Thumb, 0 bytes, Stack size unknown bytes, __rtentry2.o(.ARM.Collect$$rtentry$$0000000A))
<BR><BR>[Calls]<UL><LI><a href="#[a8]">&gt;&gt;</a>&nbsp;&nbsp;&nbsp;__rt_lib_init
</UL>

<P><STRONG><a name="[140]"></a>__rt_entry_postsh_1</STRONG> (Thumb, 0 bytes, Stack size unknown bytes, __rtentry2.o(.ARM.Collect$$rtentry$$00000009))

<P><STRONG><a name="[a9]"></a>__rt_entry_main</STRONG> (Thumb, 0 bytes, Stack size unknown bytes, __rtentry2.o(.ARM.Collect$$rtentry$$0000000D))
<BR><BR>[Stack]<UL><LI>Max Depth = 772 + Unknown Stack Size
<LI>Call Chain = __rt_entry_main &rArr; main &rArr; BOARD_InitDebugConsole &rArr; DbgConsole_Init &rArr; LOG_Init &rArr; IO_Init &rArr; UART_Init &rArr; UART_GetInstance &rArr; __aeabi_assert &rArr; DbgConsole_Printf &rArr;  LOG_Push (Cycle)
</UL>
<BR>[Calls]<UL><LI><a href="#[aa]">&gt;&gt;</a>&nbsp;&nbsp;&nbsp;main
<LI><a href="#[ab]">&gt;&gt;</a>&nbsp;&nbsp;&nbsp;exit
</UL>

<P><STRONG><a name="[141]"></a>__rt_entry_postli_1</STRONG> (Thumb, 0 bytes, Stack size unknown bytes, __rtentry2.o(.ARM.Collect$$rtentry$$0000000C))

<P><STRONG><a name="[c0]"></a>__rt_exit</STRONG> (Thumb, 0 bytes, Stack size unknown bytes, rtexit.o(.ARM.Collect$$rtexit$$00000000))
<BR><BR>[Called By]<UL><LI><a href="#[ab]">&gt;&gt;</a>&nbsp;&nbsp;&nbsp;exit
</UL>

<P><STRONG><a name="[ac]"></a>__rt_exit_ls</STRONG> (Thumb, 0 bytes, Stack size unknown bytes, rtexit2.o(.ARM.Collect$$rtexit$$00000003))
<BR><BR>[Calls]<UL><LI><a href="#[ad]">&gt;&gt;</a>&nbsp;&nbsp;&nbsp;__rt_lib_shutdown
</UL>

<P><STRONG><a name="[142]"></a>__rt_exit_prels_1</STRONG> (Thumb, 0 bytes, Stack size unknown bytes, rtexit2.o(.ARM.Collect$$rtexit$$00000002))

<P><STRONG><a name="[ae]"></a>__rt_exit_exit</STRONG> (Thumb, 0 bytes, Stack size unknown bytes, rtexit2.o(.ARM.Collect$$rtexit$$00000004))
<BR><BR>[Calls]<UL><LI><a href="#[af]">&gt;&gt;</a>&nbsp;&nbsp;&nbsp;_sys_exit
</UL>

<P><STRONG><a name="[7]"></a>Reset_Handler</STRONG> (Thumb, 24 bytes, Stack size 0 bytes, startup_mk64f12.o(.text))
<BR>[Address Reference Count : 1]<UL><LI> startup_mk64f12.o(RESET)
</UL>
<P><STRONG><a name="[8]"></a>NMI_Handler</STRONG> (Thumb, 2 bytes, Stack size 0 bytes, startup_mk64f12.o(.text))
<BR><BR>[Calls]<UL><LI><a href="#[8]">&gt;&gt;</a>&nbsp;&nbsp;&nbsp;NMI_Handler
</UL>
<BR>[Called By]<UL><LI><a href="#[8]">&gt;&gt;</a>&nbsp;&nbsp;&nbsp;NMI_Handler
</UL>
<BR>[Address Reference Count : 1]<UL><LI> startup_mk64f12.o(RESET)
</UL>
<P><STRONG><a name="[9]"></a>HardFault_Handler</STRONG> (Thumb, 2 bytes, Stack size 0 bytes, startup_mk64f12.o(.text))
<BR><BR>[Calls]<UL><LI><a href="#[9]">&gt;&gt;</a>&nbsp;&nbsp;&nbsp;HardFault_Handler
</UL>
<BR>[Called By]<UL><LI><a href="#[9]">&gt;&gt;</a>&nbsp;&nbsp;&nbsp;HardFault_Handler
</UL>
<BR>[Address Reference Count : 1]<UL><LI> startup_mk64f12.o(RESET)
</UL>
<P><STRONG><a name="[a]"></a>MemManage_Handler</STRONG> (Thumb, 2 bytes, Stack size 0 bytes, startup_mk64f12.o(.text))
<BR><BR>[Calls]<UL><LI><a href="#[a]">&gt;&gt;</a>&nbsp;&nbsp;&nbsp;MemManage_Handler
</UL>
<BR>[Called By]<UL><LI><a href="#[a]">&gt;&gt;</a>&nbsp;&nbsp;&nbsp;MemManage_Handler
</UL>
<BR>[Address Reference Count : 1]<UL><LI> startup_mk64f12.o(RESET)
</UL>
<P><STRONG><a name="[b]"></a>BusFault_Handler</STRONG> (Thumb, 2 bytes, Stack size 0 bytes, startup_mk64f12.o(.text))
<BR><BR>[Calls]<UL><LI><a href="#[b]">&gt;&gt;</a>&nbsp;&nbsp;&nbsp;BusFault_Handler
</UL>
<BR>[Called By]<UL><LI><a href="#[b]">&gt;&gt;</a>&nbsp;&nbsp;&nbsp;BusFault_Handler
</UL>
<BR>[Address Reference Count : 1]<UL><LI> startup_mk64f12.o(RESET)
</UL>
<P><STRONG><a name="[c]"></a>UsageFault_Handler</STRONG> (Thumb, 2 bytes, Stack size 0 bytes, startup_mk64f12.o(.text))
<BR><BR>[Calls]<UL><LI><a href="#[c]">&gt;&gt;</a>&nbsp;&nbsp;&nbsp;UsageFault_Handler
</UL>
<BR>[Called By]<UL><LI><a href="#[c]">&gt;&gt;</a>&nbsp;&nbsp;&nbsp;UsageFault_Handler
</UL>
<BR>[Address Reference Count : 1]<UL><LI> startup_mk64f12.o(RESET)
</UL>
<P><STRONG><a name="[d]"></a>SVC_Handler</STRONG> (Thumb, 2 bytes, Stack size 0 bytes, startup_mk64f12.o(.text))
<BR><BR>[Calls]<UL><LI><a href="#[d]">&gt;&gt;</a>&nbsp;&nbsp;&nbsp;SVC_Handler
</UL>
<BR>[Called By]<UL><LI><a href="#[d]">&gt;&gt;</a>&nbsp;&nbsp;&nbsp;SVC_Handler
</UL>
<BR>[Address Reference Count : 1]<UL><LI> startup_mk64f12.o(RESET)
</UL>
<P><STRONG><a name="[e]"></a>DebugMon_Handler</STRONG> (Thumb, 2 bytes, Stack size 0 bytes, startup_mk64f12.o(.text))
<BR><BR>[Calls]<UL><LI><a href="#[e]">&gt;&gt;</a>&nbsp;&nbsp;&nbsp;DebugMon_Handler
</UL>
<BR>[Called By]<UL><LI><a href="#[e]">&gt;&gt;</a>&nbsp;&nbsp;&nbsp;DebugMon_Handler
</UL>
<BR>[Address Reference Count : 1]<UL><LI> startup_mk64f12.o(RESET)
</UL>
<P><STRONG><a name="[f]"></a>PendSV_Handler</STRONG> (Thumb, 2 bytes, Stack size 0 bytes, startup_mk64f12.o(.text))
<BR><BR>[Calls]<UL><LI><a href="#[f]">&gt;&gt;</a>&nbsp;&nbsp;&nbsp;PendSV_Handler
</UL>
<BR>[Called By]<UL><LI><a href="#[f]">&gt;&gt;</a>&nbsp;&nbsp;&nbsp;PendSV_Handler
</UL>
<BR>[Address Reference Count : 1]<UL><LI> startup_mk64f12.o(RESET)
</UL>
<P><STRONG><a name="[10]"></a>SysTick_Handler</STRONG> (Thumb, 2 bytes, Stack size 0 bytes, startup_mk64f12.o(.text))
<BR><BR>[Calls]<UL><LI><a href="#[10]">&gt;&gt;</a>&nbsp;&nbsp;&nbsp;SysTick_Handler
</UL>
<BR>[Called By]<UL><LI><a href="#[10]">&gt;&gt;</a>&nbsp;&nbsp;&nbsp;SysTick_Handler
</UL>
<BR>[Address Reference Count : 1]<UL><LI> startup_mk64f12.o(RESET)
</UL>
<P><STRONG><a name="[11]"></a>DMA0_IRQHandler</STRONG> (Thumb, 4 bytes, Stack size 0 bytes, startup_mk64f12.o(.text))
<BR>[Address Reference Count : 1]<UL><LI> startup_mk64f12.o(RESET)
</UL>
<P><STRONG><a name="[12]"></a>DMA1_IRQHandler</STRONG> (Thumb, 4 bytes, Stack size 0 bytes, startup_mk64f12.o(.text))
<BR>[Address Reference Count : 1]<UL><LI> startup_mk64f12.o(RESET)
</UL>
<P><STRONG><a name="[13]"></a>DMA2_IRQHandler</STRONG> (Thumb, 4 bytes, Stack size 0 bytes, startup_mk64f12.o(.text))
<BR>[Address Reference Count : 1]<UL><LI> startup_mk64f12.o(RESET)
</UL>
<P><STRONG><a name="[14]"></a>DMA3_IRQHandler</STRONG> (Thumb, 4 bytes, Stack size 0 bytes, startup_mk64f12.o(.text))
<BR>[Address Reference Count : 1]<UL><LI> startup_mk64f12.o(RESET)
</UL>
<P><STRONG><a name="[15]"></a>DMA4_IRQHandler</STRONG> (Thumb, 4 bytes, Stack size 0 bytes, startup_mk64f12.o(.text))
<BR>[Address Reference Count : 1]<UL><LI> startup_mk64f12.o(RESET)
</UL>
<P><STRONG><a name="[16]"></a>DMA5_IRQHandler</STRONG> (Thumb, 4 bytes, Stack size 0 bytes, startup_mk64f12.o(.text))
<BR>[Address Reference Count : 1]<UL><LI> startup_mk64f12.o(RESET)
</UL>
<P><STRONG><a name="[17]"></a>DMA6_IRQHandler</STRONG> (Thumb, 4 bytes, Stack size 0 bytes, startup_mk64f12.o(.text))
<BR>[Address Reference Count : 1]<UL><LI> startup_mk64f12.o(RESET)
</UL>
<P><STRONG><a name="[18]"></a>DMA7_IRQHandler</STRONG> (Thumb, 4 bytes, Stack size 0 bytes, startup_mk64f12.o(.text))
<BR>[Address Reference Count : 1]<UL><LI> startup_mk64f12.o(RESET)
</UL>
<P><STRONG><a name="[19]"></a>DMA8_IRQHandler</STRONG> (Thumb, 4 bytes, Stack size 0 bytes, startup_mk64f12.o(.text))
<BR>[Address Reference Count : 1]<UL><LI> startup_mk64f12.o(RESET)
</UL>
<P><STRONG><a name="[1a]"></a>DMA9_IRQHandler</STRONG> (Thumb, 4 bytes, Stack size 0 bytes, startup_mk64f12.o(.text))
<BR>[Address Reference Count : 1]<UL><LI> startup_mk64f12.o(RESET)
</UL>
<P><STRONG><a name="[1b]"></a>DMA10_IRQHandler</STRONG> (Thumb, 4 bytes, Stack size 0 bytes, startup_mk64f12.o(.text))
<BR>[Address Reference Count : 1]<UL><LI> startup_mk64f12.o(RESET)
</UL>
<P><STRONG><a name="[1c]"></a>DMA11_IRQHandler</STRONG> (Thumb, 4 bytes, Stack size 0 bytes, startup_mk64f12.o(.text))
<BR>[Address Reference Count : 1]<UL><LI> startup_mk64f12.o(RESET)
</UL>
<P><STRONG><a name="[1d]"></a>DMA12_IRQHandler</STRONG> (Thumb, 4 bytes, Stack size 0 bytes, startup_mk64f12.o(.text))
<BR>[Address Reference Count : 1]<UL><LI> startup_mk64f12.o(RESET)
</UL>
<P><STRONG><a name="[1e]"></a>DMA13_IRQHandler</STRONG> (Thumb, 4 bytes, Stack size 0 bytes, startup_mk64f12.o(.text))
<BR>[Address Reference Count : 1]<UL><LI> startup_mk64f12.o(RESET)
</UL>
<P><STRONG><a name="[1f]"></a>DMA14_IRQHandler</STRONG> (Thumb, 4 bytes, Stack size 0 bytes, startup_mk64f12.o(.text))
<BR>[Address Reference Count : 1]<UL><LI> startup_mk64f12.o(RESET)
</UL>
<P><STRONG><a name="[20]"></a>DMA15_IRQHandler</STRONG> (Thumb, 4 bytes, Stack size 0 bytes, startup_mk64f12.o(.text))
<BR>[Address Reference Count : 1]<UL><LI> startup_mk64f12.o(RESET)
</UL>
<P><STRONG><a name="[21]"></a>DMA_Error_IRQHandler</STRONG> (Thumb, 4 bytes, Stack size 0 bytes, startup_mk64f12.o(.text))
<BR>[Address Reference Count : 1]<UL><LI> startup_mk64f12.o(RESET)
</UL>
<P><STRONG><a name="[29]"></a>I2C0_IRQHandler</STRONG> (Thumb, 4 bytes, Stack size 0 bytes, startup_mk64f12.o(.text))
<BR>[Address Reference Count : 1]<UL><LI> startup_mk64f12.o(RESET)
</UL>
<P><STRONG><a name="[2a]"></a>I2C1_IRQHandler</STRONG> (Thumb, 4 bytes, Stack size 0 bytes, startup_mk64f12.o(.text))
<BR>[Address Reference Count : 1]<UL><LI> startup_mk64f12.o(RESET)
</UL>
<P><STRONG><a name="[2b]"></a>SPI0_IRQHandler</STRONG> (Thumb, 4 bytes, Stack size 0 bytes, startup_mk64f12.o(.text))
<BR>[Address Reference Count : 1]<UL><LI> startup_mk64f12.o(RESET)
</UL>
<P><STRONG><a name="[2c]"></a>SPI1_IRQHandler</STRONG> (Thumb, 4 bytes, Stack size 0 bytes, startup_mk64f12.o(.text))
<BR>[Address Reference Count : 1]<UL><LI> startup_mk64f12.o(RESET)
</UL>
<P><STRONG><a name="[2d]"></a>I2S0_Tx_IRQHandler</STRONG> (Thumb, 4 bytes, Stack size 0 bytes, startup_mk64f12.o(.text))
<BR>[Address Reference Count : 1]<UL><LI> startup_mk64f12.o(RESET)
</UL>
<P><STRONG><a name="[2e]"></a>I2S0_Rx_IRQHandler</STRONG> (Thumb, 4 bytes, Stack size 0 bytes, startup_mk64f12.o(.text))
<BR>[Address Reference Count : 1]<UL><LI> startup_mk64f12.o(RESET)
</UL>
<P><STRONG><a name="[2f]"></a>UART0_LON_IRQHandler</STRONG> (Thumb, 4 bytes, Stack size 0 bytes, startup_mk64f12.o(.text))
<BR>[Address Reference Count : 1]<UL><LI> startup_mk64f12.o(RESET)
</UL>
<P><STRONG><a name="[30]"></a>UART0_RX_TX_IRQHandler</STRONG> (Thumb, 4 bytes, Stack size 0 bytes, startup_mk64f12.o(.text))
<BR>[Address Reference Count : 1]<UL><LI> startup_mk64f12.o(RESET)
</UL>
<P><STRONG><a name="[31]"></a>UART0_ERR_IRQHandler</STRONG> (Thumb, 4 bytes, Stack size 0 bytes, startup_mk64f12.o(.text))
<BR>[Address Reference Count : 1]<UL><LI> startup_mk64f12.o(RESET)
</UL>
<P><STRONG><a name="[32]"></a>UART1_RX_TX_IRQHandler</STRONG> (Thumb, 4 bytes, Stack size 0 bytes, startup_mk64f12.o(.text))
<BR>[Address Reference Count : 1]<UL><LI> startup_mk64f12.o(RESET)
</UL>
<P><STRONG><a name="[33]"></a>UART1_ERR_IRQHandler</STRONG> (Thumb, 4 bytes, Stack size 0 bytes, startup_mk64f12.o(.text))
<BR>[Address Reference Count : 1]<UL><LI> startup_mk64f12.o(RESET)
</UL>
<P><STRONG><a name="[34]"></a>UART2_RX_TX_IRQHandler</STRONG> (Thumb, 4 bytes, Stack size 0 bytes, startup_mk64f12.o(.text))
<BR>[Address Reference Count : 1]<UL><LI> startup_mk64f12.o(RESET)
</UL>
<P><STRONG><a name="[35]"></a>UART2_ERR_IRQHandler</STRONG> (Thumb, 4 bytes, Stack size 0 bytes, startup_mk64f12.o(.text))
<BR>[Address Reference Count : 1]<UL><LI> startup_mk64f12.o(RESET)
</UL>
<P><STRONG><a name="[36]"></a>UART3_RX_TX_IRQHandler</STRONG> (Thumb, 4 bytes, Stack size 0 bytes, startup_mk64f12.o(.text))
<BR>[Address Reference Count : 1]<UL><LI> startup_mk64f12.o(RESET)
</UL>
<P><STRONG><a name="[37]"></a>UART3_ERR_IRQHandler</STRONG> (Thumb, 4 bytes, Stack size 0 bytes, startup_mk64f12.o(.text))
<BR>[Address Reference Count : 1]<UL><LI> startup_mk64f12.o(RESET)
</UL>
<P><STRONG><a name="[52]"></a>SPI2_IRQHandler</STRONG> (Thumb, 4 bytes, Stack size 0 bytes, startup_mk64f12.o(.text))
<BR>[Address Reference Count : 1]<UL><LI> startup_mk64f12.o(RESET)
</UL>
<P><STRONG><a name="[53]"></a>UART4_RX_TX_IRQHandler</STRONG> (Thumb, 4 bytes, Stack size 0 bytes, startup_mk64f12.o(.text))
<BR>[Address Reference Count : 1]<UL><LI> startup_mk64f12.o(RESET)
</UL>
<P><STRONG><a name="[54]"></a>UART4_ERR_IRQHandler</STRONG> (Thumb, 4 bytes, Stack size 0 bytes, startup_mk64f12.o(.text))
<BR>[Address Reference Count : 1]<UL><LI> startup_mk64f12.o(RESET)
</UL>
<P><STRONG><a name="[55]"></a>UART5_RX_TX_IRQHandler</STRONG> (Thumb, 4 bytes, Stack size 0 bytes, startup_mk64f12.o(.text))
<BR>[Address Reference Count : 1]<UL><LI> startup_mk64f12.o(RESET)
</UL>
<P><STRONG><a name="[56]"></a>UART5_ERR_IRQHandler</STRONG> (Thumb, 4 bytes, Stack size 0 bytes, startup_mk64f12.o(.text))
<BR>[Address Reference Count : 1]<UL><LI> startup_mk64f12.o(RESET)
</UL>
<P><STRONG><a name="[5b]"></a>I2C2_IRQHandler</STRONG> (Thumb, 4 bytes, Stack size 0 bytes, startup_mk64f12.o(.text))
<BR>[Address Reference Count : 1]<UL><LI> startup_mk64f12.o(RESET)
</UL>
<P><STRONG><a name="[5c]"></a>CAN0_ORed_Message_buffer_IRQHandler</STRONG> (Thumb, 4 bytes, Stack size 0 bytes, startup_mk64f12.o(.text))
<BR>[Address Reference Count : 1]<UL><LI> startup_mk64f12.o(RESET)
</UL>
<P><STRONG><a name="[5d]"></a>CAN0_Bus_Off_IRQHandler</STRONG> (Thumb, 4 bytes, Stack size 0 bytes, startup_mk64f12.o(.text))
<BR>[Address Reference Count : 1]<UL><LI> startup_mk64f12.o(RESET)
</UL>
<P><STRONG><a name="[5e]"></a>CAN0_Error_IRQHandler</STRONG> (Thumb, 4 bytes, Stack size 0 bytes, startup_mk64f12.o(.text))
<BR>[Address Reference Count : 1]<UL><LI> startup_mk64f12.o(RESET)
</UL>
<P><STRONG><a name="[5f]"></a>CAN0_Tx_Warning_IRQHandler</STRONG> (Thumb, 4 bytes, Stack size 0 bytes, startup_mk64f12.o(.text))
<BR>[Address Reference Count : 1]<UL><LI> startup_mk64f12.o(RESET)
</UL>
<P><STRONG><a name="[60]"></a>CAN0_Rx_Warning_IRQHandler</STRONG> (Thumb, 4 bytes, Stack size 0 bytes, startup_mk64f12.o(.text))
<BR>[Address Reference Count : 1]<UL><LI> startup_mk64f12.o(RESET)
</UL>
<P><STRONG><a name="[61]"></a>CAN0_Wake_Up_IRQHandler</STRONG> (Thumb, 4 bytes, Stack size 0 bytes, startup_mk64f12.o(.text))
<BR>[Address Reference Count : 1]<UL><LI> startup_mk64f12.o(RESET)
</UL>
<P><STRONG><a name="[62]"></a>SDHC_IRQHandler</STRONG> (Thumb, 4 bytes, Stack size 0 bytes, startup_mk64f12.o(.text))
<BR>[Address Reference Count : 1]<UL><LI> startup_mk64f12.o(RESET)
</UL>
<P><STRONG><a name="[63]"></a>ENET_1588_Timer_IRQHandler</STRONG> (Thumb, 4 bytes, Stack size 0 bytes, startup_mk64f12.o(.text))
<BR>[Address Reference Count : 1]<UL><LI> startup_mk64f12.o(RESET)
</UL>
<P><STRONG><a name="[64]"></a>ENET_Transmit_IRQHandler</STRONG> (Thumb, 4 bytes, Stack size 0 bytes, startup_mk64f12.o(.text))
<BR>[Address Reference Count : 1]<UL><LI> startup_mk64f12.o(RESET)
</UL>
<P><STRONG><a name="[65]"></a>ENET_Receive_IRQHandler</STRONG> (Thumb, 4 bytes, Stack size 0 bytes, startup_mk64f12.o(.text))
<BR>[Address Reference Count : 1]<UL><LI> startup_mk64f12.o(RESET)
</UL>
<P><STRONG><a name="[66]"></a>ENET_Error_IRQHandler</STRONG> (Thumb, 4 bytes, Stack size 0 bytes, startup_mk64f12.o(.text))
<BR>[Address Reference Count : 1]<UL><LI> startup_mk64f12.o(RESET)
</UL>
<P><STRONG><a name="[38]"></a>ADC0_IRQHandler</STRONG> (Thumb, 0 bytes, Stack size 0 bytes, startup_mk64f12.o(.text))
<BR>[Address Reference Count : 1]<UL><LI> startup_mk64f12.o(RESET)
</UL>
<P><STRONG><a name="[5a]"></a>ADC1_IRQHandler</STRONG> (Thumb, 0 bytes, Stack size 0 bytes, startup_mk64f12.o(.text))
<BR>[Address Reference Count : 1]<UL><LI> startup_mk64f12.o(RESET)
</UL>
<P><STRONG><a name="[90]"></a>CAN0_DriverIRQHandler</STRONG> (Thumb, 0 bytes, Stack size 0 bytes, startup_mk64f12.o(.text))
<BR>[Address Reference Count : 1]<UL><LI> startup_mk64f12.o(.text)
</UL>
<P><STRONG><a name="[39]"></a>CMP0_IRQHandler</STRONG> (Thumb, 0 bytes, Stack size 0 bytes, startup_mk64f12.o(.text))
<BR>[Address Reference Count : 1]<UL><LI> startup_mk64f12.o(RESET)
</UL>
<P><STRONG><a name="[3a]"></a>CMP1_IRQHandler</STRONG> (Thumb, 0 bytes, Stack size 0 bytes, startup_mk64f12.o(.text))
<BR>[Address Reference Count : 1]<UL><LI> startup_mk64f12.o(RESET)
</UL>
<P><STRONG><a name="[57]"></a>CMP2_IRQHandler</STRONG> (Thumb, 0 bytes, Stack size 0 bytes, startup_mk64f12.o(.text))
<BR>[Address Reference Count : 1]<UL><LI> startup_mk64f12.o(RESET)
</UL>
<P><STRONG><a name="[3e]"></a>CMT_IRQHandler</STRONG> (Thumb, 0 bytes, Stack size 0 bytes, startup_mk64f12.o(.text))
<BR>[Address Reference Count : 1]<UL><LI> startup_mk64f12.o(RESET)
</UL>
<P><STRONG><a name="[49]"></a>DAC0_IRQHandler</STRONG> (Thumb, 0 bytes, Stack size 0 bytes, startup_mk64f12.o(.text))
<BR>[Address Reference Count : 1]<UL><LI> startup_mk64f12.o(RESET)
</UL>
<P><STRONG><a name="[59]"></a>DAC1_IRQHandler</STRONG> (Thumb, 0 bytes, Stack size 0 bytes, startup_mk64f12.o(.text))
<BR>[Address Reference Count : 1]<UL><LI> startup_mk64f12.o(RESET)
</UL>
<P><STRONG><a name="[6a]"></a>DMA0_DriverIRQHandler</STRONG> (Thumb, 0 bytes, Stack size 0 bytes, startup_mk64f12.o(.text))
<BR>[Address Reference Count : 1]<UL><LI> startup_mk64f12.o(.text)
</UL>
<P><STRONG><a name="[74]"></a>DMA10_DriverIRQHandler</STRONG> (Thumb, 0 bytes, Stack size 0 bytes, startup_mk64f12.o(.text))
<BR>[Address Reference Count : 1]<UL><LI> startup_mk64f12.o(.text)
</UL>
<P><STRONG><a name="[75]"></a>DMA11_DriverIRQHandler</STRONG> (Thumb, 0 bytes, Stack size 0 bytes, startup_mk64f12.o(.text))
<BR>[Address Reference Count : 1]<UL><LI> startup_mk64f12.o(.text)
</UL>
<P><STRONG><a name="[76]"></a>DMA12_DriverIRQHandler</STRONG> (Thumb, 0 bytes, Stack size 0 bytes, startup_mk64f12.o(.text))
<BR>[Address Reference Count : 1]<UL><LI> startup_mk64f12.o(.text)
</UL>
<P><STRONG><a name="[77]"></a>DMA13_DriverIRQHandler</STRONG> (Thumb, 0 bytes, Stack size 0 bytes, startup_mk64f12.o(.text))
<BR>[Address Reference Count : 1]<UL><LI> startup_mk64f12.o(.text)
</UL>
<P><STRONG><a name="[78]"></a>DMA14_DriverIRQHandler</STRONG> (Thumb, 0 bytes, Stack size 0 bytes, startup_mk64f12.o(.text))
<BR>[Address Reference Count : 1]<UL><LI> startup_mk64f12.o(.text)
</UL>
<P><STRONG><a name="[79]"></a>DMA15_DriverIRQHandler</STRONG> (Thumb, 0 bytes, Stack size 0 bytes, startup_mk64f12.o(.text))
<BR>[Address Reference Count : 1]<UL><LI> startup_mk64f12.o(.text)
</UL>
<P><STRONG><a name="[6b]"></a>DMA1_DriverIRQHandler</STRONG> (Thumb, 0 bytes, Stack size 0 bytes, startup_mk64f12.o(.text))
<BR>[Address Reference Count : 1]<UL><LI> startup_mk64f12.o(.text)
</UL>
<P><STRONG><a name="[6c]"></a>DMA2_DriverIRQHandler</STRONG> (Thumb, 0 bytes, Stack size 0 bytes, startup_mk64f12.o(.text))
<BR>[Address Reference Count : 1]<UL><LI> startup_mk64f12.o(.text)
</UL>
<P><STRONG><a name="[6d]"></a>DMA3_DriverIRQHandler</STRONG> (Thumb, 0 bytes, Stack size 0 bytes, startup_mk64f12.o(.text))
<BR>[Address Reference Count : 1]<UL><LI> startup_mk64f12.o(.text)
</UL>
<P><STRONG><a name="[6e]"></a>DMA4_DriverIRQHandler</STRONG> (Thumb, 0 bytes, Stack size 0 bytes, startup_mk64f12.o(.text))
<BR>[Address Reference Count : 1]<UL><LI> startup_mk64f12.o(.text)
</UL>
<P><STRONG><a name="[6f]"></a>DMA5_DriverIRQHandler</STRONG> (Thumb, 0 bytes, Stack size 0 bytes, startup_mk64f12.o(.text))
<BR>[Address Reference Count : 1]<UL><LI> startup_mk64f12.o(.text)
</UL>
<P><STRONG><a name="[70]"></a>DMA6_DriverIRQHandler</STRONG> (Thumb, 0 bytes, Stack size 0 bytes, startup_mk64f12.o(.text))
<BR>[Address Reference Count : 1]<UL><LI> startup_mk64f12.o(.text)
</UL>
<P><STRONG><a name="[71]"></a>DMA7_DriverIRQHandler</STRONG> (Thumb, 0 bytes, Stack size 0 bytes, startup_mk64f12.o(.text))
<BR>[Address Reference Count : 1]<UL><LI> startup_mk64f12.o(.text)
</UL>
<P><STRONG><a name="[72]"></a>DMA8_DriverIRQHandler</STRONG> (Thumb, 0 bytes, Stack size 0 bytes, startup_mk64f12.o(.text))
<BR>[Address Reference Count : 1]<UL><LI> startup_mk64f12.o(.text)
</UL>
<P><STRONG><a name="[73]"></a>DMA9_DriverIRQHandler</STRONG> (Thumb, 0 bytes, Stack size 0 bytes, startup_mk64f12.o(.text))
<BR>[Address Reference Count : 1]<UL><LI> startup_mk64f12.o(.text)
</UL>
<P><STRONG><a name="[7a]"></a>DMA_Error_DriverIRQHandler</STRONG> (Thumb, 0 bytes, Stack size 0 bytes, startup_mk64f12.o(.text))
<BR>[Address Reference Count : 1]<UL><LI> startup_mk64f12.o(.text)
</UL>
<P><STRONG><a name="[67]"></a>DefaultISR</STRONG> (Thumb, 0 bytes, Stack size 0 bytes, startup_mk64f12.o(.text))
<BR>[Address Reference Count : 2]<UL><LI> startup_mk64f12.o(RESET)
<LI> startup_mk64f12.o(.text)
</UL>
<P><STRONG><a name="[92]"></a>ENET_1588_Timer_DriverIRQHandler</STRONG> (Thumb, 0 bytes, Stack size 0 bytes, startup_mk64f12.o(.text))
<BR>[Address Reference Count : 1]<UL><LI> startup_mk64f12.o(.text)
</UL>
<P><STRONG><a name="[95]"></a>ENET_Error_DriverIRQHandler</STRONG> (Thumb, 0 bytes, Stack size 0 bytes, startup_mk64f12.o(.text))
<BR>[Address Reference Count : 1]<UL><LI> startup_mk64f12.o(.text)
</UL>
<P><STRONG><a name="[94]"></a>ENET_Receive_DriverIRQHandler</STRONG> (Thumb, 0 bytes, Stack size 0 bytes, startup_mk64f12.o(.text))
<BR>[Address Reference Count : 1]<UL><LI> startup_mk64f12.o(.text)
</UL>
<P><STRONG><a name="[93]"></a>ENET_Transmit_DriverIRQHandler</STRONG> (Thumb, 0 bytes, Stack size 0 bytes, startup_mk64f12.o(.text))
<BR>[Address Reference Count : 1]<UL><LI> startup_mk64f12.o(.text)
</UL>
<P><STRONG><a name="[23]"></a>FTFE_IRQHandler</STRONG> (Thumb, 0 bytes, Stack size 0 bytes, startup_mk64f12.o(.text))
<BR>[Address Reference Count : 1]<UL><LI> startup_mk64f12.o(RESET)
</UL>
<P><STRONG><a name="[3b]"></a>FTM0_IRQHandler</STRONG> (Thumb, 0 bytes, Stack size 0 bytes, startup_mk64f12.o(.text))
<BR>[Address Reference Count : 1]<UL><LI> startup_mk64f12.o(RESET)
</UL>
<P><STRONG><a name="[3c]"></a>FTM1_IRQHandler</STRONG> (Thumb, 0 bytes, Stack size 0 bytes, startup_mk64f12.o(.text))
<BR>[Address Reference Count : 1]<UL><LI> startup_mk64f12.o(RESET)
</UL>
<P><STRONG><a name="[3d]"></a>FTM2_IRQHandler</STRONG> (Thumb, 0 bytes, Stack size 0 bytes, startup_mk64f12.o(.text))
<BR>[Address Reference Count : 1]<UL><LI> startup_mk64f12.o(RESET)
</UL>
<P><STRONG><a name="[58]"></a>FTM3_IRQHandler</STRONG> (Thumb, 0 bytes, Stack size 0 bytes, startup_mk64f12.o(.text))
<BR>[Address Reference Count : 1]<UL><LI> startup_mk64f12.o(RESET)
</UL>
<P><STRONG><a name="[7b]"></a>I2C0_DriverIRQHandler</STRONG> (Thumb, 0 bytes, Stack size 0 bytes, startup_mk64f12.o(.text))
<BR>[Address Reference Count : 1]<UL><LI> startup_mk64f12.o(.text)
</UL>
<P><STRONG><a name="[7c]"></a>I2C1_DriverIRQHandler</STRONG> (Thumb, 0 bytes, Stack size 0 bytes, startup_mk64f12.o(.text))
<BR>[Address Reference Count : 1]<UL><LI> startup_mk64f12.o(.text)
</UL>
<P><STRONG><a name="[8f]"></a>I2C2_DriverIRQHandler</STRONG> (Thumb, 0 bytes, Stack size 0 bytes, startup_mk64f12.o(.text))
<BR>[Address Reference Count : 1]<UL><LI> startup_mk64f12.o(.text)
</UL>
<P><STRONG><a name="[80]"></a>I2S0_Rx_DriverIRQHandler</STRONG> (Thumb, 0 bytes, Stack size 0 bytes, startup_mk64f12.o(.text))
<BR>[Address Reference Count : 1]<UL><LI> startup_mk64f12.o(.text)
</UL>
<P><STRONG><a name="[7f]"></a>I2S0_Tx_DriverIRQHandler</STRONG> (Thumb, 0 bytes, Stack size 0 bytes, startup_mk64f12.o(.text))
<BR>[Address Reference Count : 1]<UL><LI> startup_mk64f12.o(.text)
</UL>
<P><STRONG><a name="[26]"></a>LLWU_IRQHandler</STRONG> (Thumb, 0 bytes, Stack size 0 bytes, startup_mk64f12.o(.text))
<BR>[Address Reference Count : 1]<UL><LI> startup_mk64f12.o(RESET)
</UL>
<P><STRONG><a name="[4b]"></a>LPTMR0_IRQHandler</STRONG> (Thumb, 0 bytes, Stack size 0 bytes, startup_mk64f12.o(.text))
<BR>[Address Reference Count : 1]<UL><LI> startup_mk64f12.o(RESET)
</UL>
<P><STRONG><a name="[25]"></a>LVD_LVW_IRQHandler</STRONG> (Thumb, 0 bytes, Stack size 0 bytes, startup_mk64f12.o(.text))
<BR>[Address Reference Count : 1]<UL><LI> startup_mk64f12.o(RESET)
</UL>
<P><STRONG><a name="[4a]"></a>MCG_IRQHandler</STRONG> (Thumb, 0 bytes, Stack size 0 bytes, startup_mk64f12.o(.text))
<BR>[Address Reference Count : 1]<UL><LI> startup_mk64f12.o(RESET)
</UL>
<P><STRONG><a name="[22]"></a>MCM_IRQHandler</STRONG> (Thumb, 0 bytes, Stack size 0 bytes, startup_mk64f12.o(.text))
<BR>[Address Reference Count : 1]<UL><LI> startup_mk64f12.o(RESET)
</UL>
<P><STRONG><a name="[45]"></a>PDB0_IRQHandler</STRONG> (Thumb, 0 bytes, Stack size 0 bytes, startup_mk64f12.o(.text))
<BR>[Address Reference Count : 1]<UL><LI> startup_mk64f12.o(RESET)
</UL>
<P><STRONG><a name="[41]"></a>PIT0_IRQHandler</STRONG> (Thumb, 0 bytes, Stack size 0 bytes, startup_mk64f12.o(.text))
<BR>[Address Reference Count : 1]<UL><LI> startup_mk64f12.o(RESET)
</UL>
<P><STRONG><a name="[42]"></a>PIT1_IRQHandler</STRONG> (Thumb, 0 bytes, Stack size 0 bytes, startup_mk64f12.o(.text))
<BR>[Address Reference Count : 1]<UL><LI> startup_mk64f12.o(RESET)
</UL>
<P><STRONG><a name="[43]"></a>PIT2_IRQHandler</STRONG> (Thumb, 0 bytes, Stack size 0 bytes, startup_mk64f12.o(.text))
<BR>[Address Reference Count : 1]<UL><LI> startup_mk64f12.o(RESET)
</UL>
<P><STRONG><a name="[44]"></a>PIT3_IRQHandler</STRONG> (Thumb, 0 bytes, Stack size 0 bytes, startup_mk64f12.o(.text))
<BR>[Address Reference Count : 1]<UL><LI> startup_mk64f12.o(RESET)
</UL>
<P><STRONG><a name="[4c]"></a>PORTA_IRQHandler</STRONG> (Thumb, 0 bytes, Stack size 0 bytes, startup_mk64f12.o(.text))
<BR>[Address Reference Count : 1]<UL><LI> startup_mk64f12.o(RESET)
</UL>
<P><STRONG><a name="[4d]"></a>PORTB_IRQHandler</STRONG> (Thumb, 0 bytes, Stack size 0 bytes, startup_mk64f12.o(.text))
<BR>[Address Reference Count : 1]<UL><LI> startup_mk64f12.o(RESET)
</UL>
<P><STRONG><a name="[4e]"></a>PORTC_IRQHandler</STRONG> (Thumb, 0 bytes, Stack size 0 bytes, startup_mk64f12.o(.text))
<BR>[Address Reference Count : 1]<UL><LI> startup_mk64f12.o(RESET)
</UL>
<P><STRONG><a name="[4f]"></a>PORTD_IRQHandler</STRONG> (Thumb, 0 bytes, Stack size 0 bytes, startup_mk64f12.o(.text))
<BR>[Address Reference Count : 1]<UL><LI> startup_mk64f12.o(RESET)
</UL>
<P><STRONG><a name="[50]"></a>PORTE_IRQHandler</STRONG> (Thumb, 0 bytes, Stack size 0 bytes, startup_mk64f12.o(.text))
<BR>[Address Reference Count : 1]<UL><LI> startup_mk64f12.o(RESET)
</UL>
<P><STRONG><a name="[28]"></a>RNG_IRQHandler</STRONG> (Thumb, 0 bytes, Stack size 0 bytes, startup_mk64f12.o(.text))
<BR>[Address Reference Count : 1]<UL><LI> startup_mk64f12.o(RESET)
</UL>
<P><STRONG><a name="[3f]"></a>RTC_IRQHandler</STRONG> (Thumb, 0 bytes, Stack size 0 bytes, startup_mk64f12.o(.text))
<BR>[Address Reference Count : 1]<UL><LI> startup_mk64f12.o(RESET)
</UL>
<P><STRONG><a name="[40]"></a>RTC_Seconds_IRQHandler</STRONG> (Thumb, 0 bytes, Stack size 0 bytes, startup_mk64f12.o(.text))
<BR>[Address Reference Count : 1]<UL><LI> startup_mk64f12.o(RESET)
</UL>
<P><STRONG><a name="[24]"></a>Read_Collision_IRQHandler</STRONG> (Thumb, 0 bytes, Stack size 0 bytes, startup_mk64f12.o(.text))
<BR>[Address Reference Count : 1]<UL><LI> startup_mk64f12.o(RESET)
</UL>
<P><STRONG><a name="[48]"></a>Reserved71_IRQHandler</STRONG> (Thumb, 0 bytes, Stack size 0 bytes, startup_mk64f12.o(.text))
<BR>[Address Reference Count : 1]<UL><LI> startup_mk64f12.o(RESET)
</UL>
<P><STRONG><a name="[91]"></a>SDHC_DriverIRQHandler</STRONG> (Thumb, 0 bytes, Stack size 0 bytes, startup_mk64f12.o(.text))
<BR>[Address Reference Count : 1]<UL><LI> startup_mk64f12.o(.text)
</UL>
<P><STRONG><a name="[7d]"></a>SPI0_DriverIRQHandler</STRONG> (Thumb, 0 bytes, Stack size 0 bytes, startup_mk64f12.o(.text))
<BR>[Address Reference Count : 1]<UL><LI> startup_mk64f12.o(.text)
</UL>
<P><STRONG><a name="[7e]"></a>SPI1_DriverIRQHandler</STRONG> (Thumb, 0 bytes, Stack size 0 bytes, startup_mk64f12.o(.text))
<BR>[Address Reference Count : 1]<UL><LI> startup_mk64f12.o(.text)
</UL>
<P><STRONG><a name="[8a]"></a>SPI2_DriverIRQHandler</STRONG> (Thumb, 0 bytes, Stack size 0 bytes, startup_mk64f12.o(.text))
<BR>[Address Reference Count : 1]<UL><LI> startup_mk64f12.o(.text)
</UL>
<P><STRONG><a name="[51]"></a>SWI_IRQHandler</STRONG> (Thumb, 0 bytes, Stack size 0 bytes, startup_mk64f12.o(.text))
<BR>[Address Reference Count : 1]<UL><LI> startup_mk64f12.o(RESET)
</UL>
<P><STRONG><a name="[83]"></a>UART0_ERR_DriverIRQHandler</STRONG> (Thumb, 0 bytes, Stack size 0 bytes, startup_mk64f12.o(.text))
<BR>[Address Reference Count : 1]<UL><LI> startup_mk64f12.o(.text)
</UL>
<P><STRONG><a name="[81]"></a>UART0_LON_DriverIRQHandler</STRONG> (Thumb, 0 bytes, Stack size 0 bytes, startup_mk64f12.o(.text))
<BR>[Address Reference Count : 1]<UL><LI> startup_mk64f12.o(.text)
</UL>
<P><STRONG><a name="[85]"></a>UART1_ERR_DriverIRQHandler</STRONG> (Thumb, 0 bytes, Stack size 0 bytes, startup_mk64f12.o(.text))
<BR>[Address Reference Count : 1]<UL><LI> startup_mk64f12.o(.text)
</UL>
<P><STRONG><a name="[87]"></a>UART2_ERR_DriverIRQHandler</STRONG> (Thumb, 0 bytes, Stack size 0 bytes, startup_mk64f12.o(.text))
<BR>[Address Reference Count : 1]<UL><LI> startup_mk64f12.o(.text)
</UL>
<P><STRONG><a name="[89]"></a>UART3_ERR_DriverIRQHandler</STRONG> (Thumb, 0 bytes, Stack size 0 bytes, startup_mk64f12.o(.text))
<BR>[Address Reference Count : 1]<UL><LI> startup_mk64f12.o(.text)
</UL>
<P><STRONG><a name="[8c]"></a>UART4_ERR_DriverIRQHandler</STRONG> (Thumb, 0 bytes, Stack size 0 bytes, startup_mk64f12.o(.text))
<BR>[Address Reference Count : 1]<UL><LI> startup_mk64f12.o(.text)
</UL>
<P><STRONG><a name="[8e]"></a>UART5_ERR_DriverIRQHandler</STRONG> (Thumb, 0 bytes, Stack size 0 bytes, startup_mk64f12.o(.text))
<BR>[Address Reference Count : 1]<UL><LI> startup_mk64f12.o(.text)
</UL>
<P><STRONG><a name="[46]"></a>USB0_IRQHandler</STRONG> (Thumb, 0 bytes, Stack size 0 bytes, startup_mk64f12.o(.text))
<BR>[Address Reference Count : 1]<UL><LI> startup_mk64f12.o(RESET)
</UL>
<P><STRONG><a name="[47]"></a>USBDCD_IRQHandler</STRONG> (Thumb, 0 bytes, Stack size 0 bytes, startup_mk64f12.o(.text))
<BR>[Address Reference Count : 1]<UL><LI> startup_mk64f12.o(RESET)
</UL>
<P><STRONG><a name="[27]"></a>WDOG_EWM_IRQHandler</STRONG> (Thumb, 0 bytes, Stack size 0 bytes, startup_mk64f12.o(.text))
<BR>[Address Reference Count : 1]<UL><LI> startup_mk64f12.o(RESET)
</UL>
<P><STRONG><a name="[b0]"></a>__2printf</STRONG> (Thumb, 20 bytes, Stack size 24 bytes, noretval__2printf.o(.text))
<BR><BR>[Stack]<UL><LI>Max Depth = 144 + Unknown Stack Size
<LI>Call Chain = __2printf &rArr; _printf_char_file &rArr; _printf_char_common &rArr; __printf
</UL>
<BR>[Calls]<UL><LI><a href="#[b1]">&gt;&gt;</a>&nbsp;&nbsp;&nbsp;_printf_char_file
</UL>
<BR>[Called By]<UL><LI><a href="#[115]">&gt;&gt;</a>&nbsp;&nbsp;&nbsp;program_flash
<LI><a href="#[110]">&gt;&gt;</a>&nbsp;&nbsp;&nbsp;flash_init
<LI><a href="#[10e]">&gt;&gt;</a>&nbsp;&nbsp;&nbsp;erase_sector
<LI><a href="#[aa]">&gt;&gt;</a>&nbsp;&nbsp;&nbsp;main
<LI><a href="#[10f]">&gt;&gt;</a>&nbsp;&nbsp;&nbsp;error_trap
</UL>

<P><STRONG><a name="[b2]"></a>__2sprintf</STRONG> (Thumb, 34 bytes, Stack size 32 bytes, noretval__2sprintf.o(.text))
<BR><BR>[Stack]<UL><LI>Max Depth = 136 + Unknown Stack Size
<LI>Call Chain = __2sprintf &rArr; _printf_char_common &rArr; __printf
</UL>
<BR>[Calls]<UL><LI><a href="#[96]">&gt;&gt;</a>&nbsp;&nbsp;&nbsp;_sputc
<LI><a href="#[b3]">&gt;&gt;</a>&nbsp;&nbsp;&nbsp;_printf_char_common
</UL>
<BR>[Called By]<UL><LI><a href="#[aa]">&gt;&gt;</a>&nbsp;&nbsp;&nbsp;main
</UL>

<P><STRONG><a name="[b5]"></a>_printf_pre_padding</STRONG> (Thumb, 44 bytes, Stack size 16 bytes, _printf_pad.o(.text))
<BR><BR>[Stack]<UL><LI>Max Depth = 16<LI>Call Chain = _printf_pre_padding
</UL>
<BR>[Called By]<UL><LI><a href="#[b4]">&gt;&gt;</a>&nbsp;&nbsp;&nbsp;_printf_str
<LI><a href="#[b7]">&gt;&gt;</a>&nbsp;&nbsp;&nbsp;_printf_int_common
</UL>

<P><STRONG><a name="[b6]"></a>_printf_post_padding</STRONG> (Thumb, 34 bytes, Stack size 16 bytes, _printf_pad.o(.text))
<BR><BR>[Stack]<UL><LI>Max Depth = 16<LI>Call Chain = _printf_post_padding
</UL>
<BR>[Called By]<UL><LI><a href="#[b4]">&gt;&gt;</a>&nbsp;&nbsp;&nbsp;_printf_str
<LI><a href="#[b7]">&gt;&gt;</a>&nbsp;&nbsp;&nbsp;_printf_int_common
</UL>

<P><STRONG><a name="[b4]"></a>_printf_str</STRONG> (Thumb, 82 bytes, Stack size 16 bytes, _printf_str.o(.text))
<BR><BR>[Stack]<UL><LI>Max Depth = 32<LI>Call Chain = _printf_str &rArr; _printf_post_padding
</UL>
<BR>[Calls]<UL><LI><a href="#[b6]">&gt;&gt;</a>&nbsp;&nbsp;&nbsp;_printf_post_padding
<LI><a href="#[b5]">&gt;&gt;</a>&nbsp;&nbsp;&nbsp;_printf_pre_padding
</UL>
<BR>[Called By]<UL><LI><a href="#[bd]">&gt;&gt;</a>&nbsp;&nbsp;&nbsp;_printf_cs_common
</UL>

<P><STRONG><a name="[a0]"></a>_printf_int_dec</STRONG> (Thumb, 104 bytes, Stack size 24 bytes, _printf_dec.o(.text))
<BR><BR>[Stack]<UL><LI>Max Depth = 72<LI>Call Chain = _printf_int_dec &rArr; _printf_int_common &rArr; _printf_post_padding
</UL>
<BR>[Calls]<UL><LI><a href="#[b7]">&gt;&gt;</a>&nbsp;&nbsp;&nbsp;_printf_int_common
</UL>
<BR>[Called By]<UL><LI><a href="#[9f]">&gt;&gt;</a>&nbsp;&nbsp;&nbsp;_printf_d
</UL>

<P><STRONG><a name="[a2]"></a>_printf_int_hex</STRONG> (Thumb, 84 bytes, Stack size 16 bytes, _printf_hex_int.o(.text))
<BR><BR>[Stack]<UL><LI>Max Depth = 64<LI>Call Chain = _printf_int_hex &rArr; _printf_int_common &rArr; _printf_post_padding
</UL>
<BR>[Calls]<UL><LI><a href="#[b7]">&gt;&gt;</a>&nbsp;&nbsp;&nbsp;_printf_int_common
</UL>
<BR>[Called By]<UL><LI><a href="#[a1]">&gt;&gt;</a>&nbsp;&nbsp;&nbsp;_printf_x
</UL>

<P><STRONG><a name="[143]"></a>_printf_longlong_hex</STRONG> (Thumb, 0 bytes, Stack size 16 bytes, _printf_hex_int.o(.text), UNUSED)

<P><STRONG><a name="[b8]"></a>__printf</STRONG> (Thumb, 308 bytes, Stack size 40 bytes, __printf_flags_wp.o(.text))
<BR><BR>[Stack]<UL><LI>Max Depth = 40 + Unknown Stack Size
<LI>Call Chain = __printf
</UL>
<BR>[Calls]<UL><LI><a href="#[ba]">&gt;&gt;</a>&nbsp;&nbsp;&nbsp;_printf_percent
<LI><a href="#[b9]">&gt;&gt;</a>&nbsp;&nbsp;&nbsp;_is_digit
</UL>
<BR>[Called By]<UL><LI><a href="#[b3]">&gt;&gt;</a>&nbsp;&nbsp;&nbsp;_printf_char_common
</UL>

<P><STRONG><a name="[102]"></a>strlen</STRONG> (Thumb, 62 bytes, Stack size 8 bytes, strlen.o(.text))
<BR><BR>[Stack]<UL><LI>Max Depth = 8<LI>Call Chain = strlen
</UL>
<BR>[Called By]<UL><LI><a href="#[dc]">&gt;&gt;</a>&nbsp;&nbsp;&nbsp;StrFormatPrintf
</UL>

<P><STRONG><a name="[112]"></a>strncmp</STRONG> (Thumb, 150 bytes, Stack size 16 bytes, strncmp.o(.text))
<BR><BR>[Stack]<UL><LI>Max Depth = 16<LI>Call Chain = strncmp
</UL>
<BR>[Called By]<UL><LI><a href="#[aa]">&gt;&gt;</a>&nbsp;&nbsp;&nbsp;main
</UL>

<P><STRONG><a name="[111]"></a>__aeabi_memcpy</STRONG> (Thumb, 0 bytes, Stack size 0 bytes, rt_memcpy_v6.o(.text))
<BR><BR>[Called By]<UL><LI><a href="#[f5]">&gt;&gt;</a>&nbsp;&nbsp;&nbsp;ftfx_copy_common_bit_operation_to_ram
<LI><a href="#[119]">&gt;&gt;</a>&nbsp;&nbsp;&nbsp;md5Update
</UL>

<P><STRONG><a name="[bb]"></a>__rt_memcpy</STRONG> (Thumb, 138 bytes, Stack size 0 bytes, rt_memcpy_v6.o(.text), UNUSED)
<BR><BR>[Calls]<UL><LI><a href="#[bc]">&gt;&gt;</a>&nbsp;&nbsp;&nbsp;__aeabi_memcpy4
</UL>

<P><STRONG><a name="[144]"></a>_memcpy_lastbytes</STRONG> (Thumb, 0 bytes, Stack size unknown bytes, rt_memcpy_v6.o(.text), UNUSED)

<P><STRONG><a name="[db]"></a>__aeabi_memclr4</STRONG> (Thumb, 0 bytes, Stack size 4 bytes, rt_memclr_w.o(.text))
<BR><BR>[Stack]<UL><LI>Max Depth = 4<LI>Call Chain = __aeabi_memclr4
</UL>
<BR>[Called By]<UL><LI><a href="#[110]">&gt;&gt;</a>&nbsp;&nbsp;&nbsp;flash_init
<LI><a href="#[da]">&gt;&gt;</a>&nbsp;&nbsp;&nbsp;DbgConsole_Printf
</UL>

<P><STRONG><a name="[145]"></a>__aeabi_memclr8</STRONG> (Thumb, 0 bytes, Stack size 4 bytes, rt_memclr_w.o(.text), UNUSED)

<P><STRONG><a name="[146]"></a>__rt_memclr_w</STRONG> (Thumb, 78 bytes, Stack size 4 bytes, rt_memclr_w.o(.text), UNUSED)

<P><STRONG><a name="[147]"></a>_memset_w</STRONG> (Thumb, 0 bytes, Stack size unknown bytes, rt_memclr_w.o(.text), UNUSED)

<P><STRONG><a name="[114]"></a>strcmp</STRONG> (Thumb, 128 bytes, Stack size 0 bytes, strcmpv7m.o(.text))
<BR><BR>[Called By]<UL><LI><a href="#[aa]">&gt;&gt;</a>&nbsp;&nbsp;&nbsp;main
</UL>

<P><STRONG><a name="[b7]"></a>_printf_int_common</STRONG> (Thumb, 178 bytes, Stack size 32 bytes, _printf_intcommon.o(.text))
<BR><BR>[Stack]<UL><LI>Max Depth = 48<LI>Call Chain = _printf_int_common &rArr; _printf_post_padding
</UL>
<BR>[Calls]<UL><LI><a href="#[b6]">&gt;&gt;</a>&nbsp;&nbsp;&nbsp;_printf_post_padding
<LI><a href="#[b5]">&gt;&gt;</a>&nbsp;&nbsp;&nbsp;_printf_pre_padding
</UL>
<BR>[Called By]<UL><LI><a href="#[a2]">&gt;&gt;</a>&nbsp;&nbsp;&nbsp;_printf_int_hex
<LI><a href="#[a0]">&gt;&gt;</a>&nbsp;&nbsp;&nbsp;_printf_int_dec
</UL>

<P><STRONG><a name="[b3]"></a>_printf_char_common</STRONG> (Thumb, 32 bytes, Stack size 64 bytes, _printf_char_common.o(.text))
<BR><BR>[Stack]<UL><LI>Max Depth = 104 + Unknown Stack Size
<LI>Call Chain = _printf_char_common &rArr; __printf
</UL>
<BR>[Calls]<UL><LI><a href="#[b8]">&gt;&gt;</a>&nbsp;&nbsp;&nbsp;__printf
</UL>
<BR>[Called By]<UL><LI><a href="#[b2]">&gt;&gt;</a>&nbsp;&nbsp;&nbsp;__2sprintf
<LI><a href="#[b1]">&gt;&gt;</a>&nbsp;&nbsp;&nbsp;_printf_char_file
</UL>

<P><STRONG><a name="[96]"></a>_sputc</STRONG> (Thumb, 10 bytes, Stack size 0 bytes, _sputc.o(.text))
<BR><BR>[Called By]<UL><LI><a href="#[b2]">&gt;&gt;</a>&nbsp;&nbsp;&nbsp;__2sprintf
</UL>
<BR>[Address Reference Count : 1]<UL><LI> noretval__2sprintf.o(.text)
</UL>
<P><STRONG><a name="[bd]"></a>_printf_cs_common</STRONG> (Thumb, 20 bytes, Stack size 8 bytes, _printf_char.o(.text))
<BR><BR>[Stack]<UL><LI>Max Depth = 40<LI>Call Chain = _printf_cs_common &rArr; _printf_str &rArr; _printf_post_padding
</UL>
<BR>[Calls]<UL><LI><a href="#[b4]">&gt;&gt;</a>&nbsp;&nbsp;&nbsp;_printf_str
</UL>
<BR>[Called By]<UL><LI><a href="#[a4]">&gt;&gt;</a>&nbsp;&nbsp;&nbsp;_printf_string
<LI><a href="#[be]">&gt;&gt;</a>&nbsp;&nbsp;&nbsp;_printf_char
</UL>

<P><STRONG><a name="[be]"></a>_printf_char</STRONG> (Thumb, 16 bytes, Stack size 0 bytes, _printf_char.o(.text), UNUSED)
<BR><BR>[Calls]<UL><LI><a href="#[bd]">&gt;&gt;</a>&nbsp;&nbsp;&nbsp;_printf_cs_common
</UL>

<P><STRONG><a name="[a4]"></a>_printf_string</STRONG> (Thumb, 8 bytes, Stack size 0 bytes, _printf_char.o(.text))
<BR><BR>[Stack]<UL><LI>Max Depth = 40<LI>Call Chain = _printf_string &rArr; _printf_cs_common &rArr; _printf_str &rArr; _printf_post_padding
</UL>
<BR>[Calls]<UL><LI><a href="#[bd]">&gt;&gt;</a>&nbsp;&nbsp;&nbsp;_printf_cs_common
</UL>
<BR>[Called By]<UL><LI><a href="#[a3]">&gt;&gt;</a>&nbsp;&nbsp;&nbsp;_printf_s
</UL>

<P><STRONG><a name="[b1]"></a>_printf_char_file</STRONG> (Thumb, 32 bytes, Stack size 16 bytes, _printf_char_file.o(.text))
<BR><BR>[Stack]<UL><LI>Max Depth = 120 + Unknown Stack Size
<LI>Call Chain = _printf_char_file &rArr; _printf_char_common &rArr; __printf
</UL>
<BR>[Calls]<UL><LI><a href="#[bf]">&gt;&gt;</a>&nbsp;&nbsp;&nbsp;ferror
<LI><a href="#[b3]">&gt;&gt;</a>&nbsp;&nbsp;&nbsp;_printf_char_common
</UL>
<BR>[Called By]<UL><LI><a href="#[b0]">&gt;&gt;</a>&nbsp;&nbsp;&nbsp;__2printf
</UL>

<P><STRONG><a name="[bc]"></a>__aeabi_memcpy4</STRONG> (Thumb, 0 bytes, Stack size 8 bytes, rt_memcpy_w.o(.text), UNUSED)
<BR><BR>[Called By]<UL><LI><a href="#[bb]">&gt;&gt;</a>&nbsp;&nbsp;&nbsp;__rt_memcpy
</UL>

<P><STRONG><a name="[148]"></a>__aeabi_memcpy8</STRONG> (Thumb, 0 bytes, Stack size 8 bytes, rt_memcpy_w.o(.text), UNUSED)

<P><STRONG><a name="[149]"></a>__rt_memcpy_w</STRONG> (Thumb, 100 bytes, Stack size 8 bytes, rt_memcpy_w.o(.text), UNUSED)

<P><STRONG><a name="[14a]"></a>_memcpy_lastbytes_aligned</STRONG> (Thumb, 0 bytes, Stack size unknown bytes, rt_memcpy_w.o(.text), UNUSED)

<P><STRONG><a name="[bf]"></a>ferror</STRONG> (Thumb, 8 bytes, Stack size 0 bytes, ferror.o(.text))
<BR><BR>[Called By]<UL><LI><a href="#[b1]">&gt;&gt;</a>&nbsp;&nbsp;&nbsp;_printf_char_file
</UL>

<P><STRONG><a name="[14b]"></a>__I$use$semihosting</STRONG> (Thumb, 0 bytes, Stack size 0 bytes, use_no_semi.o(.text), UNUSED)

<P><STRONG><a name="[14c]"></a>__use_no_semihosting_swi</STRONG> (Thumb, 2 bytes, Stack size 0 bytes, use_no_semi.o(.text), UNUSED)

<P><STRONG><a name="[14d]"></a>__semihosting_library_function</STRONG> (Thumb, 0 bytes, Stack size 8 bytes, indicate_semi.o(.text), UNUSED)

<P><STRONG><a name="[ab]"></a>exit</STRONG> (Thumb, 18 bytes, Stack size 8 bytes, exit.o(.text))
<BR><BR>[Stack]<UL><LI>Max Depth = 8 + Unknown Stack Size
<LI>Call Chain = exit
</UL>
<BR>[Calls]<UL><LI><a href="#[c0]">&gt;&gt;</a>&nbsp;&nbsp;&nbsp;__rt_exit
</UL>
<BR>[Called By]<UL><LI><a href="#[a9]">&gt;&gt;</a>&nbsp;&nbsp;&nbsp;__rt_entry_main
</UL>

<P><STRONG><a name="[af]"></a>_sys_exit</STRONG> (Thumb, 8 bytes, Stack size 0 bytes, sys_exit.o(.text))
<BR><BR>[Called By]<UL><LI><a href="#[ae]">&gt;&gt;</a>&nbsp;&nbsp;&nbsp;__rt_exit_exit
</UL>

<P><STRONG><a name="[c1]"></a>BOARD_BootClockRUN</STRONG> (Thumb, 78 bytes, Stack size 8 bytes, clock_config.o(i.BOARD_BootClockRUN))
<BR><BR>[Stack]<UL><LI>Max Depth = 372<LI>Call Chain = BOARD_BootClockRUN &rArr; CLOCK_BootToPeeMode &rArr; CLOCK_SetPbeMode &rArr; CLOCK_EnablePll0 &rArr; __aeabi_assert &rArr; DbgConsole_Printf &rArr;  LOG_Push (Cycle)
</UL>
<BR>[Calls]<UL><LI><a href="#[c6]">&gt;&gt;</a>&nbsp;&nbsp;&nbsp;CLOCK_SetSimConfig
<LI><a href="#[c3]">&gt;&gt;</a>&nbsp;&nbsp;&nbsp;CLOCK_SetInternalRefClkConfig
<LI><a href="#[c2]">&gt;&gt;</a>&nbsp;&nbsp;&nbsp;CLOCK_InitOsc0
<LI><a href="#[c5]">&gt;&gt;</a>&nbsp;&nbsp;&nbsp;CLOCK_BootToPeeMode
<LI><a href="#[c4]">&gt;&gt;</a>&nbsp;&nbsp;&nbsp;CLOCK_CONFIG_SetFllExtRefDiv
</UL>
<BR>[Called By]<UL><LI><a href="#[aa]">&gt;&gt;</a>&nbsp;&nbsp;&nbsp;main
</UL>

<P><STRONG><a name="[c7]"></a>BOARD_InitDebugConsole</STRONG> (Thumb, 24 bytes, Stack size 8 bytes, board.o(i.BOARD_InitDebugConsole))
<BR><BR>[Stack]<UL><LI>Max Depth = 476<LI>Call Chain = BOARD_InitDebugConsole &rArr; DbgConsole_Init &rArr; LOG_Init &rArr; IO_Init &rArr; UART_Init &rArr; UART_GetInstance &rArr; __aeabi_assert &rArr; DbgConsole_Printf &rArr;  LOG_Push (Cycle)
</UL>
<BR>[Calls]<UL><LI><a href="#[c9]">&gt;&gt;</a>&nbsp;&nbsp;&nbsp;DbgConsole_Init
<LI><a href="#[c8]">&gt;&gt;</a>&nbsp;&nbsp;&nbsp;CLOCK_GetCoreSysClkFreq
</UL>
<BR>[Called By]<UL><LI><a href="#[aa]">&gt;&gt;</a>&nbsp;&nbsp;&nbsp;main
</UL>

<P><STRONG><a name="[ca]"></a>BOARD_InitPins</STRONG> (Thumb, 56 bytes, Stack size 8 bytes, pin_mux.o(i.BOARD_InitPins))
<BR><BR>[Stack]<UL><LI>Max Depth = 8<LI>Call Chain = BOARD_InitPins
</UL>
<BR>[Calls]<UL><LI><a href="#[cb]">&gt;&gt;</a>&nbsp;&nbsp;&nbsp;PORT_SetPinMux
</UL>
<BR>[Called By]<UL><LI><a href="#[aa]">&gt;&gt;</a>&nbsp;&nbsp;&nbsp;main
</UL>

<P><STRONG><a name="[c5]"></a>CLOCK_BootToPeeMode</STRONG> (Thumb, 68 bytes, Stack size 16 bytes, fsl_clock.o(i.CLOCK_BootToPeeMode))
<BR><BR>[Stack]<UL><LI>Max Depth = 364<LI>Call Chain = CLOCK_BootToPeeMode &rArr; CLOCK_SetPbeMode &rArr; CLOCK_EnablePll0 &rArr; __aeabi_assert &rArr; DbgConsole_Printf &rArr;  LOG_Push (Cycle)
</UL>
<BR>[Calls]<UL><LI><a href="#[cc]">&gt;&gt;</a>&nbsp;&nbsp;&nbsp;__aeabi_assert
<LI><a href="#[ce]">&gt;&gt;</a>&nbsp;&nbsp;&nbsp;CLOCK_SetPbeMode
<LI><a href="#[cd]">&gt;&gt;</a>&nbsp;&nbsp;&nbsp;CLOCK_SetExternalRefClkConfig
</UL>
<BR>[Called By]<UL><LI><a href="#[c1]">&gt;&gt;</a>&nbsp;&nbsp;&nbsp;BOARD_BootClockRUN
</UL>

<P><STRONG><a name="[cf]"></a>CLOCK_EnablePll0</STRONG> (Thumb, 78 bytes, Stack size 16 bytes, fsl_clock.o(i.CLOCK_EnablePll0))
<BR><BR>[Stack]<UL><LI>Max Depth = 332<LI>Call Chain = CLOCK_EnablePll0 &rArr; __aeabi_assert &rArr; DbgConsole_Printf &rArr;  LOG_Push (Cycle)
</UL>
<BR>[Calls]<UL><LI><a href="#[cc]">&gt;&gt;</a>&nbsp;&nbsp;&nbsp;__aeabi_assert
</UL>
<BR>[Called By]<UL><LI><a href="#[ce]">&gt;&gt;</a>&nbsp;&nbsp;&nbsp;CLOCK_SetPbeMode
</UL>

<P><STRONG><a name="[c8]"></a>CLOCK_GetCoreSysClkFreq</STRONG> (Thumb, 22 bytes, Stack size 8 bytes, fsl_clock.o(i.CLOCK_GetCoreSysClkFreq))
<BR><BR>[Stack]<UL><LI>Max Depth = 388<LI>Call Chain = CLOCK_GetCoreSysClkFreq &rArr; CLOCK_GetOutClkFreq &rArr; CLOCK_GetFllFreq &rArr; CLOCK_GetFllRefClkFreq &rArr; CLOCK_GetFllExtRefClkFreq &rArr; CLOCK_GetMcgExtClkFreq &rArr; __aeabi_assert &rArr; DbgConsole_Printf &rArr;  LOG_Push (Cycle)
</UL>
<BR>[Calls]<UL><LI><a href="#[d0]">&gt;&gt;</a>&nbsp;&nbsp;&nbsp;CLOCK_GetOutClkFreq
</UL>
<BR>[Called By]<UL><LI><a href="#[c7]">&gt;&gt;</a>&nbsp;&nbsp;&nbsp;BOARD_InitDebugConsole
</UL>

<P><STRONG><a name="[d3]"></a>CLOCK_GetFllFreq</STRONG> (Thumb, 66 bytes, Stack size 16 bytes, fsl_clock.o(i.CLOCK_GetFllFreq))
<BR><BR>[Stack]<UL><LI>Max Depth = 372<LI>Call Chain = CLOCK_GetFllFreq &rArr; CLOCK_GetFllRefClkFreq &rArr; CLOCK_GetFllExtRefClkFreq &rArr; CLOCK_GetMcgExtClkFreq &rArr; __aeabi_assert &rArr; DbgConsole_Printf &rArr;  LOG_Push (Cycle)
</UL>
<BR>[Calls]<UL><LI><a href="#[d4]">&gt;&gt;</a>&nbsp;&nbsp;&nbsp;CLOCK_GetFllRefClkFreq
</UL>
<BR>[Called By]<UL><LI><a href="#[d0]">&gt;&gt;</a>&nbsp;&nbsp;&nbsp;CLOCK_GetOutClkFreq
</UL>

<P><STRONG><a name="[d0]"></a>CLOCK_GetOutClkFreq</STRONG> (Thumb, 56 bytes, Stack size 8 bytes, fsl_clock.o(i.CLOCK_GetOutClkFreq))
<BR><BR>[Stack]<UL><LI>Max Depth = 380<LI>Call Chain = CLOCK_GetOutClkFreq &rArr; CLOCK_GetFllFreq &rArr; CLOCK_GetFllRefClkFreq &rArr; CLOCK_GetFllExtRefClkFreq &rArr; CLOCK_GetMcgExtClkFreq &rArr; __aeabi_assert &rArr; DbgConsole_Printf &rArr;  LOG_Push (Cycle)
</UL>
<BR>[Calls]<UL><LI><a href="#[d5]">&gt;&gt;</a>&nbsp;&nbsp;&nbsp;CLOCK_GetPll0Freq
<LI><a href="#[d3]">&gt;&gt;</a>&nbsp;&nbsp;&nbsp;CLOCK_GetFllFreq
<LI><a href="#[d2]">&gt;&gt;</a>&nbsp;&nbsp;&nbsp;CLOCK_GetMcgExtClkFreq
<LI><a href="#[d6]">&gt;&gt;</a>&nbsp;&nbsp;&nbsp;CLOCK_GetInternalRefClkSelectFreq
</UL>
<BR>[Called By]<UL><LI><a href="#[c8]">&gt;&gt;</a>&nbsp;&nbsp;&nbsp;CLOCK_GetCoreSysClkFreq
</UL>

<P><STRONG><a name="[d5]"></a>CLOCK_GetPll0Freq</STRONG> (Thumb, 68 bytes, Stack size 8 bytes, fsl_clock.o(i.CLOCK_GetPll0Freq))
<BR><BR>[Stack]<UL><LI>Max Depth = 340<LI>Call Chain = CLOCK_GetPll0Freq &rArr; CLOCK_GetPll0RefFreq &rArr; CLOCK_GetMcgExtClkFreq &rArr; __aeabi_assert &rArr; DbgConsole_Printf &rArr;  LOG_Push (Cycle)
</UL>
<BR>[Calls]<UL><LI><a href="#[cc]">&gt;&gt;</a>&nbsp;&nbsp;&nbsp;__aeabi_assert
<LI><a href="#[d7]">&gt;&gt;</a>&nbsp;&nbsp;&nbsp;CLOCK_GetPll0RefFreq
</UL>
<BR>[Called By]<UL><LI><a href="#[d0]">&gt;&gt;</a>&nbsp;&nbsp;&nbsp;CLOCK_GetOutClkFreq
</UL>

<P><STRONG><a name="[c2]"></a>CLOCK_InitOsc0</STRONG> (Thumb, 98 bytes, Stack size 16 bytes, fsl_clock.o(i.CLOCK_InitOsc0))
<BR><BR>[Stack]<UL><LI>Max Depth = 16<LI>Call Chain = CLOCK_InitOsc0
</UL>
<BR>[Calls]<UL><LI><a href="#[d8]">&gt;&gt;</a>&nbsp;&nbsp;&nbsp;CLOCK_GetOscRangeFromFreq
</UL>
<BR>[Called By]<UL><LI><a href="#[c1]">&gt;&gt;</a>&nbsp;&nbsp;&nbsp;BOARD_BootClockRUN
</UL>

<P><STRONG><a name="[cd]"></a>CLOCK_SetExternalRefClkConfig</STRONG> (Thumb, 56 bytes, Stack size 8 bytes, fsl_clock.o(i.CLOCK_SetExternalRefClkConfig))
<BR><BR>[Stack]<UL><LI>Max Depth = 8<LI>Call Chain = CLOCK_SetExternalRefClkConfig
</UL>
<BR>[Called By]<UL><LI><a href="#[c5]">&gt;&gt;</a>&nbsp;&nbsp;&nbsp;CLOCK_BootToPeeMode
</UL>

<P><STRONG><a name="[c3]"></a>CLOCK_SetInternalRefClkConfig</STRONG> (Thumb, 148 bytes, Stack size 20 bytes, fsl_clock.o(i.CLOCK_SetInternalRefClkConfig))
<BR><BR>[Stack]<UL><LI>Max Depth = 20<LI>Call Chain = CLOCK_SetInternalRefClkConfig
</UL>
<BR>[Called By]<UL><LI><a href="#[c1]">&gt;&gt;</a>&nbsp;&nbsp;&nbsp;BOARD_BootClockRUN
</UL>

<P><STRONG><a name="[ce]"></a>CLOCK_SetPbeMode</STRONG> (Thumb, 124 bytes, Stack size 16 bytes, fsl_clock.o(i.CLOCK_SetPbeMode))
<BR><BR>[Stack]<UL><LI>Max Depth = 348<LI>Call Chain = CLOCK_SetPbeMode &rArr; CLOCK_EnablePll0 &rArr; __aeabi_assert &rArr; DbgConsole_Printf &rArr;  LOG_Push (Cycle)
</UL>
<BR>[Calls]<UL><LI><a href="#[cc]">&gt;&gt;</a>&nbsp;&nbsp;&nbsp;__aeabi_assert
<LI><a href="#[cf]">&gt;&gt;</a>&nbsp;&nbsp;&nbsp;CLOCK_EnablePll0
</UL>
<BR>[Called By]<UL><LI><a href="#[c5]">&gt;&gt;</a>&nbsp;&nbsp;&nbsp;CLOCK_BootToPeeMode
</UL>

<P><STRONG><a name="[c6]"></a>CLOCK_SetSimConfig</STRONG> (Thumb, 38 bytes, Stack size 0 bytes, fsl_clock.o(i.CLOCK_SetSimConfig))
<BR><BR>[Called By]<UL><LI><a href="#[c1]">&gt;&gt;</a>&nbsp;&nbsp;&nbsp;BOARD_BootClockRUN
</UL>

<P><STRONG><a name="[c9]"></a>DbgConsole_Init</STRONG> (Thumb, 42 bytes, Stack size 24 bytes, fsl_debug_console.o(i.DbgConsole_Init))
<BR><BR>[Stack]<UL><LI>Max Depth = 468<LI>Call Chain = DbgConsole_Init &rArr; LOG_Init &rArr; IO_Init &rArr; UART_Init &rArr; UART_GetInstance &rArr; __aeabi_assert &rArr; DbgConsole_Printf &rArr;  LOG_Push (Cycle)
</UL>
<BR>[Calls]<UL><LI><a href="#[d9]">&gt;&gt;</a>&nbsp;&nbsp;&nbsp;LOG_Init
<LI><a href="#[cc]">&gt;&gt;</a>&nbsp;&nbsp;&nbsp;__aeabi_assert
</UL>
<BR>[Called By]<UL><LI><a href="#[c7]">&gt;&gt;</a>&nbsp;&nbsp;&nbsp;BOARD_InitDebugConsole
</UL>

<P><STRONG><a name="[da]"></a>DbgConsole_Printf</STRONG> (Thumb, 60 bytes, Stack size 160 bytes, fsl_debug_console.o(i.DbgConsole_Printf))
<BR><BR>[Stack]<UL><LI>Max Depth = 316 + In Cycle
<LI>Call Chain = DbgConsole_Printf &rArr;  LOG_Push (Cycle)
</UL>
<BR>[Calls]<UL><LI><a href="#[dc]">&gt;&gt;</a>&nbsp;&nbsp;&nbsp;StrFormatPrintf
<LI><a href="#[dd]">&gt;&gt;</a>&nbsp;&nbsp;&nbsp;LOG_Push
<LI><a href="#[db]">&gt;&gt;</a>&nbsp;&nbsp;&nbsp;__aeabi_memclr4
</UL>
<BR>[Called By]<UL><LI><a href="#[cc]">&gt;&gt;</a>&nbsp;&nbsp;&nbsp;__aeabi_assert
</UL>

<P><STRONG><a name="[de]"></a>FLASH_Erase</STRONG> (Thumb, 92 bytes, Stack size 32 bytes, fsl_ftfx_flash.o(i.FLASH_Erase))
<BR><BR>[Stack]<UL><LI>Max Depth = 88<LI>Call Chain = FLASH_Erase &rArr; FTFx_CMD_Erase &rArr; ftfx_command_sequence
</UL>
<BR>[Calls]<UL><LI><a href="#[e0]">&gt;&gt;</a>&nbsp;&nbsp;&nbsp;flash_convert_start_address
<LI><a href="#[df]">&gt;&gt;</a>&nbsp;&nbsp;&nbsp;flash_check_range_to_get_index
<LI><a href="#[e1]">&gt;&gt;</a>&nbsp;&nbsp;&nbsp;FTFx_CMD_Erase
</UL>
<BR>[Called By]<UL><LI><a href="#[10e]">&gt;&gt;</a>&nbsp;&nbsp;&nbsp;erase_sector
</UL>

<P><STRONG><a name="[e2]"></a>FLASH_GetSecurityState</STRONG> (Thumb, 16 bytes, Stack size 16 bytes, fsl_ftfx_flash.o(i.FLASH_GetSecurityState))
<BR><BR>[Stack]<UL><LI>Max Depth = 16<LI>Call Chain = FLASH_GetSecurityState
</UL>
<BR>[Calls]<UL><LI><a href="#[e3]">&gt;&gt;</a>&nbsp;&nbsp;&nbsp;FTFx_REG_GetSecurityState
</UL>
<BR>[Called By]<UL><LI><a href="#[110]">&gt;&gt;</a>&nbsp;&nbsp;&nbsp;flash_init
</UL>

<P><STRONG><a name="[e4]"></a>FLASH_Init</STRONG> (Thumb, 698 bytes, Stack size 80 bytes, fsl_ftfx_flash.o(i.FLASH_Init))
<BR><BR>[Stack]<UL><LI>Max Depth = 96<LI>Call Chain = FLASH_Init &rArr; flash_calculate_mem_size
</UL>
<BR>[Calls]<UL><LI><a href="#[e5]">&gt;&gt;</a>&nbsp;&nbsp;&nbsp;flash_init_features
<LI><a href="#[e7]">&gt;&gt;</a>&nbsp;&nbsp;&nbsp;flash_calculate_prot_segment_size
<LI><a href="#[e6]">&gt;&gt;</a>&nbsp;&nbsp;&nbsp;flash_calculate_mem_size
<LI><a href="#[e8]">&gt;&gt;</a>&nbsp;&nbsp;&nbsp;FTFx_API_Init
</UL>
<BR>[Called By]<UL><LI><a href="#[110]">&gt;&gt;</a>&nbsp;&nbsp;&nbsp;flash_init
</UL>

<P><STRONG><a name="[e9]"></a>FLASH_Program</STRONG> (Thumb, 92 bytes, Stack size 32 bytes, fsl_ftfx_flash.o(i.FLASH_Program))
<BR><BR>[Stack]<UL><LI>Max Depth = 80<LI>Call Chain = FLASH_Program &rArr; FTFx_CMD_Program &rArr; ftfx_command_sequence
</UL>
<BR>[Calls]<UL><LI><a href="#[e0]">&gt;&gt;</a>&nbsp;&nbsp;&nbsp;flash_convert_start_address
<LI><a href="#[df]">&gt;&gt;</a>&nbsp;&nbsp;&nbsp;flash_check_range_to_get_index
<LI><a href="#[ea]">&gt;&gt;</a>&nbsp;&nbsp;&nbsp;FTFx_CMD_Program
</UL>
<BR>[Called By]<UL><LI><a href="#[115]">&gt;&gt;</a>&nbsp;&nbsp;&nbsp;program_flash
</UL>

<P><STRONG><a name="[eb]"></a>FLASH_VerifyErase</STRONG> (Thumb, 92 bytes, Stack size 32 bytes, fsl_ftfx_flash.o(i.FLASH_VerifyErase))
<BR><BR>[Stack]<UL><LI>Max Depth = 112<LI>Call Chain = FLASH_VerifyErase &rArr; FTFx_CMD_VerifyErase &rArr; ftfx_command_sequence
</UL>
<BR>[Calls]<UL><LI><a href="#[e0]">&gt;&gt;</a>&nbsp;&nbsp;&nbsp;flash_convert_start_address
<LI><a href="#[df]">&gt;&gt;</a>&nbsp;&nbsp;&nbsp;flash_check_range_to_get_index
<LI><a href="#[ec]">&gt;&gt;</a>&nbsp;&nbsp;&nbsp;FTFx_CMD_VerifyErase
</UL>
<BR>[Called By]<UL><LI><a href="#[10e]">&gt;&gt;</a>&nbsp;&nbsp;&nbsp;erase_sector
</UL>

<P><STRONG><a name="[ed]"></a>FLASH_VerifyProgram</STRONG> (Thumb, 106 bytes, Stack size 56 bytes, fsl_ftfx_flash.o(i.FLASH_VerifyProgram))
<BR><BR>[Stack]<UL><LI>Max Depth = 112<LI>Call Chain = FLASH_VerifyProgram &rArr; FTFx_CMD_VerifyProgram &rArr; ftfx_command_sequence
[...]
</UL>
<BR>[Calls]<UL><LI><a href="#[da]">&gt;&gt;</a>&nbsp;&nbsp;&nbsp;DbgConsole_Printf
</UL>
<BR>[Called By]<UL><LI><a href="#[dd]">&gt;&gt;</a>&nbsp;&nbsp;&nbsp;LOG_Push
<LI><a href="#[ff]">&gt;&gt;</a>&nbsp;&nbsp;&nbsp;UART_ReadBlocking
<LI><a href="#[fc]">&gt;&gt;</a>&nbsp;&nbsp;&nbsp;UART_Init
<LI><a href="#[fb]">&gt;&gt;</a>&nbsp;&nbsp;&nbsp;UART_GetDefaultConfig
<LI><a href="#[fa]">&gt;&gt;</a>&nbsp;&nbsp;&nbsp;IO_Init
<LI><a href="#[c5]">&gt;&gt;</a>&nbsp;&nbsp;&nbsp;CLOCK_BootToPeeMode
<LI><a href="#[c9]">&gt;&gt;</a>&nbsp;&nbsp;&nbsp;DbgConsole_Init
<LI><a href="#[d5]">&gt;&gt;</a>&nbsp;&nbsp;&nbsp;CLOCK_GetPll0Freq
<LI><a href="#[cf]">&gt;&gt;</a>&nbsp;&nbsp;&nbsp;CLOCK_EnablePll0
<LI><a href="#[d2]">&gt;&gt;</a>&nbsp;&nbsp;&nbsp;CLOCK_GetMcgExtClkFreq
<LI><a href="#[10a]">&gt;&gt;</a>&nbsp;&nbsp;&nbsp;UART_GetInstance
<LI><a href="#[ce]">&gt;&gt;</a>&nbsp;&nbsp;&nbsp;CLOCK_SetPbeMode
</UL>

<P><STRONG><a name="[b9]"></a>_is_digit</STRONG> (Thumb, 14 bytes, Stack size 0 bytes, __printf_wp.o(i._is_digit))
<BR><BR>[Called By]<UL><LI><a href="#[b8]">&gt;&gt;</a>&nbsp;&nbsp;&nbsp;__printf
</UL>

<P><STRONG><a name="[10c]"></a>calculate_crc16</STRONG> (Thumb, 34 bytes, Stack size 20 bytes, crc16.o(i.calculate_crc16))
<BR><BR>[Stack]<UL><LI>Max Depth = 40<LI>Call Chain = calculate_crc16 &rArr; update_crc16_A001 &rArr; update_crc16_reflected
</UL>
<BR>[Calls]<UL><LI><a href="#[10d]">&gt;&gt;</a>&nbsp;&nbsp;&nbsp;update_crc16_A001
</UL>
<BR>[Called By]<UL><LI><a href="#[aa]">&gt;&gt;</a>&nbsp;&nbsp;&nbsp;main
</UL>

<P><STRONG><a name="[10e]"></a>erase_sector</STRONG> (Thumb, 86 bytes, Stack size 16 bytes, flash_api.o(i.erase_sector))
<BR><BR>[Stack]<UL><LI>Max Depth = 160 + Unknown Stack Size
<LI>Call Chain = erase_sector &rArr; __2printf &rArr; _printf_char_file &rArr; _printf_char_common &rArr; __printf
</UL>
<BR>[Calls]<UL><LI><a href="#[f1]">&gt;&gt;</a>&nbsp;&nbsp;&nbsp;FTFx_CACHE_ClearCachePrefetchSpeculation
<LI><a href="#[eb]">&gt;&gt;</a>&nbsp;&nbsp;&nbsp;FLASH_VerifyErase
<LI><a href="#[de]">&gt;&gt;</a>&nbsp;&nbsp;&nbsp;FLASH_Erase
<LI><a href="#[b0]">&gt;&gt;</a>&nbsp;&nbsp;&nbsp;__2printf
<LI><a href="#[10f]">&gt;&gt;</a>&nbsp;&nbsp;&nbsp;error_trap
</UL>
<BR>[Called By]<UL><LI><a href="#[aa]">&gt;&gt;</a>&nbsp;&nbsp;&nbsp;main
</UL>

<P><STRONG><a name="[10f]"></a>error_trap</STRONG> (Thumb, 10 bytes, Stack size 0 bytes, flash_api.o(i.error_trap))
<BR><BR>[Stack]<UL><LI>Max Depth = 144 + Unknown Stack Size
<LI>Call Chain = error_trap &rArr; __2printf &rArr; _printf_char_file &rArr; _printf_char_common &rArr; __printf
</UL>
<BR>[Calls]<UL><LI><a href="#[b0]">&gt;&gt;</a>&nbsp;&nbsp;&nbsp;__2printf
</UL>
<BR>[Called By]<UL><LI><a href="#[115]">&gt;&gt;</a>&nbsp;&nbsp;&nbsp;program_flash
<LI><a href="#[110]">&gt;&gt;</a>&nbsp;&nbsp;&nbsp;flash_init
<LI><a href="#[10e]">&gt;&gt;</a>&nbsp;&nbsp;&nbsp;erase_sector
</UL>

<P><STRONG><a name="[110]"></a>flash_init</STRONG> (Thumb, 116 bytes, Stack size 8 bytes, flash_api.o(i.flash_init))
<BR><BR>[Stack]<UL><LI>Max Depth = 152 + Unknown Stack Size
<LI>Call Chain = flash_init &rArr; __2printf &rArr; _printf_char_file &rArr; _printf_char_common &rArr; __printf
</UL>
<BR>[Calls]<UL><LI><a href="#[f4]">&gt;&gt;</a>&nbsp;&nbsp;&nbsp;FTFx_CACHE_Init
<LI><a href="#[e4]">&gt;&gt;</a>&nbsp;&nbsp;&nbsp;FLASH_Init
<LI><a href="#[e2]">&gt;&gt;</a>&nbsp;&nbsp;&nbsp;FLASH_GetSecurityState
<LI><a href="#[b0]">&gt;&gt;</a>&nbsp;&nbsp;&nbsp;__2printf
<LI><a href="#[10f]">&gt;&gt;</a>&nbsp;&nbsp;&nbsp;error_trap
<LI><a href="#[db]">&gt;&gt;</a>&nbsp;&nbsp;&nbsp;__aeabi_memclr4
</UL>
<BR>[Called By]<UL><LI><a href="#[aa]">&gt;&gt;</a>&nbsp;&nbsp;&nbsp;main
</UL>

<P><STRONG><a name="[f2]"></a>fmc_flash_cache_clear</STRONG> (Thumb, 20 bytes, Stack size 16 bytes, fsl_ftfx_cache.o(i.fmc_flash_cache_clear))
<BR><BR>[Stack]<UL><LI>Max Depth = 16<LI>Call Chain = fmc_flash_cache_clear
</UL>
<BR>[Called By]<UL><LI><a href="#[f1]">&gt;&gt;</a>&nbsp;&nbsp;&nbsp;FTFx_CACHE_ClearCachePrefetchSpeculation
</UL>

<P><STRONG><a name="[f3]"></a>fmc_flash_prefetch_speculation_clear</STRONG> (Thumb, 20 bytes, Stack size 16 bytes, fsl_ftfx_cache.o(i.fmc_flash_prefetch_speculation_clear))
<BR><BR>[Stack]<UL><LI>Max Depth = 16<LI>Call Chain = fmc_flash_prefetch_speculation_clear
</UL>
<BR>[Called By]<UL><LI><a href="#[f1]">&gt;&gt;</a>&nbsp;&nbsp;&nbsp;FTFx_CACHE_ClearCachePrefetchSpeculation
</UL>

<P><STRONG><a name="[98]"></a>fputc</STRONG> (Thumb, 14 bytes, Stack size 16 bytes, fsl_debug_console.o(i.fputc))
<BR><BR>[Stack]<UL><LI>Max Depth = 412<LI>Call Chain = fputc &rArr; LOG_Push &rArr; LOG_Pop &rArr; IO_Transfer &rArr; UART_ReadBlocking &rArr; __aeabi_assert &rArr; DbgConsole_Printf &rArr;  LOG_Push (Cycle)
</UL>
<BR>[Calls]<UL><LI><a href="#[dd]">&gt;&gt;</a>&nbsp;&nbsp;&nbsp;LOG_Push
</UL>
<BR>[Address Reference Count : 1]<UL><LI> _printf_char_file.o(.text)
</UL>
<P><STRONG><a name="[aa]"></a>main</STRONG> (Thumb, 974 bytes, Stack size 296 bytes, main.o(i.main))
<BR><BR>[Stack]<UL><LI>Max Depth = 772 + Unknown Stack Size
<LI>Call Chain = main &rArr; BOARD_InitDebugConsole &rArr; DbgConsole_Init &rArr; LOG_Init &rArr; IO_Init &rArr; UART_Init &rArr; UART_GetInstance &rArr; __aeabi_assert &rArr; DbgConsole_Printf &rArr;  LOG_Push (Cycle)
</UL>
<BR>[Calls]<UL><LI><a href="#[115]">&gt;&gt;</a>&nbsp;&nbsp;&nbsp;program_flash
<LI><a href="#[113]">&gt;&gt;</a>&nbsp;&nbsp;&nbsp;md5Calculate
<LI><a href="#[110]">&gt;&gt;</a>&nbsp;&nbsp;&nbsp;flash_init
<LI><a href="#[10e]">&gt;&gt;</a>&nbsp;&nbsp;&nbsp;erase_sector
<LI><a href="#[10c]">&gt;&gt;</a>&nbsp;&nbsp;&nbsp;calculate_crc16
<LI><a href="#[ca]">&gt;&gt;</a>&nbsp;&nbsp;&nbsp;BOARD_InitPins
<LI><a href="#[c7]">&gt;&gt;</a>&nbsp;&nbsp;&nbsp;BOARD_InitDebugConsole
<LI><a href="#[c1]">&gt;&gt;</a>&nbsp;&nbsp;&nbsp;BOARD_BootClockRUN
<LI><a href="#[117]">&gt;&gt;</a>&nbsp;&nbsp;&nbsp;Jump_IAP
<LI><a href="#[116]">&gt;&gt;</a>&nbsp;&nbsp;&nbsp;__NVIC_SystemReset
<LI><a href="#[112]">&gt;&gt;</a>&nbsp;&nbsp;&nbsp;strncmp
<LI><a href="#[b2]">&gt;&gt;</a>&nbsp;&nbsp;&nbsp;__2sprintf
<LI><a href="#[b0]">&gt;&gt;</a>&nbsp;&nbsp;&nbsp;__2printf
<LI><a href="#[114]">&gt;&gt;</a>&nbsp;&nbsp;&nbsp;strcmp
</UL>
<BR>[Called By]<UL><LI><a href="#[a9]">&gt;&gt;</a>&nbsp;&nbsp;&nbsp;__rt_entry_main
</UL>

<P><STRONG><a name="[113]"></a>md5Calculate</STRONG> (Thumb, 38 bytes, Stack size 104 bytes, md5.o(i.md5Calculate))
<BR><BR>[Stack]<UL><LI>Max Depth = 468<LI>Call Chain = md5Calculate &rArr; md5Final &rArr; md5Update &rArr; md5Transform &rArr; md5Decode
</UL>
<BR>[Calls]<UL><LI><a href="#[119]">&gt;&gt;</a>&nbsp;&nbsp;&nbsp;md5Update
<LI><a href="#[118]">&gt;&gt;</a>&nbsp;&nbsp;&nbsp;md5Init
<LI><a href="#[11a]">&gt;&gt;</a>&nbsp;&nbsp;&nbsp;md5Final
</UL>
<BR>[Called By]<UL><LI><a href="#[aa]">&gt;&gt;</a>&nbsp;&nbsp;&nbsp;main
</UL>

<P><STRONG><a name="[11d]"></a>md5Decode</STRONG> (Thumb, 50 bytes, Stack size 16 bytes, md5.o(i.md5Decode))
<BR><BR>[Stack]<UL><LI>Max Depth = 16<LI>Call Chain = md5Decode
</UL>
<BR>[Called By]<UL><LI><a href="#[11c]">&gt;&gt;</a>&nbsp;&nbsp;&nbsp;md5Transform
</UL>

<P><STRONG><a name="[11b]"></a>md5Encode</STRONG> (Thumb, 62 bytes, Stack size 16 bytes, md5.o(i.md5Encode))
<BR><BR>[Stack]<UL><LI>Max Depth = 16<LI>Call Chain = md5Encode
</UL>
<BR>[Called By]<UL><LI><a href="#[11a]">&gt;&gt;</a>&nbsp;&nbsp;&nbsp;md5Final
</UL>

<P><STRONG><a name="[11a]"></a>md5Final</STRONG> (Thumb, 80 bytes, Stack size 32 bytes, md5.o(i.md5Final))
<BR><BR>[Stack]<UL><LI>Max Depth = 364<LI>Call Chain = md5Final &rArr; md5Update &rArr; md5Transform &rArr; md5Decode
</UL>
<BR>[Calls]<UL><LI><a href="#[119]">&gt;&gt;</a>&nbsp;&nbsp;&nbsp;md5Update
<LI><a href="#[11b]">&gt;&gt;</a>&nbsp;&nbsp;&nbsp;md5Encode
</UL>
<BR>[Called By]<UL><LI><a href="#[113]">&gt;&gt;</a>&nbsp;&nbsp;&nbsp;md5Calculate
</UL>

<P><STRONG><a name="[118]"></a>md5Init</STRONG> (Thumb, 26 bytes, Stack size 0 bytes, md5.o(i.md5Init))
<BR><BR>[Called By]<UL><LI><a href="#[113]">&gt;&gt;</a>&nbsp;&nbsp;&nbsp;md5Calculate
</UL>

<P><STRONG><a name="[11c]"></a>md5Transform</STRONG> (Thumb, 1898 bytes, Stack size 284 bytes, md5.o(i.md5Transform))
<BR><BR>[Stack]<UL><LI>Max Depth = 300<LI>Call Chain = md5Transform &rArr; md5Decode
</UL>
<BR>[Calls]<UL><LI><a href="#[11d]">&gt;&gt;</a>&nbsp;&nbsp;&nbsp;md5Decode
</UL>
<BR>[Called By]<UL><LI><a href="#[119]">&gt;&gt;</a>&nbsp;&nbsp;&nbsp;md5Update
</UL>

<P><STRONG><a name="[119]"></a>md5Update</STRONG> (Thumb, 140 bytes, Stack size 32 bytes, md5.o(i.md5Update))
<BR><BR>[Stack]<UL><LI>Max Depth = 332<LI>Call Chain = md5Update &rArr; md5Transform &rArr; md5Decode
</UL>
<BR>[Calls]<UL><LI><a href="#[111]">&gt;&gt;</a>&nbsp;&nbsp;&nbsp;__aeabi_memcpy
<LI><a href="#[11c]">&gt;&gt;</a>&nbsp;&nbsp;&nbsp;md5Transform
</UL>
<BR>[Called By]<UL><LI><a href="#[113]">&gt;&gt;</a>&nbsp;&nbsp;&nbsp;md5Calculate
<LI><a href="#[11a]">&gt;&gt;</a>&nbsp;&nbsp;&nbsp;md5Final
</UL>

<P><STRONG><a name="[115]"></a>program_flash</STRONG> (Thumb, 138 bytes, Stack size 48 bytes, flash_api.o(i.program_flash))
<BR><BR>[Stack]<UL><LI>Max Depth = 192 + Unknown Stack Size
<LI>Call Chain = program_flash &rArr; __2printf &rArr; _printf_char_file &rArr; _printf_char_common &rArr; __printf
</UL>
<BR>[Calls]<UL><LI><a href="#[f1]">&gt;&gt;</a>&nbsp;&nbsp;&nbsp;FTFx_CACHE_ClearCachePrefetchSpeculation
<LI><a href="#[ed]">&gt;&gt;</a>&nbsp;&nbsp;&nbsp;FLASH_VerifyProgram
<LI><a href="#[e9]">&gt;&gt;</a>&nbsp;&nbsp;&nbsp;FLASH_Program
<LI><a href="#[b0]">&gt;&gt;</a>&nbsp;&nbsp;&nbsp;__2printf
<LI><a href="#[10f]">&gt;&gt;</a>&nbsp;&nbsp;&nbsp;error_trap
</UL>
<BR>[Called By]<UL><LI><a href="#[aa]">&gt;&gt;</a>&nbsp;&nbsp;&nbsp;main
</UL>

<P><STRONG><a name="[10d]"></a>update_crc16_A001</STRONG> (Thumb, 18 bytes, Stack size 12 bytes, crc16.o(i.update_crc16_A001))
<BR><BR>[Stack]<UL><LI>Max Depth = 20<LI>Call Chain = update_crc16_A001 &rArr; update_crc16_reflected
</UL>
<BR>[Calls]<UL><LI><a href="#[11e]">&gt;&gt;</a>&nbsp;&nbsp;&nbsp;update_crc16_reflected
</UL>
<BR>[Called By]<UL><LI><a href="#[10c]">&gt;&gt;</a>&nbsp;&nbsp;&nbsp;calculate_crc16
</UL>

<P><STRONG><a name="[11e]"></a>update_crc16_reflected</STRONG> (Thumb, 22 bytes, Stack size 8 bytes, crc16.o(i.update_crc16_reflected))
<BR><BR>[Stack]<UL><LI>Max Depth = 8<LI>Call Chain = update_crc16_reflected
</UL>
<BR>[Called By]<UL><LI><a href="#[10d]">&gt;&gt;</a>&nbsp;&nbsp;&nbsp;update_crc16_A001
</UL>

<P><STRONG><a name="[a6]"></a>_fp_init</STRONG> (Thumb, 10 bytes, Stack size 0 bytes, fpinit.o(x$fpl$fpinit))
<BR><BR>[Called By]<UL><LI><a href="#[a5]">&gt;&gt;</a>&nbsp;&nbsp;&nbsp;__rt_lib_init_fp_1
</UL>

<P><STRONG><a name="[14e]"></a>__fplib_config_fpu_vfp</STRONG> (Thumb, 0 bytes, Stack size unknown bytes, fpinit.o(x$fpl$fpinit), UNUSED)

<P><STRONG><a name="[14f]"></a>__fplib_config_pureend_doubles</STRONG> (Thumb, 0 bytes, Stack size unknown bytes, fpinit.o(x$fpl$fpinit), UNUSED)
<P>
<H3>
Local Symbols
</H3>
<P><STRONG><a name="[116]"></a>__NVIC_SystemReset</STRONG> (Thumb, 56 bytes, Stack size 0 bytes, main.o(i.__NVIC_SystemReset))
<BR><BR>[Called By]<UL><LI><a href="#[aa]">&gt;&gt;</a>&nbsp;&nbsp;&nbsp;main
</UL>

<P><STRONG><a name="[cb]"></a>PORT_SetPinMux</STRONG> (Thumb, 14 bytes, Stack size 0 bytes, pin_mux.o(i.PORT_SetPinMux))
<BR><BR>[Called By]<UL><LI><a href="#[ca]">&gt;&gt;</a>&nbsp;&nbsp;&nbsp;BOARD_InitPins
</UL>

<P><STRONG><a name="[c4]"></a>CLOCK_CONFIG_SetFllExtRefDiv</STRONG> (Thumb, 14 bytes, Stack size 0 bytes, clock_config.o(i.CLOCK_CONFIG_SetFllExtRefDiv))
<BR><BR>[Called By]<UL><LI><a href="#[c1]">&gt;&gt;</a>&nbsp;&nbsp;&nbsp;BOARD_BootClockRUN
</UL>

<P><STRONG><a name="[101]"></a>ConvertRadixNumToString</STRONG> (Thumb, 168 bytes, Stack size 36 bytes, fsl_str.o(i.ConvertRadixNumToString))
<BR><BR>[Stack]<UL><LI>Max Depth = 36<LI>Call Chain = ConvertRadixNumToString
</UL>
<BR>[Called By]<UL><LI><a href="#[dc]">&gt;&gt;</a>&nbsp;&nbsp;&nbsp;StrFormatPrintf
</UL>

<P><STRONG><a name="[99]"></a>DbgConsole_RelocateLog</STRONG> (Thumb, 62 bytes, Stack size 24 bytes, fsl_debug_console.o(i.DbgConsole_RelocateLog))
<BR><BR>[Stack]<UL><LI>Max Depth = 420<LI>Call Chain = DbgConsole_RelocateLog &rArr; LOG_Push &rArr; LOG_Pop &rArr; IO_Transfer &rArr; UART_ReadBlocking &rArr; __aeabi_assert &rArr; DbgConsole_Printf &rArr;  LOG_Push (Cycle)
</UL>
<BR>[Calls]<UL><LI><a href="#[dd]">&gt;&gt;</a>&nbsp;&nbsp;&nbsp;LOG_Push
</UL>
<BR>[Address Reference Count : 1]<UL><LI> fsl_debug_console.o(i.DbgConsole_Printf)
</UL>
<P><STRONG><a name="[f6]"></a>ftfx_check_mem_range</STRONG> (Thumb, 52 bytes, Stack size 12 bytes, fsl_ftfx_controller.o(i.ftfx_check_mem_range))
<BR><BR>[Stack]<UL><LI>Max Depth = 12<LI>Call Chain = ftfx_check_mem_range
</UL>
<BR>[Called By]<UL><LI><a href="#[ee]">&gt;&gt;</a>&nbsp;&nbsp;&nbsp;FTFx_CMD_VerifyProgram
<LI><a href="#[ec]">&gt;&gt;</a>&nbsp;&nbsp;&nbsp;FTFx_CMD_VerifyErase
<LI><a href="#[ea]">&gt;&gt;</a>&nbsp;&nbsp;&nbsp;FTFx_CMD_Program
<LI><a href="#[e1]">&gt;&gt;</a>&nbsp;&nbsp;&nbsp;FTFx_CMD_Erase
</UL>

<P><STRONG><a name="[f7]"></a>ftfx_check_user_key</STRONG> (Thumb, 16 bytes, Stack size 0 bytes, fsl_ftfx_controller.o(i.ftfx_check_user_key))
<BR><BR>[Called By]<UL><LI><a href="#[e1]">&gt;&gt;</a>&nbsp;&nbsp;&nbsp;FTFx_CMD_Erase
</UL>

<P><STRONG><a name="[f8]"></a>ftfx_command_sequence</STRONG> (Thumb, 56 bytes, Stack size 16 bytes, fsl_ftfx_controller.o(i.ftfx_command_sequence))
<BR><BR>[Stack]<UL><LI>Max Depth = 16<LI>Call Chain = ftfx_command_sequence
</UL>
<BR>[Called By]<UL><LI><a href="#[ee]">&gt;&gt;</a>&nbsp;&nbsp;&nbsp;FTFx_CMD_VerifyProgram
<LI><a href="#[ec]">&gt;&gt;</a>&nbsp;&nbsp;&nbsp;FTFx_CMD_VerifyErase
<LI><a href="#[ea]">&gt;&gt;</a>&nbsp;&nbsp;&nbsp;FTFx_CMD_Program
<LI><a href="#[e1]">&gt;&gt;</a>&nbsp;&nbsp;&nbsp;FTFx_CMD_Erase
</UL>

<P><STRONG><a name="[ef]"></a>ftfx_copy_run_command_to_ram</STRONG> (Thumb, 16 bytes, Stack size 0 bytes, fsl_ftfx_controller.o(i.ftfx_copy_run_command_to_ram))
<BR><BR>[Called By]<UL><LI><a href="#[e8]">&gt;&gt;</a>&nbsp;&nbsp;&nbsp;FTFx_API_Init
</UL>

<P><STRONG><a name="[f0]"></a>ftfx_init_ifr</STRONG> (Thumb, 54 bytes, Stack size 0 bytes, fsl_ftfx_controller.o(i.ftfx_init_ifr))
<BR><BR>[Called By]<UL><LI><a href="#[e8]">&gt;&gt;</a>&nbsp;&nbsp;&nbsp;FTFx_API_Init
</UL>

<P><STRONG><a name="[f9]"></a>ftfx_read_word_from_byte_address</STRONG> (Thumb, 40 bytes, Stack size 8 bytes, fsl_ftfx_controller.o(i.ftfx_read_word_from_byte_address))
<BR><BR>[Stack]<UL><LI>Max Depth = 8<LI>Call Chain = ftfx_read_word_from_byte_address
</UL>
<BR>[Called By]<UL><LI><a href="#[ee]">&gt;&gt;</a>&nbsp;&nbsp;&nbsp;FTFx_CMD_VerifyProgram
<LI><a href="#[ea]">&gt;&gt;</a>&nbsp;&nbsp;&nbsp;FTFx_CMD_Program
</UL>

<P><STRONG><a name="[e6]"></a>flash_calculate_mem_size</STRONG> (Thumb, 34 bytes, Stack size 16 bytes, fsl_ftfx_flash.o(i.flash_calculate_mem_size))
<BR><BR>[Stack]<UL><LI>Max Depth = 16<LI>Call Chain = flash_calculate_mem_size
</UL>
<BR>[Called By]<UL><LI><a href="#[e4]">&gt;&gt;</a>&nbsp;&nbsp;&nbsp;FLASH_Init
</UL>

<P><STRONG><a name="[e7]"></a>flash_calculate_prot_segment_size</STRONG> (Thumb, 20 bytes, Stack size 0 bytes, fsl_ftfx_flash.o(i.flash_calculate_prot_segment_size))
<BR><BR>[Called By]<UL><LI><a href="#[e4]">&gt;&gt;</a>&nbsp;&nbsp;&nbsp;FLASH_Init
</UL>

<P><STRONG><a name="[df]"></a>flash_check_range_to_get_index</STRONG> (Thumb, 102 bytes, Stack size 16 bytes, fsl_ftfx_flash.o(i.flash_check_range_to_get_index))
<BR><BR>[Stack]<UL><LI>Max Depth = 16<LI>Call Chain = flash_check_range_to_get_index
</UL>
<BR>[Called By]<UL><LI><a href="#[ed]">&gt;&gt;</a>&nbsp;&nbsp;&nbsp;FLASH_VerifyProgram
<LI><a href="#[eb]">&gt;&gt;</a>&nbsp;&nbsp;&nbsp;FLASH_VerifyErase
<LI><a href="#[e9]">&gt;&gt;</a>&nbsp;&nbsp;&nbsp;FLASH_Program
<LI><a href="#[de]">&gt;&gt;</a>&nbsp;&nbsp;&nbsp;FLASH_Erase
</UL>

<P><STRONG><a name="[e0]"></a>flash_convert_start_address</STRONG> (Thumb, 38 bytes, Stack size 0 bytes, fsl_ftfx_flash.o(i.flash_convert_start_address))
<BR><BR>[Called By]<UL><LI><a href="#[ed]">&gt;&gt;</a>&nbsp;&nbsp;&nbsp;FLASH_VerifyProgram
<LI><a href="#[eb]">&gt;&gt;</a>&nbsp;&nbsp;&nbsp;FLASH_VerifyErase
<LI><a href="#[e9]">&gt;&gt;</a>&nbsp;&nbsp;&nbsp;FLASH_Program
<LI><a href="#[de]">&gt;&gt;</a>&nbsp;&nbsp;&nbsp;FLASH_Erase
</UL>

<P><STRONG><a name="[e5]"></a>flash_init_features</STRONG> (Thumb, 64 bytes, Stack size 0 bytes, fsl_ftfx_flash.o(i.flash_init_features))
<BR><BR>[Called By]<UL><LI><a href="#[e4]">&gt;&gt;</a>&nbsp;&nbsp;&nbsp;FLASH_Init
</UL>

<P><STRONG><a name="[f5]"></a>ftfx_copy_common_bit_operation_to_ram</STRONG> (Thumb, 16 bytes, Stack size 8 bytes, fsl_ftfx_cache.o(i.ftfx_copy_common_bit_operation_to_ram))
<BR><BR>[Stack]<UL><LI>Max Depth = 8<LI>Call Chain = ftfx_copy_common_bit_operation_to_ram
</UL>
<BR>[Calls]<UL><LI><a href="#[111]">&gt;&gt;</a>&nbsp;&nbsp;&nbsp;__aeabi_memcpy
</UL>
<BR>[Called By]<UL><LI><a href="#[f4]">&gt;&gt;</a>&nbsp;&nbsp;&nbsp;FTFx_CACHE_Init
</UL>

<P><STRONG><a name="[d1]"></a>CLOCK_GetFllExtRefClkFreq</STRONG> (Thumb, 108 bytes, Stack size 24 bytes, fsl_clock.o(i.CLOCK_GetFllExtRefClkFreq))
<BR><BR>[Stack]<UL><LI>Max Depth = 348<LI>Call Chain = CLOCK_GetFllExtRefClkFreq &rArr; CLOCK_GetMcgExtClkFreq &rArr; __aeabi_assert &rArr; DbgConsole_Printf &rArr;  LOG_Push (Cycle)
</UL>
<BR>[Calls]<UL><LI><a href="#[d2]">&gt;&gt;</a>&nbsp;&nbsp;&nbsp;CLOCK_GetMcgExtClkFreq
</UL>
<BR>[Called By]<UL><LI><a href="#[d4]">&gt;&gt;</a>&nbsp;&nbsp;&nbsp;CLOCK_GetFllRefClkFreq
</UL>

<P><STRONG><a name="[d4]"></a>CLOCK_GetFllRefClkFreq</STRONG> (Thumb, 24 bytes, Stack size 8 bytes, fsl_clock.o(i.CLOCK_GetFllRefClkFreq))
<BR><BR>[Stack]<UL><LI>Max Depth = 356<LI>Call Chain = CLOCK_GetFllRefClkFreq &rArr; CLOCK_GetFllExtRefClkFreq &rArr; CLOCK_GetMcgExtClkFreq &rArr; __aeabi_assert &rArr; DbgConsole_Printf &rArr;  LOG_Push (Cycle)
</UL>
<BR>[Calls]<UL><LI><a href="#[d1]">&gt;&gt;</a>&nbsp;&nbsp;&nbsp;CLOCK_GetFllExtRefClkFreq
</UL>
<BR>[Called By]<UL><LI><a href="#[d3]">&gt;&gt;</a>&nbsp;&nbsp;&nbsp;CLOCK_GetFllFreq
</UL>

<P><STRONG><a name="[d6]"></a>CLOCK_GetInternalRefClkSelectFreq</STRONG> (Thumb, 32 bytes, Stack size 0 bytes, fsl_clock.o(i.CLOCK_GetInternalRefClkSelectFreq))
<BR><BR>[Called By]<UL><LI><a href="#[d0]">&gt;&gt;</a>&nbsp;&nbsp;&nbsp;CLOCK_GetOutClkFreq
</UL>

<P><STRONG><a name="[d2]"></a>CLOCK_GetMcgExtClkFreq</STRONG> (Thumb, 84 bytes, Stack size 8 bytes, fsl_clock.o(i.CLOCK_GetMcgExtClkFreq))
<BR><BR>[Stack]<UL><LI>Max Depth = 324<LI>Call Chain = CLOCK_GetMcgExtClkFreq &rArr; __aeabi_assert &rArr; DbgConsole_Printf &rArr;  LOG_Push (Cycle)
</UL>
<BR>[Calls]<UL><LI><a href="#[cc]">&gt;&gt;</a>&nbsp;&nbsp;&nbsp;__aeabi_assert
</UL>
<BR>[Called By]<UL><LI><a href="#[d0]">&gt;&gt;</a>&nbsp;&nbsp;&nbsp;CLOCK_GetOutClkFreq
<LI><a href="#[d7]">&gt;&gt;</a>&nbsp;&nbsp;&nbsp;CLOCK_GetPll0RefFreq
<LI><a href="#[d1]">&gt;&gt;</a>&nbsp;&nbsp;&nbsp;CLOCK_GetFllExtRefClkFreq
</UL>

<P><STRONG><a name="[d8]"></a>CLOCK_GetOscRangeFromFreq</STRONG> (Thumb, 28 bytes, Stack size 0 bytes, fsl_clock.o(i.CLOCK_GetOscRangeFromFreq))
<BR><BR>[Called By]<UL><LI><a href="#[c2]">&gt;&gt;</a>&nbsp;&nbsp;&nbsp;CLOCK_InitOsc0
</UL>

<P><STRONG><a name="[d7]"></a>CLOCK_GetPll0RefFreq</STRONG> (Thumb, 8 bytes, Stack size 8 bytes, fsl_clock.o(i.CLOCK_GetPll0RefFreq))
<BR><BR>[Stack]<UL><LI>Max Depth = 332<LI>Call Chain = CLOCK_GetPll0RefFreq &rArr; CLOCK_GetMcgExtClkFreq &rArr; __aeabi_assert &rArr; DbgConsole_Printf &rArr;  LOG_Push (Cycle)
</UL>
<BR>[Calls]<UL><LI><a href="#[d2]">&gt;&gt;</a>&nbsp;&nbsp;&nbsp;CLOCK_GetMcgExtClkFreq
</UL>
<BR>[Called By]<UL><LI><a href="#[d5]">&gt;&gt;</a>&nbsp;&nbsp;&nbsp;CLOCK_GetPll0Freq
</UL>

<P><STRONG><a name="[97]"></a>_printf_input_char</STRONG> (Thumb, 10 bytes, Stack size 0 bytes, _printf_char_common.o(.text))
<BR>[Address Reference Count : 1]<UL><LI> _printf_char_common.o(.text)
</UL><P>
<H3>
Undefined Global Symbols
</H3><HR></body></html>
