<html>
<body>
<pre>
<h1>µVision Build Log</h1>
<h2>Tool Versions:</h2>
IDE-Version: ¦ÌVision V5.24.2.0
Copyright (C) 2017 ARM Ltd and ARM Germany GmbH. All rights reserved.
License Information: A Derek, A, LIC=IK156-DURBD-CWG2K-Z48RC-NN00X-J0AUA
 
Tool Versions:
Toolchain:       MDK-ARM Plus  Version: 5.24.1
Toolchain Path:  E:\KEIL\ARM\ARMCC\Bin
C Compiler:      Armcc.exe V5.06 update 5 (build 528)
Assembler:       Armasm.exe V5.06 update 5 (build 528)
Linker/Locator:  ArmLink.exe V5.06 update 5 (build 528)
Library Manager: ArmAr.exe V5.06 update 5 (build 528)
Hex Converter:   FromElf.exe V5.06 update 5 (build 528)
CPU DLL:         SARMCM3.DLL V5.24.1
Dialog DLL:      DCM.DLL V1.16.0.0
Target DLL:      Segger\JL2CM3.dll V2.99.26.0
Dialog DLL:      TCM.DLL V1.32.0.0
 
<h2>Project:</h2>
C:\Users\Derek\Desktop\BTC-Device\BTC_APP\BTC.uvprojx
Project File Date:  12/27/2018

<h2>Output:</h2>
*** Using Compiler 'V5.06 update 5 (build 528)', folder: 'E:\KEIL\ARM\ARMCC\Bin'
*** Warning: Using Microlib and C++ file(s) might cause the linker to fail !
  
Build target 'BTC'
compiling fsl_phy.c...
compiling fsl_common.c...
compiling clock_config.c...
compiling pin_mux.c...
compiling board.c...
compiling fsl_clock.c...
compiling main.c...
compiling fsl_sim.c...
compiling fsl_gpio.c...
compiling fsl_enet.c...
compiling fsl_smc.c...
compiling fsl_ftm.c...
compiling fsl_uart.c...
compiling fsl_i2c.c...
compiling fsl_lptmr.c...
compiling fsl_adc16.c...
compiling fsl_flash.c...
compiling fsl_debug_console.c...
compiling system_MK64F12.c...
compiling sys_arch.c...
compiling api_msg.c...
compiling err.c...
compiling ethernetif.c...
compiling api_lib.c...
compiling netdb.c...
compiling netbuf.c...
compiling netifapi.c...
compiling inet_chksum.c...
compiling def.c...
compiling tcpip.c...
compiling dns.c...
compiling ip.c...
compiling init.c...
compiling sockets.c...
compiling mem.c...
compiling raw.c...
compiling stats.c...
compiling sys.c...
compiling pbuf.c...
compiling netif.c...
compiling memp.c...
compiling tcp.c...
compiling tcp_in.c...
compiling tcp_out.c...
compiling autoip.c...
compiling timeouts.c...
compiling udp.c...
compiling etharp.c...
compiling dhcp.c...
compiling icmp.c...
compiling igmp.c...
compiling ethip6.c...
compiling dhcp6.c...
compiling ip4_addr.c...
compiling ip4.c...
compiling ip4_frag.c...
compiling inet6.c...
compiling icmp6.c...
compiling ip6.c...
compiling ip6_addr.c...
compiling mld6.c...
compiling nd6.c...
compiling ethernetif.c...
compiling ip6_frag.c...
compiling ethernet.c...
compiling lowpan6.c...
compiling slipif.c...
compiling auth.c...
compiling eap.c...
compiling chap-md5.c...
compiling chap_ms.c...
compiling chap-new.c...
compiling ccp.c...
compiling demand.c...
compiling eui64.c...
compiling lwip_ecp.c...
compiling magic.c...
compiling lcp.c...
compiling ipcp.c...
compiling ipv6cp.c...
compiling fsm.c...
compiling mppe.c...
compiling multilink.c...
compiling pppapi.c...
compiling pppcrypt.c...
compiling pppoe.c...
compiling ppp.c...
compiling croutine.c...
compiling pppol2tp.c...
compiling pppos.c...
compiling upap.c...
compiling event_groups.c...
compiling list.c...
compiling queue.c...
compiling tasks.c...
compiling timers.c...
compiling utils.c...
compiling heap_3.c...
compiling fsl_tickless_systick.c...
compiling vj.c...
compiling cJSON.cpp...
cJSON\cJSON.cpp(55): warning:  #1293-D: assignment in condition
        if (!(copy = (char*)cJSON_malloc(len))) 
cJSON\cJSON.cpp(284): warning:  #1293-D: assignment in condition
  		while ((token=*ptr) && ++len) 
cJSON\cJSON.cpp(435): warning:  #1293-D: assignment in condition
          if (!(new_item=cJSON_New_Item())) return 0;     /* memory fail */
cJSON\cJSON.cpp(547): warning:  #1293-D: assignment in condition
          if (!(new_item=cJSON_New_Item()))   return 0; /* memory fail */
cJSON\cJSON.cpp: 4 warnings, 0 errors
compiling port.c...
compiling adc_api.c...
compiling md5.c...
compiling ftm_api.c...
compiling i2c_api.c...
compiling gpio_api.c...
compiling dhcp_api.c...
compiling sensor.c...
compiling delay.c...
compiling calculateBinSize.c...
compiling flash_api.c...
compiling exceptionHandle_Thread.c...
compiling oneSecondTimer_Thread.c...
compiling HeartBeat_Thread.c...
compiling crc16.c...
compiling workHandle_Thread.c...
compiling getMAC.c...
compiling ota_api.c...
compiling NetWork_Thread.c...
linking...
Program Size: Code=97412 RO-data=5696 RW-data=684 ZI-data=126136  
After Build - User command #1: fromelf --bin -o ./BTC.bin ./Objects/BTC.out
".\Objects\BTC.out" - 0 Error(s), 4 Warning(s).

<h2>Software Packages used:</h2>

Package Vendor: Keil
                http://www.keil.com/pack/Keil.Kinetis_K60_DFP.1.5.0.pack
                Keil.Kinetis_K60_DFP.1.5.0
                NXP Kinetis K60 Series Device Support and Examples

<h2>Collection of Component include folders:</h2>
  .\RTE\_BTC
  E:\KEIL\ARM\PACK\Keil\Kinetis_K60_DFP\1.5.0\Device\Include

<h2>Collection of Component Files used:</h2>
Build Time Elapsed:  00:01:21
</pre>
</body>
</html>
