Component: ARM Compiler 5.06 update 5 (build 528) Tool: armlink [4d35e2]

==============================================================================

Section Cross References

    main.o(i.Jump_IAP) refers to main.o(.data) for JumpAddress
    main.o(i.app_finalize) refers to fsl_debug_console.o(i.DbgConsole_Printf) for DbgConsole_Printf
    main.o(i.main) refers to _printf_pad.o(.text) for _printf_pre_padding
    main.o(i.main) refers to _printf_percent.o(.ARM.Collect$$_printf_percent$$00000000) for _printf_percent
    main.o(i.main) refers to _printf_x.o(.ARM.Collect$$_printf_percent$$0000000C) for _printf_x
    main.o(i.main) refers to _printf_hex_int.o(.text) for _printf_longlong_hex
    main.o(i.main) refers to _printf_d.o(.ARM.Collect$$_printf_percent$$00000009) for _printf_d
    main.o(i.main) refers to _printf_s.o(.ARM.Collect$$_printf_percent$$00000014) for _printf_s
    main.o(i.main) refers to _printf_dec.o(.text) for _printf_int_dec
    main.o(i.main) refers to _printf_str.o(.text) for _printf_str
    main.o(i.main) refers to pin_mux.o(i.BOARD_InitPins) for BOARD_InitPins
    main.o(i.main) refers to clock_config.o(i.BOARD_BootClockRUN) for BOARD_BootClockRUN
    main.o(i.main) refers to board.o(i.BOARD_InitDebugConsole) for BOARD_InitDebugConsole
    main.o(i.main) refers to flash_api.o(i.flash_init) for flash_init
    main.o(i.main) refers to noretval__2printf.o(.text) for __2printf
    main.o(i.main) refers to strncmp.o(.text) for strncmp
    main.o(i.main) refers to md5.o(i.md5Calculate) for md5Calculate
    main.o(i.main) refers to noretval__2sprintf.o(.text) for __2sprintf
    main.o(i.main) refers to crc16.o(i.calculate_crc16) for calculate_crc16
    main.o(i.main) refers to strcmpv7m.o(.text) for strcmp
    main.o(i.main) refers to flash_api.o(i.erase_sector) for erase_sector
    main.o(i.main) refers to flash_api.o(i.program_flash) for program_flash
    main.o(i.main) refers to main.o(i.__NVIC_SystemReset) for __NVIC_SystemReset
    main.o(i.main) refers to main.o(i.Jump_IAP) for Jump_IAP
    main.o(i.main) refers to main.o(.conststring) for .conststring
    main.o(i.main) refers to main.o(.bss) for tempBuffer
    pin_mux.o(i.BOARD_InitPins) refers to pin_mux.o(i.PORT_SetPinMux) for PORT_SetPinMux
    board.o(i.BOARD_InitDebugConsole) refers to fsl_clock.o(i.CLOCK_GetCoreSysClkFreq) for CLOCK_GetCoreSysClkFreq
    board.o(i.BOARD_InitDebugConsole) refers to fsl_debug_console.o(i.DbgConsole_Init) for DbgConsole_Init
    clock_config.o(i.BOARD_BootClockRUN) refers to fsl_clock.o(i.CLOCK_InitOsc0) for CLOCK_InitOsc0
    clock_config.o(i.BOARD_BootClockRUN) refers to fsl_clock.o(i.CLOCK_SetInternalRefClkConfig) for CLOCK_SetInternalRefClkConfig
    clock_config.o(i.BOARD_BootClockRUN) refers to clock_config.o(i.CLOCK_CONFIG_SetFllExtRefDiv) for CLOCK_CONFIG_SetFllExtRefDiv
    clock_config.o(i.BOARD_BootClockRUN) refers to fsl_clock.o(i.CLOCK_BootToPeeMode) for CLOCK_BootToPeeMode
    clock_config.o(i.BOARD_BootClockRUN) refers to fsl_clock.o(i.CLOCK_SetSimConfig) for CLOCK_SetSimConfig
    clock_config.o(i.BOARD_BootClockRUN) refers to clock_config.o(.constdata) for oscConfig_BOARD_BootClockRUN
    clock_config.o(i.BOARD_BootClockRUN) refers to fsl_clock.o(.data) for g_xtal0Freq
    clock_config.o(i.BOARD_BootClockRUN) refers to system_mk64f12.o(.data) for SystemCoreClock
    clock_config.o(i.BOARD_BootClockVLPR) refers to fsl_clock.o(i.CLOCK_BootToBlpiMode) for CLOCK_BootToBlpiMode
    clock_config.o(i.BOARD_BootClockVLPR) refers to fsl_clock.o(i.CLOCK_SetSimConfig) for CLOCK_SetSimConfig
    clock_config.o(i.BOARD_BootClockVLPR) refers to fsl_smc.o(i.SMC_SetPowerModeVlpr) for SMC_SetPowerModeVlpr
    clock_config.o(i.BOARD_BootClockVLPR) refers to clock_config.o(.constdata) for mcgConfig_BOARD_BootClockVLPR
    clock_config.o(i.BOARD_BootClockVLPR) refers to system_mk64f12.o(.data) for SystemCoreClock
    fsl_io.o(i.IO_Deinit) refers to fsl_uart.o(i.UART_Deinit) for UART_Deinit
    fsl_io.o(i.IO_Deinit) refers to fsl_io.o(.data) for s_debugConsoleIO
    fsl_io.o(i.IO_Init) refers to fsl_assert.o(i.__aeabi_assert) for __aeabi_assert
    fsl_io.o(i.IO_Init) refers to fsl_uart.o(i.UART_GetDefaultConfig) for UART_GetDefaultConfig
    fsl_io.o(i.IO_Init) refers to fsl_uart.o(i.UART_Init) for UART_Init
    fsl_io.o(i.IO_Init) refers to fsl_io.o(.data) for s_debugConsoleIO
    fsl_io.o(i.IO_Transfer) refers to fsl_uart.o(i.UART_WriteBlocking) for UART_WriteBlocking
    fsl_io.o(i.IO_Transfer) refers to fsl_uart.o(i.UART_ReadBlocking) for UART_ReadBlocking
    fsl_io.o(i.IO_Transfer) refers to fsl_io.o(.data) for s_debugConsoleIO
    fsl_io.o(i.IO_WaitIdle) refers to fsl_uart.o(i.UART_GetStatusFlags) for UART_GetStatusFlags
    fsl_io.o(i.IO_WaitIdle) refers to fsl_io.o(.data) for s_debugConsoleIO
    fsl_log.o(i.LOG_Deinit) refers to fsl_io.o(i.IO_Deinit) for IO_Deinit
    fsl_log.o(i.LOG_Init) refers to fsl_io.o(i.IO_Init) for IO_Init
[...]
    .ARM.Collect$$libinit$$00000023          0x000004a0   Section        0  libinit2.o(.ARM.Collect$$libinit$$00000023)
    .ARM.Collect$$libinit$$00000025          0x000004a0   Section        0  libinit2.o(.ARM.Collect$$libinit$$00000025)
    .ARM.Collect$$libinit$$0000002C          0x000004a0   Section        0  libinit2.o(.ARM.Collect$$libinit$$0000002C)
    .ARM.Collect$$libinit$$0000002E          0x000004a0   Section        0  libinit2.o(.ARM.Collect$$libinit$$0000002E)
    .ARM.Collect$$libinit$$00000030          0x000004a0   Section        0  libinit2.o(.ARM.Collect$$libinit$$00000030)
    .ARM.Collect$$libinit$$00000032          0x000004a0   Section        0  libinit2.o(.ARM.Collect$$libinit$$00000032)
    .ARM.Collect$$libinit$$00000033          0x000004a0   Section        2  libinit2.o(.ARM.Collect$$libinit$$00000033)
    .ARM.Collect$$libshutdown$$00000000      0x000004a2   Section        2  libshutdown.o(.ARM.Collect$$libshutdown$$00000000)
    .ARM.Collect$$libshutdown$$00000002      0x000004a4   Section        0  libshutdown2.o(.ARM.Collect$$libshutdown$$00000002)
    .ARM.Collect$$libshutdown$$00000004      0x000004a4   Section        0  libshutdown2.o(.ARM.Collect$$libshutdown$$00000004)
    .ARM.Collect$$libshutdown$$00000007      0x000004a4   Section        0  libshutdown2.o(.ARM.Collect$$libshutdown$$00000007)
    .ARM.Collect$$libshutdown$$0000000A      0x000004a4   Section        0  libshutdown2.o(.ARM.Collect$$libshutdown$$0000000A)
    .ARM.Collect$$libshutdown$$0000000C      0x000004a4   Section        0  libshutdown2.o(.ARM.Collect$$libshutdown$$0000000C)
    .ARM.Collect$$libshutdown$$0000000F      0x000004a4   Section        0  libshutdown2.o(.ARM.Collect$$libshutdown$$0000000F)
    .ARM.Collect$$libshutdown$$00000010      0x000004a4   Section        2  libshutdown2.o(.ARM.Collect$$libshutdown$$00000010)
    .ARM.Collect$$rtentry$$00000000          0x000004a6   Section        0  __rtentry.o(.ARM.Collect$$rtentry$$00000000)
    .ARM.Collect$$rtentry$$00000002          0x000004a6   Section        0  __rtentry2.o(.ARM.Collect$$rtentry$$00000002)
    .ARM.Collect$$rtentry$$00000007          0x000004a6   Section        4  __rtentry7.o(.ARM.Collect$$rtentry$$00000007)
    .ARM.Collect$$rtentry$$00000009          0x000004aa   Section        0  __rtentry2.o(.ARM.Collect$$rtentry$$00000009)
    .ARM.Collect$$rtentry$$0000000A          0x000004aa   Section        4  __rtentry2.o(.ARM.Collect$$rtentry$$0000000A)
    .ARM.Collect$$rtentry$$0000000C          0x000004ae   Section        0  __rtentry2.o(.ARM.Collect$$rtentry$$0000000C)
    .ARM.Collect$$rtentry$$0000000D          0x000004ae   Section        8  __rtentry2.o(.ARM.Collect$$rtentry$$0000000D)
    .ARM.Collect$$rtentry$$00002718          0x000004b8   Section        4  __rtentry7.o(.ARM.Collect$$rtentry$$00002718)
    __lit__00000000                          0x000004b8   Data           4  __rtentry7.o(.ARM.Collect$$rtentry$$00002718)
    .ARM.Collect$$rtexit$$00000000           0x000004bc   Section        2  rtexit.o(.ARM.Collect$$rtexit$$00000000)
    .ARM.Collect$$rtexit$$00000002           0x000004be   Section        0  rtexit2.o(.ARM.Collect$$rtexit$$00000002)
    .ARM.Collect$$rtexit$$00000003           0x000004be   Section        4  rtexit2.o(.ARM.Collect$$rtexit$$00000003)
    .ARM.Collect$$rtexit$$00000004           0x000004c2   Section        6  rtexit2.o(.ARM.Collect$$rtexit$$00000004)
    .text                                    0x000004c8   Section      460  startup_mk64f12.o(.text)
    $v0                                      0x000004c8   Number         0  startup_mk64f12.o(.text)
    .text                                    0x00000694   Section        0  noretval__2printf.o(.text)
    .text                                    0x000006ac   Section        0  noretval__2sprintf.o(.text)
    .text                                    0x000006d4   Section        0  _printf_pad.o(.text)
    .text                                    0x00000722   Section        0  _printf_str.o(.text)
    .text                                    0x00000774   Section        0  _printf_dec.o(.text)
    .text                                    0x000007ec   Section        0  _printf_hex_int.o(.text)
    .text                                    0x00000844   Section        0  __printf_flags_wp.o(.text)
    .text                                    0x0000097c   Section        0  strlen.o(.text)
    .text                                    0x000009ba   Section        0  strncmp.o(.text)
    .text                                    0x00000a50   Section      138  rt_memcpy_v6.o(.text)
    .text                                    0x00000ada   Section       78  rt_memclr_w.o(.text)
    .text                                    0x00000b28   Section      128  strcmpv7m.o(.text)
    .text                                    0x00000ba8   Section        0  _printf_intcommon.o(.text)
    .text                                    0x00000c5c   Section        0  _printf_char_common.o(.text)
    _printf_input_char                       0x00000c5d   Thumb Code    10  _printf_char_common.o(.text)
    .text                                    0x00000c8c   Section        0  _sputc.o(.text)
    .text                                    0x00000c96   Section        0  _printf_char.o(.text)
    .text                                    0x00000cc4   Section        0  _printf_char_file.o(.text)
    .text                                    0x00000ce8   Section      100  rt_memcpy_w.o(.text)
    .text                                    0x00000d4c   Section        0  ferror.o(.text)
    .text                                    0x00000d54   Section        2  use_no_semi.o(.text)
    .text                                    0x00000d56   Section        0  exit.o(.text)
    .text                                    0x00000d56   Section        0  indicate_semi.o(.text)
    .text                                    0x00000d68   Section        0  sys_exit.o(.text)
    i.BOARD_BootClockRUN                     0x00000d74   Section        0  clock_config.o(i.BOARD_BootClockRUN)
    i.BOARD_InitDebugConsole                 0x00000de0   Section        0  board.o(i.BOARD_InitDebugConsole)
    i.BOARD_InitPins                         0x00000dfc   Section        0  pin_mux.o(i.BOARD_InitPins)
    i.CLOCK_BootToPeeMode                    0x00000e44   Section        0  fsl_clock.o(i.CLOCK_BootToPeeMode)
    i.CLOCK_CONFIG_SetFllExtRefDiv           0x00000eb8   Section        0  clock_config.o(i.CLOCK_CONFIG_SetFllExtRefDiv)
    CLOCK_CONFIG_SetFllExtRefDiv             0x00000eb9   Thumb Code    14  clock_config.o(i.CLOCK_CONFIG_SetFllExtRefDiv)
    i.CLOCK_EnablePll0                       0x00000ecc   Section        0  fsl_clock.o(i.CLOCK_EnablePll0)
    i.CLOCK_GetCoreSysClkFreq                0x00000f4c   Section        0  fsl_clock.o(i.CLOCK_GetCoreSysClkFreq)
    i.CLOCK_GetFllExtRefClkFreq              0x00000f68   Section        0  fsl_clock.o(i.CLOCK_GetFllExtRefClkFreq)
    CLOCK_GetFllExtRefClkFreq                0x00000f69   Thumb Code   108  fsl_clock.o(i.CLOCK_GetFllExtRefClkFreq)
    i.CLOCK_GetFllFreq                       0x00000fd8   Section        0  fsl_clock.o(i.CLOCK_GetFllFreq)
    i.CLOCK_GetFllRefClkFreq                 0x00001024   Section        0  fsl_clock.o(i.CLOCK_GetFllRefClkFreq)
    CLOCK_GetFllRefClkFreq                   0x00001025   Thumb Code    24  fsl_clock.o(i.CLOCK_GetFllRefClkFreq)
    i.CLOCK_GetInternalRefClkSelectFreq      0x00001044   Section        0  fsl_clock.o(i.CLOCK_GetInternalRefClkSelectFreq)
    CLOCK_GetInternalRefClkSelectFreq        0x00001045   Thumb Code    32  fsl_clock.o(i.CLOCK_GetInternalRefClkSelectFreq)
    i.CLOCK_GetMcgExtClkFreq                 0x00001070   Section        0  fsl_clock.o(i.CLOCK_GetMcgExtClkFreq)
    CLOCK_GetMcgExtClkFreq                   0x00001071   Thumb Code    84  fsl_clock.o(i.CLOCK_GetMcgExtClkFreq)
    i.CLOCK_GetOscRangeFromFreq              0x00001114   Section        0  fsl_clock.o(i.CLOCK_GetOscRangeFromFreq)
    CLOCK_GetOscRangeFromFreq                0x00001115   Thumb Code    28  fsl_clock.o(i.CLOCK_GetOscRangeFromFreq)
    i.CLOCK_GetOutClkFreq                    0x00001134   Section        0  fsl_clock.o(i.CLOCK_GetOutClkFreq)
    i.CLOCK_GetPll0Freq                      0x00001170   Section        0  fsl_clock.o(i.CLOCK_GetPll0Freq)
    i.CLOCK_GetPll0RefFreq                   0x000011e8   Section        0  fsl_clock.o(i.CLOCK_GetPll0RefFreq)
    CLOCK_GetPll0RefFreq                     0x000011e9   Thumb Code     8  fsl_clock.o(i.CLOCK_GetPll0RefFreq)
    i.CLOCK_InitOsc0                         0x000011f0   Section        0  fsl_clock.o(i.CLOCK_InitOsc0)
    i.CLOCK_SetExternalRefClkConfig          0x0000125c   Section        0  fsl_clock.o(i.CLOCK_SetExternalRefClkConfig)
    i.CLOCK_SetInternalRefClkConfig          0x00001298   Section        0  fsl_clock.o(i.CLOCK_SetInternalRefClkConfig)
    i.CLOCK_SetPbeMode                       0x00001330   Section        0  fsl_clock.o(i.CLOCK_SetPbeMode)
    i.CLOCK_SetSimConfig                     0x000013dc   Section        0  fsl_clock.o(i.CLOCK_SetSimConfig)
    i.ConvertRadixNumToString                0x0000140c   Section        0  fsl_str.o(i.ConvertRadixNumToString)
    ConvertRadixNumToString                  0x0000140d   Thumb Code   168  fsl_str.o(i.ConvertRadixNumToString)
    i.DbgConsole_Init                        0x000014b4   Section        0  fsl_debug_console.o(i.DbgConsole_Init)
    i.DbgConsole_Printf                      0x0000153c   Section        0  fsl_debug_console.o(i.DbgConsole_Printf)
    i.DbgConsole_RelocateLog                 0x0000157c   Section        0  fsl_debug_console.o(i.DbgConsole_RelocateLog)
    DbgConsole_RelocateLog                   0x0000157d   Thumb Code    62  fsl_debug_console.o(i.DbgConsole_RelocateLog)
    i.FLASH_Erase                            0x000015ba   Section        0  fsl_ftfx_flash.o(i.FLASH_Erase)
    i.FLASH_GetSecurityState                 0x00001616   Section        0  fsl_ftfx_flash.o(i.FLASH_GetSecurityState)
    i.FLASH_Init                             0x00001626   Section        0  fsl_ftfx_flash.o(i.FLASH_Init)
    i.FLASH_Program                          0x000018e0   Section        0  fsl_ftfx_flash.o(i.FLASH_Program)
    i.FLASH_VerifyErase                      0x0000193c   Section        0  fsl_ftfx_flash.o(i.FLASH_VerifyErase)
    i.FLASH_VerifyProgram                    0x00001998   Section        0  fsl_ftfx_flash.o(i.FLASH_VerifyProgram)
    i.FTFx_API_Init                          0x00001a04   Section        0  fsl_ftfx_controller.o(i.FTFx_API_Init)
    i.FTFx_CACHE_ClearCachePrefetchSpeculation 0x00001a38   Section        0  fsl_ftfx_cache.o(i.FTFx_CACHE_ClearCachePrefetchSpeculation)
    i.FTFx_CACHE_Init                        0x00001a50   Section        0  fsl_ftfx_cache.o(i.FTFx_CACHE_Init)
    i.FTFx_CMD_Erase                         0x00001a70   Section        0  fsl_ftfx_controller.o(i.FTFx_CMD_Erase)
    i.FTFx_CMD_Program                       0x00001afc   Section        0  fsl_ftfx_controller.o(i.FTFx_CMD_Program)
    i.FTFx_CMD_VerifyErase                   0x00001b8c   Section        0  fsl_ftfx_controller.o(i.FTFx_CMD_VerifyErase)
    i.FTFx_CMD_VerifyProgram                 0x00001c34   Section        0  fsl_ftfx_controller.o(i.FTFx_CMD_VerifyProgram)
    i.FTFx_REG_GetSecurityState              0x00001cc8   Section        0  fsl_ftfx_controller.o(i.FTFx_REG_GetSecurityState)
    i.IO_Init                                0x00001d0c   Section        0  fsl_io.o(i.IO_Init)
    i.IO_Transfer                            0x00001dd0   Section        0  fsl_io.o(i.IO_Transfer)
    i.Jump_IAP                               0x00001e1c   Section        0  main.o(i.Jump_IAP)
    i.LOG_Init                               0x00001e4c   Section        0  fsl_log.o(i.LOG_Init)
    i.LOG_Pop                                0x00001e70   Section        0  fsl_log.o(i.LOG_Pop)
    i.LOG_Push                               0x00001e94   Section        0  fsl_log.o(i.LOG_Push)
    i.PORT_SetPinMux                         0x00001ee8   Section        0  pin_mux.o(i.PORT_SetPinMux)
    PORT_SetPinMux                           0x00001ee9   Thumb Code    14  pin_mux.o(i.PORT_SetPinMux)
    i.StrFormatPrintf                        0x00001ef6   Section        0  fsl_str.o(i.StrFormatPrintf)
    i.SystemInit                             0x00002124   Section        0  system_mk64f12.o(i.SystemInit)
    i.SystemInitHook                         0x00002154   Section        0  system_mk64f12.o(i.SystemInitHook)
    i.UART0_DriverIRQHandler                 0x00002158   Section        0  fsl_uart.o(i.UART0_DriverIRQHandler)
    i.UART0_RX_TX_DriverIRQHandler           0x00002184   Section        0  fsl_uart.o(i.UART0_RX_TX_DriverIRQHandler)
    i.UART1_DriverIRQHandler                 0x0000219c   Section        0  fsl_uart.o(i.UART1_DriverIRQHandler)
    i.UART1_RX_TX_DriverIRQHandler           0x000021c8   Section        0  fsl_uart.o(i.UART1_RX_TX_DriverIRQHandler)
    i.UART2_DriverIRQHandler                 0x000021e0   Section        0  fsl_uart.o(i.UART2_DriverIRQHandler)
    i.UART2_RX_TX_DriverIRQHandler           0x0000220c   Section        0  fsl_uart.o(i.UART2_RX_TX_DriverIRQHandler)
    i.UART3_DriverIRQHandler                 0x00002224   Section        0  fsl_uart.o(i.UART3_DriverIRQHandler)
    i.UART3_RX_TX_DriverIRQHandler           0x00002250   Section        0  fsl_uart.o(i.UART3_RX_TX_DriverIRQHandler)
    i.UART4_DriverIRQHandler                 0x00002268   Section        0  fsl_uart.o(i.UART4_DriverIRQHandler)
    i.UART4_RX_TX_DriverIRQHandler           0x00002294   Section        0  fsl_uart.o(i.UART4_RX_TX_DriverIRQHandler)
    i.UART5_DriverIRQHandler                 0x000022ac   Section        0  fsl_uart.o(i.UART5_DriverIRQHandler)
    i.UART5_RX_TX_DriverIRQHandler           0x000022d8   Section        0  fsl_uart.o(i.UART5_RX_TX_DriverIRQHandler)
    i.UART_GetDefaultConfig                  0x000022f0   Section        0  fsl_uart.o(i.UART_GetDefaultConfig)
    i.UART_GetInstance                       0x00002350   Section        0  fsl_uart.o(i.UART_GetInstance)
    i.UART_GetStatusFlags                    0x000023c8   Section        0  fsl_uart.o(i.UART_GetStatusFlags)
    i.UART_Init                              0x000023e0   Section        0  fsl_uart.o(i.UART_Init)
    i.UART_ReadBlocking                      0x00002690   Section        0  fsl_uart.o(i.UART_ReadBlocking)
    i.UART_WriteBlocking                     0x0000272c   Section        0  fsl_uart.o(i.UART_WriteBlocking)
    i.__NVIC_SystemReset                     0x0000274c   Section        0  main.o(i.__NVIC_SystemReset)
    __NVIC_SystemReset                       0x0000274d   Thumb Code    56  main.o(i.__NVIC_SystemReset)
    i.__aeabi_assert                         0x0000278c   Section        0  fsl_assert.o(i.__aeabi_assert)
    i._is_digit                              0x000027d0   Section        0  __printf_wp.o(i._is_digit)
    i.calculate_crc16                        0x000027de   Section        0  crc16.o(i.calculate_crc16)
    i.erase_sector                           0x00002800   Section        0  flash_api.o(i.erase_sector)
    i.error_trap                             0x000028b8   Section        0  flash_api.o(i.error_trap)
    i.flash_calculate_mem_size               0x000028f0   Section        0  fsl_ftfx_flash.o(i.flash_calculate_mem_size)
    flash_calculate_mem_size                 0x000028f1   Thumb Code    34  fsl_ftfx_flash.o(i.flash_calculate_mem_size)
    i.flash_calculate_prot_segment_size      0x0000291c   Section        0  fsl_ftfx_flash.o(i.flash_calculate_prot_segment_size)
    flash_calculate_prot_segment_size        0x0000291d   Thumb Code    20  fsl_ftfx_flash.o(i.flash_calculate_prot_segment_size)
    i.flash_check_range_to_get_index         0x00002930   Section        0  fsl_ftfx_flash.o(i.flash_check_range_to_get_index)
    flash_check_range_to_get_index           0x00002931   Thumb Code   102  fsl_ftfx_flash.o(i.flash_check_range_to_get_index)
    i.flash_convert_start_address            0x00002996   Section        0  fsl_ftfx_flash.o(i.flash_convert_start_address)
    flash_convert_start_address              0x00002997   Thumb Code    38  fsl_ftfx_flash.o(i.flash_convert_start_address)
    i.flash_init                             0x000029bc   Section        0  flash_api.o(i.flash_init)
    i.flash_init_features                    0x00002aa4   Section        0  fsl_ftfx_flash.o(i.flash_init_features)
    flash_init_features                      0x00002aa5   Thumb Code    64  fsl_ftfx_flash.o(i.flash_init_features)
    i.fmc_flash_cache_clear                  0x00002ae4   Section        0  fsl_ftfx_cache.o(i.fmc_flash_cache_clear)
    i.fmc_flash_prefetch_speculation_clear   0x00002afc   Section        0  fsl_ftfx_cache.o(i.fmc_flash_prefetch_speculation_clear)
    i.fputc                                  0x00002b14   Section        0  fsl_debug_console.o(i.fputc)
    i.ftfx_check_mem_range                   0x00002b22   Section        0  fsl_ftfx_controller.o(i.ftfx_check_mem_range)
    ftfx_check_mem_range                     0x00002b23   Thumb Code    52  fsl_ftfx_controller.o(i.ftfx_check_mem_range)
    i.ftfx_check_user_key                    0x00002b58   Section        0  fsl_ftfx_controller.o(i.ftfx_check_user_key)
    ftfx_check_user_key                      0x00002b59   Thumb Code    16  fsl_ftfx_controller.o(i.ftfx_check_user_key)
    i.ftfx_command_sequence                  0x00002b6c   Section        0  fsl_ftfx_controller.o(i.ftfx_command_sequence)
    ftfx_command_sequence                    0x00002b6d   Thumb Code    56  fsl_ftfx_controller.o(i.ftfx_command_sequence)
    i.ftfx_copy_common_bit_operation_to_ram  0x00002ba8   Section        0  fsl_ftfx_cache.o(i.ftfx_copy_common_bit_operation_to_ram)
    ftfx_copy_common_bit_operation_to_ram    0x00002ba9   Thumb Code    16  fsl_ftfx_cache.o(i.ftfx_copy_common_bit_operation_to_ram)
    i.ftfx_copy_run_command_to_ram           0x00002bbc   Section        0  fsl_ftfx_controller.o(i.ftfx_copy_run_command_to_ram)
    ftfx_copy_run_command_to_ram             0x00002bbd   Thumb Code    16  fsl_ftfx_controller.o(i.ftfx_copy_run_command_to_ram)
    i.ftfx_init_ifr                          0x00002bd0   Section        0  fsl_ftfx_controller.o(i.ftfx_init_ifr)
    ftfx_init_ifr                            0x00002bd1   Thumb Code    54  fsl_ftfx_controller.o(i.ftfx_init_ifr)
    i.ftfx_read_word_from_byte_address       0x00002c06   Section        0  fsl_ftfx_controller.o(i.ftfx_read_word_from_byte_address)
    ftfx_read_word_from_byte_address         0x00002c07   Thumb Code    40  fsl_ftfx_controller.o(i.ftfx_read_word_from_byte_address)
    i.main                                   0x00002c30   Section        0  main.o(i.main)
    i.md5Calculate                           0x00003018   Section        0  md5.o(i.md5Calculate)
    i.md5Decode                              0x0000303e   Section        0  md5.o(i.md5Decode)
    i.md5Encode                              0x00003070   Section        0  md5.o(i.md5Encode)
    i.md5Final                               0x000030b0   Section        0  md5.o(i.md5Final)
    i.md5Init                                0x00003104   Section        0  md5.o(i.md5Init)
    i.md5Transform                           0x00003128   Section        0  md5.o(i.md5Transform)
    i.md5Update                              0x000038fc   Section        0  md5.o(i.md5Update)
    i.program_flash                          0x00003988   Section        0  flash_api.o(i.program_flash)
    i.update_crc16_A001                      0x00003a24   Section        0  crc16.o(i.update_crc16_A001)
    i.update_crc16_reflected                 0x00003a3c   Section        0  crc16.o(i.update_crc16_reflected)
    x$fpl$fpinit                             0x00003a52   Section       10  fpinit.o(x$fpl$fpinit)
    $v0                                      0x00003a52   Number         0  fpinit.o(x$fpl$fpinit)
    .constdata                               0x00003a5c   Section       56  clock_config.o(.constdata)
    .constdata                               0x00003a94   Section       12  fsl_ftfx_controller.o(.constdata)
    s_ftfxRunCommandFunctionCode             0x00003a94   Data          12  fsl_ftfx_controller.o(.constdata)
    .constdata                               0x00003aa0   Section       30  fsl_ftfx_flash.o(.constdata)
    kPFlashDensities                         0x00003aa0   Data          30  fsl_ftfx_flash.o(.constdata)
    .constdata                               0x00003abe   Section       28  fsl_ftfx_cache.o(.constdata)
    s_ftfxCommonBitOperationFunctionCode     0x00003abe   Data          28  fsl_ftfx_cache.o(.constdata)
    .constdata                               0x00003adc   Section       96  fsl_clock.o(.constdata)
    mcgModeMatrix                            0x00003adc   Data          64  fsl_clock.o(.constdata)
    fllFactorTable                           0x00003b1c   Data          16  fsl_clock.o(.constdata)
    trimRange                                0x00003b2c   Data          16  fsl_clock.o(.constdata)
    .constdata                               0x00003b3c   Section       56  fsl_uart.o(.constdata)
    s_uartBases                              0x00003b3c   Data          24  fsl_uart.o(.constdata)
    s_uartIRQ                                0x00003b54   Data           6  fsl_uart.o(.constdata)
    s_uartClock                              0x00003b5c   Data          24  fsl_uart.o(.constdata)
    .constdata                               0x00003b74   Section      512  crc16.o(.constdata)
    .constdata                               0x00003d74   Section       40  _printf_hex_int.o(.constdata)
    uc_hextab                                0x00003d74   Data          20  _printf_hex_int.o(.constdata)
    lc_hextab                                0x00003d88   Data          20  _printf_hex_int.o(.constdata)
    .constdata                               0x00003d9c   Section       17  __printf_flags_wp.o(.constdata)
    maptable                                 0x00003d9c   Data          17  __printf_flags_wp.o(.constdata)
    .conststring                             0x00003db0   Section      265  main.o(.conststring)
    .conststring                             0x00003ebc   Section       65  flash_api.o(.conststring)
    .data                                    0x20000000   Section        8  main.o(.data)
    .data                                    0x20000008   Section        8  fsl_io.o(.data)
    s_debugConsoleIO                         0x20000008   Data           8  fsl_io.o(.data)
    .data                                    0x20000010   Section        8  fsl_debug_console.o(.data)
    .data                                    0x20000018   Section        4  system_mk64f12.o(.data)
    .data                                    0x2000001c   Section       16  fsl_clock.o(.data)
    s_slowIrcFreq                            0x2000001c   Data           4  fsl_clock.o(.data)
    s_fastIrcFreq                            0x20000020   Data           4  fsl_clock.o(.data)
    .data                                    0x2000002c   Section        4  fsl_uart.o(.data)
    s_uartIsr                                0x2000002c   Data           4  fsl_uart.o(.data)
    .data                                    0x20000030   Section       12  flash_api.o(.data)
    s_cacheDriver                            0x20000030   Data           8  flash_api.o(.data)
    .data                                    0x2000003c   Section       64  md5.o(.data)
    .bss                                     0x2000007c   Section      128  main.o(.bss)
    .bss                                     0x200000fc   Section       64  fsl_ftfx_controller.o(.bss)
    s_ftfxRunCommand                         0x200000fc   Data          64  fsl_ftfx_controller.o(.bss)
    .bss                                     0x2000013c   Section       64  fsl_ftfx_cache.o(.bss)
    s_ftfxCommonBitOperation                 0x2000013c   Data          64  fsl_ftfx_cache.o(.bss)
    .bss                                     0x2000017c   Section       24  fsl_uart.o(.bss)
    s_uartHandle                             0x2000017c   Data          24  fsl_uart.o(.bss)
    .bss                                     0x20000194   Section    16484  flash_api.o(.bss)
    s_flashDriver                            0x20000194   Data         100  flash_api.o(.bss)
    s_buffer_rbc                             0x200001f8   Data       16384  flash_api.o(.bss)

    Global Symbols

    Symbol Name                              Value     Ov Type        Size  Object(Section)

    BuildAttributes$$THM_ISAv4$E$P$D$K$B$S$7EM$VFPi3$EXTD16$VFPS$VFMA$PE$A:L22UL41UL21$X:L11$S22US41US21$IEEE1$IW$USESV6$~STKCKD$USESV7$~SHL$OTIME$ROPI$EBA8$UX$STANDARDLIB$REQ8$PRES8$EABIv2 0x00000000   Number         0  anon$$obj.o ABSOLUTE
    __ARM_use_no_argv                        0x00000000   Number         0  main.o ABSOLUTE
    __Vectors                                0x00000000   Data           4  startup_mk64f12.o(RESET)
    _printf_flags                            0x00000000   Number         0  printf_stubs.o ABSOLUTE
    _printf_return_value                     0x00000000   Number         0  printf_stubs.o ABSOLUTE
    _printf_sizespec                         0x00000000   Number         0  printf_stubs.o ABSOLUTE
    _printf_widthprec                        0x00000000   Number         0  printf_stubs.o ABSOLUTE
    Image$$ZI$$Limit                          - Undefined Weak Reference
    __ARM_exceptions_init                     - Undefined Weak Reference
    __alloca_initialize                       - Undefined Weak Reference
    __arm_preinit_                            - Undefined Weak Reference
    __cpp_initialize__aeabi_                  - Undefined Weak Reference
    __cxa_finalize                            - Undefined Weak Reference
    __rt_locale                               - Undefined Weak Reference
    __sigvec_lookup                           - Undefined Weak Reference
    __user_heap_extent                        - Undefined Weak Reference
    _atexit_init                              - Undefined Weak Reference
    _call_atexit_fns                          - Undefined Weak Reference
    _clock_init                               - Undefined Weak Reference
    _fp_trap_init                             - Undefined Weak Reference
    _fp_trap_shutdown                         - Undefined Weak Reference
    _get_lc_collate                           - Undefined Weak Reference
    _get_lc_ctype                             - Undefined Weak Reference
    _get_lc_monetary                          - Undefined Weak Reference
    _get_lc_numeric                           - Undefined Weak Reference
    _get_lc_time                              - Undefined Weak Reference
    _getenv_init                              - Undefined Weak Reference
    _handle_redirection                       - Undefined Weak Reference
    _initio                                   - Undefined Weak Reference
    _mutex_acquire                            - Undefined Weak Reference
    _mutex_free                               - Undefined Weak Reference
    _mutex_release                            - Undefined Weak Reference
    _printf_mbtowc                            - Undefined Weak Reference
    _printf_truncate_signed                   - Undefined Weak Reference
    _printf_truncate_unsigned                 - Undefined Weak Reference
    _rand_init                                - Undefined Weak Reference
    _signal_finish                            - Undefined Weak Reference
    _signal_init                              - Undefined Weak Reference
    _terminateio                              - Undefined Weak Reference
    __Vectors_End                            0x00000400   Data           0  startup_mk64f12.o(RESET)
    __Vectors_Size                           0x00000400   Number         0  startup_mk64f12.o ABSOLUTE
    __main                                   0x00000411   Thumb Code     8  __main.o(!!!main)
    __scatterload                            0x00000419   Thumb Code     0  __scatter.o(!!!scatter)
    __scatterload_rt2                        0x00000419   Thumb Code    44  __scatter.o(!!!scatter)
    __scatterload_rt2_thumb_only             0x00000419   Thumb Code     0  __scatter.o(!!!scatter)
    __scatterload_null                       0x00000427   Thumb Code     0  __scatter.o(!!!scatter)
    __scatterload_copy                       0x0000044d   Thumb Code    26  __scatter_copy.o(!!handler_copy)
    __scatterload_zeroinit                   0x00000469   Thumb Code    28  __scatter_zi.o(!!handler_zi)
    _printf_d                                0x00000485   Thumb Code     0  _printf_d.o(.ARM.Collect$$_printf_percent$$00000009)
    _printf_percent                          0x00000485   Thumb Code     0  _printf_percent.o(.ARM.Collect$$_printf_percent$$00000000)
    _printf_x                                0x0000048b   Thumb Code     0  _printf_x.o(.ARM.Collect$$_printf_percent$$0000000C)
    _printf_s                                0x00000491   Thumb Code     0  _printf_s.o(.ARM.Collect$$_printf_percent$$00000014)
    _printf_percent_end                      0x00000497   Thumb Code     0  _printf_percent_end.o(.ARM.Collect$$_printf_percent$$00000017)
    __rt_lib_init                            0x0000049b   Thumb Code     0  libinit.o(.ARM.Collect$$libinit$$00000000)
    __rt_lib_init_fp_1                       0x0000049d   Thumb Code     0  libinit2.o(.ARM.Collect$$libinit$$00000001)
    __rt_lib_init_alloca_1                   0x000004a1   Thumb Code     0  libinit2.o(.ARM.Collect$$libinit$$0000002E)
    __rt_lib_init_argv_1                     0x000004a1   Thumb Code     0  libinit2.o(.ARM.Collect$$libinit$$0000002C)
    __rt_lib_init_atexit_1                   0x000004a1   Thumb Code     0  libinit2.o(.ARM.Collect$$libinit$$0000001B)
    __rt_lib_init_clock_1                    0x000004a1   Thumb Code     0  libinit2.o(.ARM.Collect$$libinit$$00000021)
    __rt_lib_init_cpp_1                      0x000004a1   Thumb Code     0  libinit2.o(.ARM.Collect$$libinit$$00000032)
    __rt_lib_init_exceptions_1               0x000004a1   Thumb Code     0  libinit2.o(.ARM.Collect$$libinit$$00000030)
    __rt_lib_init_fp_trap_1                  0x000004a1   Thumb Code     0  libinit2.o(.ARM.Collect$$libinit$$0000001F)
    __rt_lib_init_getenv_1                   0x000004a1   Thumb Code     0  libinit2.o(.ARM.Collect$$libinit$$00000023)
    __rt_lib_init_heap_1                     0x000004a1   Thumb Code     0  libinit2.o(.ARM.Collect$$libinit$$0000000A)
    __rt_lib_init_lc_collate_1               0x000004a1   Thumb Code     0  libinit2.o(.ARM.Collect$$libinit$$00000011)
    __rt_lib_init_lc_ctype_1                 0x000004a1   Thumb Code     0  libinit2.o(.ARM.Collect$$libinit$$00000013)
    __rt_lib_init_lc_monetary_1              0x000004a1   Thumb Code     0  libinit2.o(.ARM.Collect$$libinit$$00000015)
    __rt_lib_init_lc_numeric_1               0x000004a1   Thumb Code     0  libinit2.o(.ARM.Collect$$libinit$$00000017)
    __rt_lib_init_lc_time_1                  0x000004a1   Thumb Code     0  libinit2.o(.ARM.Collect$$libinit$$00000019)
    __rt_lib_init_preinit_1                  0x000004a1   Thumb Code     0  libinit2.o(.ARM.Collect$$libinit$$00000004)
    __rt_lib_init_rand_1                     0x000004a1   Thumb Code     0  libinit2.o(.ARM.Collect$$libinit$$0000000E)
    __rt_lib_init_return                     0x000004a1   Thumb Code     0  libinit2.o(.ARM.Collect$$libinit$$00000033)
    __rt_lib_init_signal_1                   0x000004a1   Thumb Code     0  libinit2.o(.ARM.Collect$$libinit$$0000001D)
    __rt_lib_init_stdio_1                    0x000004a1   Thumb Code     0  libinit2.o(.ARM.Collect$$libinit$$00000025)
    __rt_lib_init_user_alloc_1               0x000004a1   Thumb Code     0  libinit2.o(.ARM.Collect$$libinit$$0000000C)
    __rt_lib_shutdown                        0x000004a3   Thumb Code     0  libshutdown.o(.ARM.Collect$$libshutdown$$00000000)
    __rt_lib_shutdown_cpp_1                  0x000004a5   Thumb Code     0  libshutdown2.o(.ARM.Collect$$libshutdown$$00000002)
    __rt_lib_shutdown_fp_trap_1              0x000004a5   Thumb Code     0  libshutdown2.o(.ARM.Collect$$libshutdown$$00000007)
    __rt_lib_shutdown_heap_1                 0x000004a5   Thumb Code     0  libshutdown2.o(.ARM.Collect$$libshutdown$$0000000F)
    __rt_lib_shutdown_return                 0x000004a5   Thumb Code     0  libshutdown2.o(.ARM.Collect$$libshutdown$$00000010)
    __rt_lib_shutdown_signal_1               0x000004a5   Thumb Code     0  libshutdown2.o(.ARM.Collect$$libshutdown$$0000000A)
    __rt_lib_shutdown_stdio_1                0x000004a5   Thumb Code     0  libshutdown2.o(.ARM.Collect$$libshutdown$$00000004)
    __rt_lib_shutdown_user_alloc_1           0x000004a5   Thumb Code     0  libshutdown2.o(.ARM.Collect$$libshutdown$$0000000C)
    __rt_entry                               0x000004a7   Thumb Code     0  __rtentry.o(.ARM.Collect$$rtentry$$00000000)
    __rt_entry_presh_1                       0x000004a7   Thumb Code     0  __rtentry2.o(.ARM.Collect$$rtentry$$00000002)
    __rt_entry_sh                            0x000004a7   Thumb Code     0  __rtentry7.o(.ARM.Collect$$rtentry$$00000007)
    __rt_entry_li                            0x000004ab   Thumb Code     0  __rtentry2.o(.ARM.Collect$$rtentry$$0000000A)
    __rt_entry_postsh_1                      0x000004ab   Thumb Code     0  __rtentry2.o(.ARM.Collect$$rtentry$$00000009)
    __rt_entry_main                          0x000004af   Thumb Code     0  __rtentry2.o(.ARM.Collect$$rtentry$$0000000D)
    __rt_entry_postli_1                      0x000004af   Thumb Code     0  __rtentry2.o(.ARM.Collect$$rtentry$$0000000C)
    __rt_exit                                0x000004bd   Thumb Code     0  rtexit.o(.ARM.Collect$$rtexit$$00000000)
    __rt_exit_ls                             0x000004bf   Thumb Code     0  rtexit2.o(.ARM.Collect$$rtexit$$00000003)
    __rt_exit_prels_1                        0x000004bf   Thumb Code     0  rtexit2.o(.ARM.Collect$$rtexit$$00000002)
    __rt_exit_exit                           0x000004c3   Thumb Code     0  rtexit2.o(.ARM.Collect$$rtexit$$00000004)
    Reset_Handler                            0x000004c9   Thumb Code    24  startup_mk64f12.o(.text)
    NMI_Handler                              0x000004e1   Thumb Code     2  startup_mk64f12.o(.text)
    HardFault_Handler                        0x000004e3   Thumb Code     2  startup_mk64f12.o(.text)
    MemManage_Handler                        0x000004e5   Thumb Code     2  startup_mk64f12.o(.text)
    BusFault_Handler                         0x000004e7   Thumb Code     2  startup_mk64f12.o(.text)
    UsageFault_Handler                       0x000004e9   Thumb Code     2  startup_mk64f12.o(.text)
    SVC_Handler                              0x000004eb   Thumb Code     2  startup_mk64f12.o(.text)
    DebugMon_Handler                         0x000004ed   Thumb Code     2  startup_mk64f12.o(.text)
    PendSV_Handler                           0x000004ef   Thumb Code     2  startup_mk64f12.o(.text)
    SysTick_Handler                          0x000004f1   Thumb Code     2  startup_mk64f12.o(.text)
    DMA0_IRQHandler                          0x000004f3   Thumb Code     4  startup_mk64f12.o(.text)
    DMA1_IRQHandler                          0x000004f7   Thumb Code     4  startup_mk64f12.o(.text)
    DMA2_IRQHandler                          0x000004fb   Thumb Code     4  startup_mk64f12.o(.text)
    DMA3_IRQHandler                          0x000004ff   Thumb Code     4  startup_mk64f12.o(.text)
    DMA4_IRQHandler                          0x00000503   Thumb Code     4  startup_mk64f12.o(.text)
    DMA5_IRQHandler                          0x00000507   Thumb Code     4  startup_mk64f12.o(.text)
    DMA6_IRQHandler                          0x0000050b   Thumb Code     4  startup_mk64f12.o(.text)
    DMA7_IRQHandler                          0x0000050f   Thumb Code     4  startup_mk64f12.o(.text)
    DMA8_IRQHandler                          0x00000513   Thumb Code     4  startup_mk64f12.o(.text)
    DMA9_IRQHandler                          0x00000517   Thumb Code     4  startup_mk64f12.o(.text)
    DMA10_IRQHandler                         0x0000051b   Thumb Code     4  startup_mk64f12.o(.text)
    DMA11_IRQHandler                         0x0000051f   Thumb Code     4  startup_mk64f12.o(.text)
    DMA12_IRQHandler                         0x00000523   Thumb Code     4  startup_mk64f12.o(.text)
    DMA13_IRQHandler                         0x00000527   Thumb Code     4  startup_mk64f12.o(.text)
    DMA14_IRQHandler                         0x0000052b   Thumb Code     4  startup_mk64f12.o(.text)
    DMA15_IRQHandler                         0x0000052f   Thumb Code     4  startup_mk64f12.o(.text)
    DMA_Error_IRQHandler                     0x00000533   Thumb Code     4  startup_mk64f12.o(.text)
    I2C0_IRQHandler                          0x00000537   Thumb Code     4  startup_mk64f12.o(.text)
    I2C1_IRQHandler                          0x0000053b   Thumb Code     4  startup_mk64f12.o(.text)
    SPI0_IRQHandler                          0x0000053f   Thumb Code     4  startup_mk64f12.o(.text)
    SPI1_IRQHandler                          0x00000543   Thumb Code     4  startup_mk64f12.o(.text)
    I2S0_Tx_IRQHandler                       0x00000547   Thumb Code     4  startup_mk64f12.o(.text)
    I2S0_Rx_IRQHandler                       0x0000054b   Thumb Code     4  startup_mk64f12.o(.text)
    UART0_LON_IRQHandler                     0x0000054f   Thumb Code     4  startup_mk64f12.o(.text)
    UART0_RX_TX_IRQHandler                   0x00000553   Thumb Code     4  startup_mk64f12.o(.text)
    UART0_ERR_IRQHandler                     0x00000557   Thumb Code     4  startup_mk64f12.o(.text)
    UART1_RX_TX_IRQHandler                   0x0000055b   Thumb Code     4  startup_mk64f12.o(.text)
    UART1_ERR_IRQHandler                     0x0000055f   Thumb Code     4  startup_mk64f12.o(.text)
    UART2_RX_TX_IRQHandler                   0x00000563   Thumb Code     4  startup_mk64f12.o(.text)
    UART2_ERR_IRQHandler                     0x00000567   Thumb Code     4  startup_mk64f12.o(.text)
    UART3_RX_TX_IRQHandler                   0x0000056b   Thumb Code     4  startup_mk64f12.o(.text)
    UART3_ERR_IRQHandler                     0x0000056f   Thumb Code     4  startup_mk64f12.o(.text)
    SPI2_IRQHandler                          0x00000573   Thumb Code     4  startup_mk64f12.o(.text)
    UART4_RX_TX_IRQHandler                   0x00000577   Thumb Code     4  startup_mk64f12.o(.text)
    UART4_ERR_IRQHandler                     0x0000057b   Thumb Code     4  startup_mk64f12.o(.text)
    UART5_RX_TX_IRQHandler                   0x0000057f   Thumb Code     4  startup_mk64f12.o(.text)
    UART5_ERR_IRQHandler                     0x00000583   Thumb Code     4  startup_mk64f12.o(.text)
    I2C2_IRQHandler                          0x00000587   Thumb Code     4  startup_mk64f12.o(.text)
    CAN0_ORed_Message_buffer_IRQHandler      0x0000058b   Thumb Code     4  startup_mk64f12.o(.text)
    CAN0_Bus_Off_IRQHandler                  0x0000058f   Thumb Code     4  startup_mk64f12.o(.text)
    CAN0_Error_IRQHandler                    0x00000593   Thumb Code     4  startup_mk64f12.o(.text)
    CAN0_Tx_Warning_IRQHandler               0x00000597   Thumb Code     4  startup_mk64f12.o(.text)
    CAN0_Rx_Warning_IRQHandler               0x0000059b   Thumb Code     4  startup_mk64f12.o(.text)
    CAN0_Wake_Up_IRQHandler                  0x0000059f   Thumb Code     4  startup_mk64f12.o(.text)
    SDHC_IRQHandler                          0x000005a3   Thumb Code     4  startup_mk64f12.o(.text)
    ENET_1588_Timer_IRQHandler               0x000005a7   Thumb Code     4  startup_mk64f12.o(.text)
    ENET_Transmit_IRQHandler                 0x000005ab   Thumb Code     4  startup_mk64f12.o(.text)
    ENET_Receive_IRQHandler                  0x000005af   Thumb Code     4  startup_mk64f12.o(.text)
    ENET_Error_IRQHandler                    0x000005b3   Thumb Code     4  startup_mk64f12.o(.text)
    ADC0_IRQHandler                          0x000005b7   Thumb Code     0  startup_mk64f12.o(.text)
    ADC1_IRQHandler                          0x000005b7   Thumb Code     0  startup_mk64f12.o(.text)
    CAN0_DriverIRQHandler                    0x000005b7   Thumb Code     0  startup_mk64f12.o(.text)
    CMP0_IRQHandler                          0x000005b7   Thumb Code     0  startup_mk64f12.o(.text)
    CMP1_IRQHandler                          0x000005b7   Thumb Code     0  startup_mk64f12.o(.text)
    CMP2_IRQHandler                          0x000005b7   Thumb Code     0  startup_mk64f12.o(.text)
    CMT_IRQHandler                           0x000005b7   Thumb Code     0  startup_mk64f12.o(.text)
    DAC0_IRQHandler                          0x000005b7   Thumb Code     0  startup_mk64f12.o(.text)
    DAC1_IRQHandler                          0x000005b7   Thumb Code     0  startup_mk64f12.o(.text)
    DMA0_DriverIRQHandler                    0x000005b7   Thumb Code     0  startup_mk64f12.o(.text)
    DMA10_DriverIRQHandler                   0x000005b7   Thumb Code     0  startup_mk64f12.o(.text)
    DMA11_DriverIRQHandler                   0x000005b7   Thumb Code     0  startup_mk64f12.o(.text)
    DMA12_DriverIRQHandler                   0x000005b7   Thumb Code     0  startup_mk64f12.o(.text)
    DMA13_DriverIRQHandler                   0x000005b7   Thumb Code     0  startup_mk64f12.o(.text)
    DMA14_DriverIRQHandler                   0x000005b7   Thumb Code     0  startup_mk64f12.o(.text)
    DMA15_DriverIRQHandler                   0x000005b7   Thumb Code     0  startup_mk64f12.o(.text)
    DMA1_DriverIRQHandler                    0x000005b7   Thumb Code     0  startup_mk64f12.o(.text)
    DMA2_DriverIRQHandler                    0x000005b7   Thumb Code     0  startup_mk64f12.o(.text)
    DMA3_DriverIRQHandler                    0x000005b7   Thumb Code     0  startup_mk64f12.o(.text)
    DMA4_DriverIRQHandler                    0x000005b7   Thumb Code     0  startup_mk64f12.o(.text)
    DMA5_DriverIRQHandler                    0x000005b7   Thumb Code     0  startup_mk64f12.o(.text)
    DMA6_DriverIRQHandler                    0x000005b7   Thumb Code     0  startup_mk64f12.o(.text)
    DMA7_DriverIRQHandler                    0x000005b7   Thumb Code     0  startup_mk64f12.o(.text)
    DMA8_DriverIRQHandler                    0x000005b7   Thumb Code     0  startup_mk64f12.o(.text)
    DMA9_DriverIRQHandler                    0x000005b7   Thumb Code     0  startup_mk64f12.o(.text)
    DMA_Error_DriverIRQHandler               0x000005b7   Thumb Code     0  startup_mk64f12.o(.text)
    DefaultISR                               0x000005b7   Thumb Code     0  startup_mk64f12.o(.text)
    ENET_1588_Timer_DriverIRQHandler         0x000005b7   Thumb Code     0  startup_mk64f12.o(.text)
    ENET_Error_DriverIRQHandler              0x000005b7   Thumb Code     0  startup_mk64f12.o(.text)
    ENET_Receive_DriverIRQHandler            0x000005b7   Thumb Code     0  startup_mk64f12.o(.text)
    ENET_Transmit_DriverIRQHandler           0x000005b7   Thumb Code     0  startup_mk64f12.o(.text)
    FTFE_IRQHandler                          0x000005b7   Thumb Code     0  startup_mk64f12.o(.text)
    FTM0_IRQHandler                          0x000005b7   Thumb Code     0  startup_mk64f12.o(.text)
    FTM1_IRQHandler                          0x000005b7   Thumb Code     0  startup_mk64f12.o(.text)
    FTM2_IRQHandler                          0x000005b7   Thumb Code     0  startup_mk64f12.o(.text)
    FTM3_IRQHandler                          0x000005b7   Thumb Code     0  startup_mk64f12.o(.text)
    I2C0_DriverIRQHandler                    0x000005b7   Thumb Code     0  startup_mk64f12.o(.text)
    I2C1_DriverIRQHandler                    0x000005b7   Thumb Code     0  startup_mk64f12.o(.text)
    I2C2_DriverIRQHandler                    0x000005b7   Thumb Code     0  startup_mk64f12.o(.text)
    I2S0_Rx_DriverIRQHandler                 0x000005b7   Thumb Code     0  startup_mk64f12.o(.text)
    I2S0_Tx_DriverIRQHandler                 0x000005b7   Thumb Code     0  startup_mk64f12.o(.text)
    LLWU_IRQHandler                          0x000005b7   Thumb Code     0  startup_mk64f12.o(.text)
    LPTMR0_IRQHandler                        0x000005b7   Thumb Code     0  startup_mk64f12.o(.text)
    LVD_LVW_IRQHandler                       0x000005b7   Thumb Code     0  startup_mk64f12.o(.text)
    MCG_IRQHandler                           0x000005b7   Thumb Code     0  startup_mk64f12.o(.text)
    MCM_IRQHandler                           0x000005b7   Thumb Code     0  startup_mk64f12.o(.text)
    PDB0_IRQHandler                          0x000005b7   Thumb Code     0  startup_mk64f12.o(.text)
    PIT0_IRQHandler                          0x000005b7   Thumb Code     0  startup_mk64f12.o(.text)
    PIT1_IRQHandler                          0x000005b7   Thumb Code     0  startup_mk64f12.o(.text)
    PIT2_IRQHandler                          0x000005b7   Thumb Code     0  startup_mk64f12.o(.text)
    PIT3_IRQHandler                          0x000005b7   Thumb Code     0  startup_mk64f12.o(.text)
    PORTA_IRQHandler                         0x000005b7   Thumb Code     0  startup_mk64f12.o(.text)
    PORTB_IRQHandler                         0x000005b7   Thumb Code     0  startup_mk64f12.o(.text)
    PORTC_IRQHandler                         0x000005b7   Thumb Code     0  startup_mk64f12.o(.text)
    PORTD_IRQHandler                         0x000005b7   Thumb Code     0  startup_mk64f12.o(.text)
    PORTE_IRQHandler                         0x000005b7   Thumb Code     0  startup_mk64f12.o(.text)
    RNG_IRQHandler                           0x000005b7   Thumb Code     0  startup_mk64f12.o(.text)
    RTC_IRQHandler                           0x000005b7   Thumb Code     0  startup_mk64f12.o(.text)
    RTC_Seconds_IRQHandler                   0x000005b7   Thumb Code     0  startup_mk64f12.o(.text)
    Read_Collision_IRQHandler                0x000005b7   Thumb Code     0  startup_mk64f12.o(.text)
    Reserved71_IRQHandler                    0x000005b7   Thumb Code     0  startup_mk64f12.o(.text)
    SDHC_DriverIRQHandler                    0x000005b7   Thumb Code     0  startup_mk64f12.o(.text)
    SPI0_DriverIRQHandler                    0x000005b7   Thumb Code     0  startup_mk64f12.o(.text)
    SPI1_DriverIRQHandler                    0x000005b7   Thumb Code     0  startup_mk64f12.o(.text)
    SPI2_DriverIRQHandler                    0x000005b7   Thumb Code     0  startup_mk64f12.o(.text)
    SWI_IRQHandler                           0x000005b7   Thumb Code     0  startup_mk64f12.o(.text)
    UART0_ERR_DriverIRQHandler               0x000005b7   Thumb Code     0  startup_mk64f12.o(.text)
    UART0_LON_DriverIRQHandler               0x000005b7   Thumb Code     0  startup_mk64f12.o(.text)
    UART1_ERR_DriverIRQHandler               0x000005b7   Thumb Code     0  startup_mk64f12.o(.text)
    UART2_ERR_DriverIRQHandler               0x000005b7   Thumb Code     0  startup_mk64f12.o(.text)
    UART3_ERR_DriverIRQHandler               0x000005b7   Thumb Code     0  startup_mk64f12.o(.text)
    UART4_ERR_DriverIRQHandler               0x000005b7   Thumb Code     0  startup_mk64f12.o(.text)
    UART5_ERR_DriverIRQHandler               0x000005b7   Thumb Code     0  startup_mk64f12.o(.text)
    USB0_IRQHandler                          0x000005b7   Thumb Code     0  startup_mk64f12.o(.text)
    USBDCD_IRQHandler                        0x000005b7   Thumb Code     0  startup_mk64f12.o(.text)
    WDOG_EWM_IRQHandler                      0x000005b7   Thumb Code     0  startup_mk64f12.o(.text)
    __2printf                                0x00000695   Thumb Code    20  noretval__2printf.o(.text)
    __2sprintf                               0x000006ad   Thumb Code    34  noretval__2sprintf.o(.text)
    _printf_pre_padding                      0x000006d5   Thumb Code    44  _printf_pad.o(.text)
    _printf_post_padding                     0x00000701   Thumb Code    34  _printf_pad.o(.text)
    _printf_str                              0x00000723   Thumb Code    82  _printf_str.o(.text)
    _printf_int_dec                          0x00000775   Thumb Code   104  _printf_dec.o(.text)
    _printf_int_hex                          0x000007ed   Thumb Code    84  _printf_hex_int.o(.text)
    _printf_longlong_hex                     0x000007ed   Thumb Code     0  _printf_hex_int.o(.text)
    __printf                                 0x00000845   Thumb Code   308  __printf_flags_wp.o(.text)
    strlen                                   0x0000097d   Thumb Code    62  strlen.o(.text)
    strncmp                                  0x000009bb   Thumb Code   150  strncmp.o(.text)
    __aeabi_memcpy                           0x00000a51   Thumb Code     0  rt_memcpy_v6.o(.text)
    __rt_memcpy                              0x00000a51   Thumb Code   138  rt_memcpy_v6.o(.text)
    _memcpy_lastbytes                        0x00000ab7   Thumb Code     0  rt_memcpy_v6.o(.text)
    __aeabi_memclr4                          0x00000adb   Thumb Code     0  rt_memclr_w.o(.text)
    __aeabi_memclr8                          0x00000adb   Thumb Code     0  rt_memclr_w.o(.text)
    __rt_memclr_w                            0x00000adb   Thumb Code    78  rt_memclr_w.o(.text)
    _memset_w                                0x00000adf   Thumb Code     0  rt_memclr_w.o(.text)
    strcmp                                   0x00000b29   Thumb Code   128  strcmpv7m.o(.text)
    _printf_int_common                       0x00000ba9   Thumb Code   178  _printf_intcommon.o(.text)
    _printf_char_common                      0x00000c67   Thumb Code    32  _printf_char_common.o(.text)
    _sputc                                   0x00000c8d   Thumb Code    10  _sputc.o(.text)
    _printf_cs_common                        0x00000c97   Thumb Code    20  _printf_char.o(.text)
    _printf_char                             0x00000cab   Thumb Code    16  _printf_char.o(.text)
    _printf_string                           0x00000cbb   Thumb Code     8  _printf_char.o(.text)
    _printf_char_file                        0x00000cc5   Thumb Code    32  _printf_char_file.o(.text)
    __aeabi_memcpy4                          0x00000ce9   Thumb Code     0  rt_memcpy_w.o(.text)
    __aeabi_memcpy8                          0x00000ce9   Thumb Code     0  rt_memcpy_w.o(.text)
    __rt_memcpy_w                            0x00000ce9   Thumb Code   100  rt_memcpy_w.o(.text)
    _memcpy_lastbytes_aligned                0x00000d31   Thumb Code     0  rt_memcpy_w.o(.text)
    ferror                                   0x00000d4d   Thumb Code     8  ferror.o(.text)
    __I$use$semihosting                      0x00000d55   Thumb Code     0  use_no_semi.o(.text)
    __use_no_semihosting_swi                 0x00000d55   Thumb Code     2  use_no_semi.o(.text)
    __semihosting_library_function           0x00000d57   Thumb Code     0  indicate_semi.o(.text)
    exit                                     0x00000d57   Thumb Code    18  exit.o(.text)
    _sys_exit                                0x00000d69   Thumb Code     8  sys_exit.o(.text)
    BOARD_BootClockRUN                       0x00000d75   Thumb Code    78  clock_config.o(i.BOARD_BootClockRUN)
    BOARD_InitDebugConsole                   0x00000de1   Thumb Code    24  board.o(i.BOARD_InitDebugConsole)
    BOARD_InitPins                           0x00000dfd   Thumb Code    56  pin_mux.o(i.BOARD_InitPins)
    CLOCK_BootToPeeMode                      0x00000e45   Thumb Code    68  fsl_clock.o(i.CLOCK_BootToPeeMode)
    CLOCK_EnablePll0                         0x00000ecd   Thumb Code    78  fsl_clock.o(i.CLOCK_EnablePll0)
    CLOCK_GetCoreSysClkFreq                  0x00000f4d   Thumb Code    22  fsl_clock.o(i.CLOCK_GetCoreSysClkFreq)
    CLOCK_GetFllFreq                         0x00000fd9   Thumb Code    66  fsl_clock.o(i.CLOCK_GetFllFreq)
    CLOCK_GetOutClkFreq                      0x00001135   Thumb Code    56  fsl_clock.o(i.CLOCK_GetOutClkFreq)
    CLOCK_GetPll0Freq                        0x00001171   Thumb Code    68  fsl_clock.o(i.CLOCK_GetPll0Freq)
    CLOCK_InitOsc0                           0x000011f1   Thumb Code    98  fsl_clock.o(i.CLOCK_InitOsc0)
    CLOCK_SetExternalRefClkConfig            0x0000125d   Thumb Code    56  fsl_clock.o(i.CLOCK_SetExternalRefClkConfig)
    CLOCK_SetInternalRefClkConfig            0x00001299   Thumb Code   148  fsl_clock.o(i.CLOCK_SetInternalRefClkConfig)
    CLOCK_SetPbeMode                         0x00001331   Thumb Code   124  fsl_clock.o(i.CLOCK_SetPbeMode)
    CLOCK_SetSimConfig                       0x000013dd   Thumb Code    38  fsl_clock.o(i.CLOCK_SetSimConfig)
    DbgConsole_Init                          0x000014b5   Thumb Code    42  fsl_debug_console.o(i.DbgConsole_Init)
    DbgConsole_Printf                        0x0000153d   Thumb Code    60  fsl_debug_console.o(i.DbgConsole_Printf)
    FLASH_Erase                              0x000015bb   Thumb Code    92  fsl_ftfx_flash.o(i.FLASH_Erase)
    FLASH_GetSecurityState                   0x00001617   Thumb Code    16  fsl_ftfx_flash.o(i.FLASH_GetSecurityState)
    FLASH_Init                               0x00001627   Thumb Code   698  fsl_ftfx_flash.o(i.FLASH_Init)
    FLASH_Program                            0x000018e1   Thumb Code    92  fsl_ftfx_flash.o(i.FLASH_Program)
    FLASH_VerifyErase                        0x0000193d   Thumb Code    92  fsl_ftfx_flash.o(i.FLASH_VerifyErase)
    FLASH_VerifyProgram                      0x00001999   Thumb Code   106  fsl_ftfx_flash.o(i.FLASH_VerifyProgram)
    FTFx_API_Init                            0x00001a05   Thumb Code    46  fsl_ftfx_controller.o(i.FTFx_API_Init)
    FTFx_CACHE_ClearCachePrefetchSpeculation 0x00001a39   Thumb Code    24  fsl_ftfx_cache.o(i.FTFx_CACHE_ClearCachePrefetchSpeculation)
    FTFx_CACHE_Init                          0x00001a51   Thumb Code    28  fsl_ftfx_cache.o(i.FTFx_CACHE_Init)
    FTFx_CMD_Erase                           0x00001a71   Thumb Code   134  fsl_ftfx_controller.o(i.FTFx_CMD_Erase)
    FTFx_CMD_Program                         0x00001afd   Thumb Code   138  fsl_ftfx_controller.o(i.FTFx_CMD_Program)
    FTFx_CMD_VerifyErase                     0x00001b8d   Thumb Code   162  fsl_ftfx_controller.o(i.FTFx_CMD_VerifyErase)
    FTFx_CMD_VerifyProgram                   0x00001c35   Thumb Code   144  fsl_ftfx_controller.o(i.FTFx_CMD_VerifyProgram)
    FTFx_REG_GetSecurityState                0x00001cc9   Thumb Code    50  fsl_ftfx_controller.o(i.FTFx_REG_GetSecurityState)
    IO_Init                                  0x00001d0d   Thumb Code   138  fsl_io.o(i.IO_Init)
    IO_Transfer                              0x00001dd1   Thumb Code    72  fsl_io.o(i.IO_Transfer)
    Jump_IAP                                 0x00001e1d   Thumb Code    40  main.o(i.Jump_IAP)
    LOG_Init                                 0x00001e4d   Thumb Code    36  fsl_log.o(i.LOG_Init)
    LOG_Pop                                  0x00001e71   Thumb Code    34  fsl_log.o(i.LOG_Pop)
    LOG_Push                                 0x00001e95   Thumb Code    32  fsl_log.o(i.LOG_Push)
    StrFormatPrintf                          0x00001ef7   Thumb Code   558  fsl_str.o(i.StrFormatPrintf)
    SystemInit                               0x00002125   Thumb Code    40  system_mk64f12.o(i.SystemInit)
    SystemInitHook                           0x00002155   Thumb Code     2  system_mk64f12.o(i.SystemInitHook)
    UART0_DriverIRQHandler                   0x00002159   Thumb Code    32  fsl_uart.o(i.UART0_DriverIRQHandler)
    UART0_RX_TX_DriverIRQHandler             0x00002185   Thumb Code    24  fsl_uart.o(i.UART0_RX_TX_DriverIRQHandler)
    UART1_DriverIRQHandler                   0x0000219d   Thumb Code    32  fsl_uart.o(i.UART1_DriverIRQHandler)
    UART1_RX_TX_DriverIRQHandler             0x000021c9   Thumb Code    24  fsl_uart.o(i.UART1_RX_TX_DriverIRQHandler)
    UART2_DriverIRQHandler                   0x000021e1   Thumb Code    32  fsl_uart.o(i.UART2_DriverIRQHandler)
    UART2_RX_TX_DriverIRQHandler             0x0000220d   Thumb Code    24  fsl_uart.o(i.UART2_RX_TX_DriverIRQHandler)
    UART3_DriverIRQHandler                   0x00002225   Thumb Code    32  fsl_uart.o(i.UART3_DriverIRQHandler)
    UART3_RX_TX_DriverIRQHandler             0x00002251   Thumb Code    24  fsl_uart.o(i.UART3_RX_TX_DriverIRQHandler)
    UART4_DriverIRQHandler                   0x00002269   Thumb Code    32  fsl_uart.o(i.UART4_DriverIRQHandler)
    UART4_RX_TX_DriverIRQHandler             0x00002295   Thumb Code    24  fsl_uart.o(i.UART4_RX_TX_DriverIRQHandler)
    UART5_DriverIRQHandler                   0x000022ad   Thumb Code    32  fsl_uart.o(i.UART5_DriverIRQHandler)
    UART5_RX_TX_DriverIRQHandler             0x000022d9   Thumb Code    24  fsl_uart.o(i.UART5_RX_TX_DriverIRQHandler)
    UART_GetDefaultConfig                    0x000022f1   Thumb Code    52  fsl_uart.o(i.UART_GetDefaultConfig)
    UART_GetInstance                         0x00002351   Thumb Code    50  fsl_uart.o(i.UART_GetInstance)
    UART_GetStatusFlags                      0x000023c9   Thumb Code    24  fsl_uart.o(i.UART_GetStatusFlags)
    UART_Init                                0x000023e1   Thumb Code   464  fsl_uart.o(i.UART_Init)
    UART_ReadBlocking                        0x00002691   Thumb Code   112  fsl_uart.o(i.UART_ReadBlocking)
    UART_WriteBlocking                       0x0000272d   Thumb Code    32  fsl_uart.o(i.UART_WriteBlocking)
    __aeabi_assert                           0x0000278d   Thumb Code    24  fsl_assert.o(i.__aeabi_assert)
    _is_digit                                0x000027d1   Thumb Code    14  __printf_wp.o(i._is_digit)
    calculate_crc16                          0x000027df   Thumb Code    34  crc16.o(i.calculate_crc16)
    erase_sector                             0x00002801   Thumb Code    86  flash_api.o(i.erase_sector)
    error_trap                               0x000028b9   Thumb Code    10  flash_api.o(i.error_trap)
    flash_init                               0x000029bd   Thumb Code   116  flash_api.o(i.flash_init)
    fmc_flash_cache_clear                    0x00002ae5   Thumb Code    20  fsl_ftfx_cache.o(i.fmc_flash_cache_clear)
    fmc_flash_prefetch_speculation_clear     0x00002afd   Thumb Code    20  fsl_ftfx_cache.o(i.fmc_flash_prefetch_speculation_clear)
    fputc                                    0x00002b15   Thumb Code    14  fsl_debug_console.o(i.fputc)
    main                                     0x00002c31   Thumb Code   758  main.o(i.main)
    md5Calculate                             0x00003019   Thumb Code    38  md5.o(i.md5Calculate)
    md5Decode                                0x0000303f   Thumb Code    50  md5.o(i.md5Decode)
    md5Encode                                0x00003071   Thumb Code    62  md5.o(i.md5Encode)
    md5Final                                 0x000030b1   Thumb Code    80  md5.o(i.md5Final)
    md5Init                                  0x00003105   Thumb Code    26  md5.o(i.md5Init)
    md5Transform                             0x00003129   Thumb Code  1898  md5.o(i.md5Transform)
    md5Update                                0x000038fd   Thumb Code   140  md5.o(i.md5Update)
    program_flash                            0x00003989   Thumb Code   138  flash_api.o(i.program_flash)
    update_crc16_A001                        0x00003a25   Thumb Code    18  crc16.o(i.update_crc16_A001)
    update_crc16_reflected                   0x00003a3d   Thumb Code    22  crc16.o(i.update_crc16_reflected)
    _fp_init                                 0x00003a53   Thumb Code    10  fpinit.o(x$fpl$fpinit)
    __fplib_config_fpu_vfp                   0x00003a5b   Thumb Code     0  fpinit.o(x$fpl$fpinit)
    __fplib_config_pureend_doubles           0x00003a5b   Thumb Code     0  fpinit.o(x$fpl$fpinit)
    mcgConfig_BOARD_BootClockRUN             0x00003a5c   Data          11  clock_config.o(.constdata)
    simConfig_BOARD_BootClockRUN             0x00003a68   Data           8  clock_config.o(.constdata)
    oscConfig_BOARD_BootClockRUN             0x00003a70   Data           8  clock_config.o(.constdata)
    mcgConfig_BOARD_BootClockVLPR            0x00003a78   Data          11  clock_config.o(.constdata)
    simConfig_BOARD_BootClockVLPR            0x00003a84   Data           8  clock_config.o(.constdata)
    oscConfig_BOARD_BootClockVLPR            0x00003a8c   Data           8  clock_config.o(.constdata)
    crc_tab_8005_reflected                   0x00003b74   Data         512  crc16.o(.constdata)
    Region$$Table$$Base                      0x00003f00   Number         0  anon$$obj.o(Region$$Table)
    Region$$Table$$Limit                     0x00003f20   Number         0  anon$$obj.o(Region$$Table)
    Jump_To_Application                      0x20000000   Data           4  main.o(.data)
    JumpAddress                              0x20000004   Data           4  main.o(.data)
    __stdout                                 0x20000010   Data           4  fsl_debug_console.o(.data)
    __stdin                                  0x20000014   Data           4  fsl_debug_console.o(.data)
    SystemCoreClock                          0x20000018   Data           4  system_mk64f12.o(.data)
    g_xtal0Freq                              0x20000024   Data           4  fsl_clock.o(.data)
    g_xtal32Freq                             0x20000028   Data           4  fsl_clock.o(.data)
    securityStatus                           0x20000038   Data           4  flash_api.o(.data)
    PADDING                                  0x2000003c   Data          64  md5.o(.data)
    tempBuffer                               0x2000007c   Data         128  main.o(.bss)
    Image$$ARM_LIB_HEAP$$ZI$$Base            0x200041f8   Number         0  anon$$obj.o ABSOLUTE
    Image$$ARM_LIB_HEAP$$ZI$$Limit           0x200045f8   Number         0  anon$$obj.o ABSOLUTE
    Image$$ARM_LIB_STACK$$ZI$$Limit          0x20030000   Number         0  anon$$obj.o ABSOLUTE



==============================================================================

Memory Map of the image

  Image Entry point : 0x00000411

  Load Region LR_m_text (Base: 0x00000000, Size: 0x00003f9c, Max: 0x00100000, ABSOLUTE)

    Execution Region VECTOR_ROM (Exec base: 0x00000000, Load base: 0x00000000, Size: 0x00000400, Max: 0x00000400, ABSOLUTE)

    Exec Addr    Load Addr    Size         Type   Attr      Idx    E Section Name        Object

    0x00000000   0x00000000   0x00000400   Data   RO          595    RESET               startup_mk64f12.o


    Execution Region ER_m_flash_config (Exec base: 0x00000400, Load base: 0x00000400, Size: 0x00000010, Max: 0x00000010, ABSOLUTE, FIXED)

    Exec Addr    Load Addr    Size         Type   Attr      Idx    E Section Name        Object

    0x00000400   0x00000400   0x00000010   Data   RO          596    FlashConfig         startup_mk64f12.o


    Execution Region ER_m_text (Exec base: 0x00000410, Load base: 0x00000410, Size: 0x00003b10, Max: 0x000ffbf0, ABSOLUTE)

    Exec Addr    Load Addr    Size         Type   Attr      Idx    E Section Name        Object

    0x00000410   0x00000410   0x00000008   Code   RO         2158  * !!!main             c_w.l(__main.o)
    0x00000418   0x00000418   0x00000034   Code   RO         2393    !!!scatter          c_w.l(__scatter.o)
    0x0000044c   0x0000044c   0x0000001a   Code   RO         2395    !!handler_copy      c_w.l(__scatter_copy.o)
    0x00000466   0x00000466   0x00000002   PAD
    0x00000468   0x00000468   0x0000001c   Code   RO         2397    !!handler_zi        c_w.l(__scatter_zi.o)
    0x00000484   0x00000484   0x00000000   Code   RO         2145    .ARM.Collect$$_printf_percent$$00000000  c_w.l(_printf_percent.o)
    0x00000484   0x00000484   0x00000006   Code   RO         2144    .ARM.Collect$$_printf_percent$$00000009  c_w.l(_printf_d.o)
    0x0000048a   0x0000048a   0x00000006   Code   RO         2143    .ARM.Collect$$_printf_percent$$0000000C  c_w.l(_printf_x.o)
    0x00000490   0x00000490   0x00000006   Code   RO         2142    .ARM.Collect$$_printf_percent$$00000014  c_w.l(_printf_s.o)
    0x00000496   0x00000496   0x00000004   Code   RO         2198    .ARM.Collect$$_printf_percent$$00000017  c_w.l(_printf_percent_end.o)
    0x0000049a   0x0000049a   0x00000002   Code   RO         2326    .ARM.Collect$$libinit$$00000000  c_w.l(libinit.o)
    0x0000049c   0x0000049c   0x00000004   Code   RO         2205    .ARM.Collect$$libinit$$00000001  c_w.l(libinit2.o)
    0x000004a0   0x000004a0   0x00000000   Code   RO         2208    .ARM.Collect$$libinit$$00000004  c_w.l(libinit2.o)
    0x000004a0   0x000004a0   0x00000000   Code   RO         2211    .ARM.Collect$$libinit$$0000000A  c_w.l(libinit2.o)
    0x000004a0   0x000004a0   0x00000000   Code   RO         2213    .ARM.Collect$$libinit$$0000000C  c_w.l(libinit2.o)
    0x000004a0   0x000004a0   0x00000000   Code   RO         2215    .ARM.Collect$$libinit$$0000000E  c_w.l(libinit2.o)
    0x000004a0   0x000004a0   0x00000000   Code   RO         2218    .ARM.Collect$$libinit$$00000011  c_w.l(libinit2.o)
    0x000004a0   0x000004a0   0x00000000   Code   RO         2220    .ARM.Collect$$libinit$$00000013  c_w.l(libinit2.o)
    0x000004a0   0x000004a0   0x00000000   Code   RO         2222    .ARM.Collect$$libinit$$00000015  c_w.l(libinit2.o)
    0x000004a0   0x000004a0   0x00000000   Code   RO         2224    .ARM.Collect$$libinit$$00000017  c_w.l(libinit2.o)
    0x000004a0   0x000004a0   0x00000000   Code   RO         2226    .ARM.Collect$$libinit$$00000019  c_w.l(libinit2.o)
    0x000004a0   0x000004a0   0x00000000   Code   RO         2228    .ARM.Collect$$libinit$$0000001B  c_w.l(libinit2.o)
    0x000004a0   0x000004a0   0x00000000   Code   RO         2230    .ARM.Collect$$libinit$$0000001D  c_w.l(libinit2.o)
    0x000004a0   0x000004a0   0x00000000   Code   RO         2232    .ARM.Collect$$libinit$$0000001F  c_w.l(libinit2.o)
    0x000004a0   0x000004a0   0x00000000   Code   RO         2234    .ARM.Collect$$libinit$$00000021  c_w.l(libinit2.o)
    0x000004a0   0x000004a0   0x00000000   Code   RO         2236    .ARM.Collect$$libinit$$00000023  c_w.l(libinit2.o)
    0x000004a0   0x000004a0   0x00000000   Code   RO         2238    .ARM.Collect$$libinit$$00000025  c_w.l(libinit2.o)
    0x000004a0   0x000004a0   0x00000000   Code   RO         2242    .ARM.Collect$$libinit$$0000002C  c_w.l(libinit2.o)
    0x000004a0   0x000004a0   0x00000000   Code   RO         2244    .ARM.Collect$$libinit$$0000002E  c_w.l(libinit2.o)
    0x000004a0   0x000004a0   0x00000000   Code   RO         2246    .ARM.Collect$$libinit$$00000030  c_w.l(libinit2.o)
    0x000004a0   0x000004a0   0x00000000   Code   RO         2248    .ARM.Collect$$libinit$$00000032  c_w.l(libinit2.o)
    0x000004a0   0x000004a0   0x00000002   Code   RO         2249    .ARM.Collect$$libinit$$00000033  c_w.l(libinit2.o)
    0x000004a2   0x000004a2   0x00000002   Code   RO         2390    .ARM.Collect$$libshutdown$$00000000  c_w.l(libshutdown.o)
    0x000004a4   0x000004a4   0x00000000   Code   RO         2346    .ARM.Collect$$libshutdown$$00000002  c_w.l(libshutdown2.o)
    0x000004a4   0x000004a4   0x00000000   Code   RO         2348    .ARM.Collect$$libshutdown$$00000004  c_w.l(libshutdown2.o)
    0x000004a4   0x000004a4   0x00000000   Code   RO         2351    .ARM.Collect$$libshutdown$$00000007  c_w.l(libshutdown2.o)
    0x000004a4   0x000004a4   0x00000000   Code   RO         2354    .ARM.Collect$$libshutdown$$0000000A  c_w.l(libshutdown2.o)
    0x000004a4   0x000004a4   0x00000000   Code   RO         2356    .ARM.Collect$$libshutdown$$0000000C  c_w.l(libshutdown2.o)
    0x000004a4   0x000004a4   0x00000000   Code   RO         2359    .ARM.Collect$$libshutdown$$0000000F  c_w.l(libshutdown2.o)
    0x000004a4   0x000004a4   0x00000002   Code   RO         2360    .ARM.Collect$$libshutdown$$00000010  c_w.l(libshutdown2.o)
    0x000004a6   0x000004a6   0x00000000   Code   RO         2162    .ARM.Collect$$rtentry$$00000000  c_w.l(__rtentry.o)
    0x000004a6   0x000004a6   0x00000000   Code   RO         2256    .ARM.Collect$$rtentry$$00000002  c_w.l(__rtentry2.o)
    0x000004a6   0x000004a6   0x00000004   Code   RO         2270    .ARM.Collect$$rtentry$$00000007  c_w.l(__rtentry7.o)
    0x000004aa   0x000004aa   0x00000000   Code   RO         2258    .ARM.Collect$$rtentry$$00000009  c_w.l(__rtentry2.o)
    0x000004aa   0x000004aa   0x00000004   Code   RO         2259    .ARM.Collect$$rtentry$$0000000A  c_w.l(__rtentry2.o)
    0x000004ae   0x000004ae   0x00000000   Code   RO         2261    .ARM.Collect$$rtentry$$0000000C  c_w.l(__rtentry2.o)
    0x000004ae   0x000004ae   0x00000008   Code   RO         2262    .ARM.Collect$$rtentry$$0000000D  c_w.l(__rtentry2.o)
    0x000004b6   0x000004b6   0x00000002   PAD
    0x000004b8   0x000004b8   0x00000004   Code   RO         2271    .ARM.Collect$$rtentry$$00002718  c_w.l(__rtentry7.o)
    0x000004bc   0x000004bc   0x00000002   Code   RO         2331    .ARM.Collect$$rtexit$$00000000  c_w.l(rtexit.o)
    0x000004be   0x000004be   0x00000000   Code   RO         2364    .ARM.Collect$$rtexit$$00000002  c_w.l(rtexit2.o)
    0x000004be   0x000004be   0x00000004   Code   RO         2365    .ARM.Collect$$rtexit$$00000003  c_w.l(rtexit2.o)
    0x000004c2   0x000004c2   0x00000006   Code   RO         2366    .ARM.Collect$$rtexit$$00000004  c_w.l(rtexit2.o)
    0x000004c8   0x000004c8   0x000001cc   Code   RO          597    .text               startup_mk64f12.o
    0x00000694   0x00000694   0x00000018   Code   RO         2089    .text               c_w.l(noretval__2printf.o)
    0x000006ac   0x000006ac   0x00000028   Code   RO         2091    .text               c_w.l(noretval__2sprintf.o)
    0x000006d4   0x000006d4   0x0000004e   Code   RO         2095    .text               c_w.l(_printf_pad.o)
    0x00000722   0x00000722   0x00000052   Code   RO         2097    .text               c_w.l(_printf_str.o)
    0x00000774   0x00000774   0x00000078   Code   RO         2099    .text               c_w.l(_printf_dec.o)
    0x000007ec   0x000007ec   0x00000058   Code   RO         2104    .text               c_w.l(_printf_hex_int.o)
    0x00000844   0x00000844   0x00000138   Code   RO         2134    .text               c_w.l(__printf_flags_wp.o)
    0x0000097c   0x0000097c   0x0000003e   Code   RO         2146    .text               c_w.l(strlen.o)
    0x000009ba   0x000009ba   0x00000096   Code   RO         2148    .text               c_w.l(strncmp.o)
    0x00000a50   0x00000a50   0x0000008a   Code   RO         2150    .text               c_w.l(rt_memcpy_v6.o)
    0x00000ada   0x00000ada   0x0000004e   Code   RO         2154    .text               c_w.l(rt_memclr_w.o)
    0x00000b28   0x00000b28   0x00000080   Code   RO         2156    .text               c_w.l(strcmpv7m.o)
    0x00000ba8   0x00000ba8   0x000000b2   Code   RO         2188    .text               c_w.l(_printf_intcommon.o)
    0x00000c5a   0x00000c5a   0x00000002   PAD
    0x00000c5c   0x00000c5c   0x00000030   Code   RO         2190    .text               c_w.l(_printf_char_common.o)
    0x00000c8c   0x00000c8c   0x0000000a   Code   RO         2192    .text               c_w.l(_sputc.o)
    0x00000c96   0x00000c96   0x0000002c   Code   RO         2194    .text               c_w.l(_printf_char.o)
    0x00000cc2   0x00000cc2   0x00000002   PAD
    0x00000cc4   0x00000cc4   0x00000024   Code   RO         2196    .text               c_w.l(_printf_char_file.o)
    0x00000ce8   0x00000ce8   0x00000064   Code   RO         2199    .text               c_w.l(rt_memcpy_w.o)
    0x00000d4c   0x00000d4c   0x00000008   Code   RO         2285    .text               c_w.l(ferror.o)
    0x00000d54   0x00000d54   0x00000002   Code   RO         2302    .text               c_w.l(use_no_semi.o)
    0x00000d56   0x00000d56   0x00000000   Code   RO         2304    .text               c_w.l(indicate_semi.o)
    0x00000d56   0x00000d56   0x00000012   Code   RO         2311    .text               c_w.l(exit.o)
    0x00000d68   0x00000d68   0x0000000c   Code   RO         2327    .text               c_w.l(sys_exit.o)
    0x00000d74   0x00000d74   0x0000006c   Code   RO          250    i.BOARD_BootClockRUN  clock_config.o
    0x00000de0   0x00000de0   0x0000001c   Code   RO          209    i.BOARD_InitDebugConsole  board.o
    0x00000dfc   0x00000dfc   0x00000048   Code   RO          135    i.BOARD_InitPins    pin_mux.o
    0x00000e44   0x00000e44   0x00000074   Code   RO         1148    i.CLOCK_BootToPeeMode  fsl_clock.o
    0x00000eb8   0x00000eb8   0x00000014   Code   RO          252    i.CLOCK_CONFIG_SetFllExtRefDiv  clock_config.o
    0x00000ecc   0x00000ecc   0x00000080   Code   RO         1152    i.CLOCK_EnablePll0  fsl_clock.o
    0x00000f4c   0x00000f4c   0x0000001c   Code   RO         1157    i.CLOCK_GetCoreSysClkFreq  fsl_clock.o
    0x00000f68   0x00000f68   0x00000070   Code   RO         1162    i.CLOCK_GetFllExtRefClkFreq  fsl_clock.o
    0x00000fd8   0x00000fd8   0x0000004c   Code   RO         1163    i.CLOCK_GetFllFreq  fsl_clock.o
    0x00001024   0x00001024   0x00000020   Code   RO         1164    i.CLOCK_GetFllRefClkFreq  fsl_clock.o
    0x00001044   0x00001044   0x0000002c   Code   RO         1167    i.CLOCK_GetInternalRefClkSelectFreq  fsl_clock.o
    0x00001070   0x00001070   0x000000a4   Code   RO         1168    i.CLOCK_GetMcgExtClkFreq  fsl_clock.o
    0x00001114   0x00001114   0x00000020   Code   RO         1171    i.CLOCK_GetOscRangeFromFreq  fsl_clock.o
    0x00001134   0x00001134   0x0000003c   Code   RO         1172    i.CLOCK_GetOutClkFreq  fsl_clock.o
    0x00001170   0x00001170   0x00000078   Code   RO         1174    i.CLOCK_GetPll0Freq  fsl_clock.o
    0x000011e8   0x000011e8   0x00000008   Code   RO         1175    i.CLOCK_GetPll0RefFreq  fsl_clock.o
    0x000011f0   0x000011f0   0x0000006c   Code   RO         1178    i.CLOCK_InitOsc0    fsl_clock.o
    0x0000125c   0x0000125c   0x0000003c   Code   RO         1182    i.CLOCK_SetExternalRefClkConfig  fsl_clock.o
    0x00001298   0x00001298   0x00000098   Code   RO         1187    i.CLOCK_SetInternalRefClkConfig  fsl_clock.o
    0x00001330   0x00001330   0x000000ac   Code   RO         1190    i.CLOCK_SetPbeMode  fsl_clock.o
    0x000013dc   0x000013dc   0x00000030   Code   RO         1194    i.CLOCK_SetSimConfig  fsl_clock.o
    0x0000140c   0x0000140c   0x000000a8   Code   RO          422    i.ConvertRadixNumToString  fsl_str.o
    0x000014b4   0x000014b4   0x00000088   Code   RO          481    i.DbgConsole_Init   fsl_debug_console.o
    0x0000153c   0x0000153c   0x00000040   Code   RO          482    i.DbgConsole_Printf  fsl_debug_console.o
    0x0000157c   0x0000157c   0x0000003e   Code   RO          484    i.DbgConsole_RelocateLog  fsl_debug_console.o
    0x000015ba   0x000015ba   0x0000005c   Code   RO          827    i.FLASH_Erase       fsl_ftfx_flash.o
    0x00001616   0x00001616   0x00000010   Code   RO          830    i.FLASH_GetSecurityState  fsl_ftfx_flash.o
    0x00001626   0x00001626   0x000002ba   Code   RO          831    i.FLASH_Init        fsl_ftfx_flash.o
    0x000018e0   0x000018e0   0x0000005c   Code   RO          836    i.FLASH_Program     fsl_ftfx_flash.o
    0x0000193c   0x0000193c   0x0000005c   Code   RO          841    i.FLASH_VerifyErase  fsl_ftfx_flash.o
    0x00001998   0x00001998   0x0000006a   Code   RO          843    i.FLASH_VerifyProgram  fsl_ftfx_flash.o
    0x00001a02   0x00001a02   0x00000002   PAD
    0x00001a04   0x00001a04   0x00000034   Code   RO          646    i.FTFx_API_Init     fsl_ftfx_controller.o
    0x00001a38   0x00001a38   0x00000018   Code   RO          982    i.FTFx_CACHE_ClearCachePrefetchSpeculation  fsl_ftfx_cache.o
    0x00001a50   0x00001a50   0x00000020   Code   RO          983    i.FTFx_CACHE_Init   fsl_ftfx_cache.o
    0x00001a70   0x00001a70   0x0000008c   Code   RO          647    i.FTFx_CMD_Erase    fsl_ftfx_controller.o
    0x00001afc   0x00001afc   0x00000090   Code   RO          650    i.FTFx_CMD_Program  fsl_ftfx_controller.o
    0x00001b8c   0x00001b8c   0x000000a8   Code   RO          657    i.FTFx_CMD_VerifyErase  fsl_ftfx_controller.o
    0x00001c34   0x00001c34   0x00000094   Code   RO          660    i.FTFx_CMD_VerifyProgram  fsl_ftfx_controller.o
    0x00001cc8   0x00001cc8   0x00000044   Code   RO          661    i.FTFx_REG_GetSecurityState  fsl_ftfx_controller.o
    0x00001d0c   0x00001d0c   0x000000c4   Code   RO          299    i.IO_Init           fsl_io.o
    0x00001dd0   0x00001dd0   0x0000004c   Code   RO          300    i.IO_Transfer       fsl_io.o
    0x00001e1c   0x00001e1c   0x00000030   Code   RO            6    i.Jump_IAP          main.o
    0x00001e4c   0x00001e4c   0x00000024   Code   RO          352    i.LOG_Init          fsl_log.o
    0x00001e70   0x00001e70   0x00000022   Code   RO          353    i.LOG_Pop           fsl_log.o
    0x00001e92   0x00001e92   0x00000002   PAD
    0x00001e94   0x00001e94   0x00000054   Code   RO          354    i.LOG_Push          fsl_log.o
    0x00001ee8   0x00001ee8   0x0000000e   Code   RO          136    i.PORT_SetPinMux    pin_mux.o
    0x00001ef6   0x00001ef6   0x0000022e   Code   RO          424    i.StrFormatPrintf   fsl_str.o
    0x00002124   0x00002124   0x00000030   Code   RO          605    i.SystemInit        system_mk64f12.o
    0x00002154   0x00002154   0x00000002   Code   RO          606    i.SystemInitHook    system_mk64f12.o
    0x00002156   0x00002156   0x00000002   PAD
    0x00002158   0x00002158   0x0000002c   Code   RO         1474    i.UART0_DriverIRQHandler  fsl_uart.o
    0x00002184   0x00002184   0x00000018   Code   RO         1475    i.UART0_RX_TX_DriverIRQHandler  fsl_uart.o
    0x0000219c   0x0000219c   0x0000002c   Code   RO         1476    i.UART1_DriverIRQHandler  fsl_uart.o
    0x000021c8   0x000021c8   0x00000018   Code   RO         1477    i.UART1_RX_TX_DriverIRQHandler  fsl_uart.o
    0x000021e0   0x000021e0   0x0000002c   Code   RO         1478    i.UART2_DriverIRQHandler  fsl_uart.o
    0x0000220c   0x0000220c   0x00000018   Code   RO         1479    i.UART2_RX_TX_DriverIRQHandler  fsl_uart.o
    0x00002224   0x00002224   0x0000002c   Code   RO         1480    i.UART3_DriverIRQHandler  fsl_uart.o
    0x00002250   0x00002250   0x00000018   Code   RO         1481    i.UART3_RX_TX_DriverIRQHandler  fsl_uart.o
    0x00002268   0x00002268   0x0000002c   Code   RO         1482    i.UART4_DriverIRQHandler  fsl_uart.o
    0x00002294   0x00002294   0x00000018   Code   RO         1483    i.UART4_RX_TX_DriverIRQHandler  fsl_uart.o
    0x000022ac   0x000022ac   0x0000002c   Code   RO         1484    i.UART5_DriverIRQHandler  fsl_uart.o
    0x000022d8   0x000022d8   0x00000018   Code   RO         1485    i.UART5_RX_TX_DriverIRQHandler  fsl_uart.o
    0x000022f0   0x000022f0   0x00000060   Code   RO         1490    i.UART_GetDefaultConfig  fsl_uart.o
    0x00002350   0x00002350   0x00000078   Code   RO         1492    i.UART_GetInstance  fsl_uart.o
    0x000023c8   0x000023c8   0x00000018   Code   RO         1493    i.UART_GetStatusFlags  fsl_uart.o
    0x000023e0   0x000023e0   0x000002b0   Code   RO         1494    i.UART_Init         fsl_uart.o
    0x00002690   0x00002690   0x0000009c   Code   RO         1495    i.UART_ReadBlocking  fsl_uart.o
    0x0000272c   0x0000272c   0x00000020   Code   RO         1511    i.UART_WriteBlocking  fsl_uart.o
    0x0000274c   0x0000274c   0x00000040   Code   RO            7    i.__NVIC_SystemReset  main.o
    0x0000278c   0x0000278c   0x00000044   Code   RO          574    i.__aeabi_assert    fsl_assert.o
    0x000027d0   0x000027d0   0x0000000e   Code   RO         2132    i._is_digit         c_w.l(__printf_wp.o)
    0x000027de   0x000027de   0x00000022   Code   RO         1985    i.calculate_crc16   crc16.o
    0x00002800   0x00002800   0x000000b8   Code   RO         1856    i.erase_sector      flash_api.o
    0x000028b8   0x000028b8   0x00000038   Code   RO         1857    i.error_trap        flash_api.o
    0x000028f0   0x000028f0   0x0000002c   Code   RO          844    i.flash_calculate_mem_size  fsl_ftfx_flash.o
    0x0000291c   0x0000291c   0x00000014   Code   RO          845    i.flash_calculate_prot_segment_size  fsl_ftfx_flash.o
    0x00002930   0x00002930   0x00000066   Code   RO          846    i.flash_check_range_to_get_index  fsl_ftfx_flash.o
    0x00002996   0x00002996   0x00000026   Code   RO          847    i.flash_convert_start_address  fsl_ftfx_flash.o
    0x000029bc   0x000029bc   0x000000e8   Code   RO         1858    i.flash_init        flash_api.o
    0x00002aa4   0x00002aa4   0x00000040   Code   RO          848    i.flash_init_features  fsl_ftfx_flash.o
    0x00002ae4   0x00002ae4   0x00000018   Code   RO          986    i.fmc_flash_cache_clear  fsl_ftfx_cache.o
    0x00002afc   0x00002afc   0x00000018   Code   RO          987    i.fmc_flash_prefetch_speculation_clear  fsl_ftfx_cache.o
    0x00002b14   0x00002b14   0x0000000e   Code   RO          487    i.fputc             fsl_debug_console.o
    0x00002b22   0x00002b22   0x00000034   Code   RO          662    i.ftfx_check_mem_range  fsl_ftfx_controller.o
    0x00002b56   0x00002b56   0x00000002   PAD
    0x00002b58   0x00002b58   0x00000014   Code   RO          665    i.ftfx_check_user_key  fsl_ftfx_controller.o
    0x00002b6c   0x00002b6c   0x0000003c   Code   RO          666    i.ftfx_command_sequence  fsl_ftfx_controller.o
    0x00002ba8   0x00002ba8   0x00000014   Code   RO          988    i.ftfx_copy_common_bit_operation_to_ram  fsl_ftfx_cache.o
    0x00002bbc   0x00002bbc   0x00000014   Code   RO          667    i.ftfx_copy_run_command_to_ram  fsl_ftfx_controller.o
    0x00002bd0   0x00002bd0   0x00000036   Code   RO          668    i.ftfx_init_ifr     fsl_ftfx_controller.o
    0x00002c06   0x00002c06   0x00000028   Code   RO          669    i.ftfx_read_word_from_byte_address  fsl_ftfx_controller.o
    0x00002c2e   0x00002c2e   0x00000002   PAD
    0x00002c30   0x00002c30   0x000003e8   Code   RO            9    i.main              main.o
    0x00003018   0x00003018   0x00000026   Code   RO         1924    i.md5Calculate      md5.o
    0x0000303e   0x0000303e   0x00000032   Code   RO         1925    i.md5Decode         md5.o
    0x00003070   0x00003070   0x0000003e   Code   RO         1926    i.md5Encode         md5.o
    0x000030ae   0x000030ae   0x00000002   PAD
    0x000030b0   0x000030b0   0x00000054   Code   RO         1927    i.md5Final          md5.o
    0x00003104   0x00003104   0x00000024   Code   RO         1928    i.md5Init           md5.o
    0x00003128   0x00003128   0x000007d4   Code   RO         1929    i.md5Transform      md5.o
    0x000038fc   0x000038fc   0x0000008c   Code   RO         1930    i.md5Update         md5.o
    0x00003988   0x00003988   0x0000009c   Code   RO         1859    i.program_flash     flash_api.o
    0x00003a24   0x00003a24   0x00000018   Code   RO         1987    i.update_crc16_A001  crc16.o
    0x00003a3c   0x00003a3c   0x00000016   Code   RO         1988    i.update_crc16_reflected  crc16.o
    0x00003a52   0x00003a52   0x0000000a   Code   RO         2300    x$fpl$fpinit        fz_wm.l(fpinit.o)
    0x00003a5c   0x00003a5c   0x00000038   Data   RO          253    .constdata          clock_config.o
    0x00003a94   0x00003a94   0x0000000c   Data   RO          672    .constdata          fsl_ftfx_controller.o
    0x00003aa0   0x00003aa0   0x0000001e   Data   RO          850    .constdata          fsl_ftfx_flash.o
    0x00003abe   0x00003abe   0x0000001c   Data   RO          990    .constdata          fsl_ftfx_cache.o
    0x00003ada   0x00003ada   0x00000002   PAD
    0x00003adc   0x00003adc   0x00000060   Data   RO         1196    .constdata          fsl_clock.o
    0x00003b3c   0x00003b3c   0x00000038   Data   RO         1514    .constdata          fsl_uart.o
    0x00003b74   0x00003b74   0x00000200   Data   RO         1989    .constdata          crc16.o
    0x00003d74   0x00003d74   0x00000028   Data   RO         2105    .constdata          c_w.l(_printf_hex_int.o)
    0x00003d9c   0x00003d9c   0x00000011   Data   RO         2135    .constdata          c_w.l(__printf_flags_wp.o)
    0x00003dad   0x00003dad   0x00000003   PAD
    0x00003db0   0x00003db0   0x00000109   Data   RO           11    .conststring        main.o
    0x00003eb9   0x00003eb9   0x00000003   PAD
    0x00003ebc   0x00003ebc   0x00000041   Data   RO         1861    .conststring        flash_api.o
    0x00003efd   0x00003efd   0x00000003   PAD
    0x00003f00   0x00003f00   0x00000020   Data   RO         2391    Region$$Table       anon$$obj.o


    Execution Region RW_m_data (Exec base: 0x1fff0000, Load base: 0x00003f20, Size: 0x00000000, Max: 0x00010000, ABSOLUTE)

    **** No section assigned to this execution region ****


    Execution Region RW_m_data_2 (Exec base: 0x20000000, Load base: 0x00003f20, Size: 0x000041f8, Max: 0x0002f800, ABSOLUTE)

    Exec Addr    Load Addr    Size         Type   Attr      Idx    E Section Name        Object

    0x20000000   0x00003f20   0x00000008   Data   RW           12    .data               main.o
    0x20000008   0x00003f28   0x00000008   Data   RW          302    .data               fsl_io.o
    0x20000010   0x00003f30   0x00000008   Data   RW          488    .data               fsl_debug_console.o
    0x20000018   0x00003f38   0x00000004   Data   RW          607    .data               system_mk64f12.o
    0x2000001c   0x00003f3c   0x00000010   Data   RW         1197    .data               fsl_clock.o
    0x2000002c   0x00003f4c   0x00000004   Data   RW         1515    .data               fsl_uart.o
    0x20000030   0x00003f50   0x0000000c   Data   RW         1862    .data               flash_api.o
    0x2000003c   0x00003f5c   0x00000040   Data   RW         1931    .data               md5.o
    0x2000007c        -       0x00000080   Zero   RW           10    .bss                main.o
    0x200000fc        -       0x00000040   Zero   RW          671    .bss                fsl_ftfx_controller.o
    0x2000013c        -       0x00000040   Zero   RW          989    .bss                fsl_ftfx_cache.o
    0x2000017c        -       0x00000018   Zero   RW         1513    .bss                fsl_uart.o
    0x20000194        -       0x00004064   Zero   RW         1860    .bss                flash_api.o


    Execution Region ARM_LIB_HEAP (Exec base: 0x200041f8, Load base: 0x00003f9c, Size: 0x00000400, Max: 0x00000400, ABSOLUTE)

    Exec Addr    Load Addr    Size         Type   Attr      Idx    E Section Name        Object

    0x200041f8        -       0x00000400   Zero   RW            1    ARM_LIB_HEAP.bss    anon$$obj.o


    Execution Region ARM_LIB_STACK (Exec base: 0x2002fc00, Load base: 0x00003f9c, Size: 0x00000400, Max: 0x00000400, ABSOLUTE)

    Exec Addr    Load Addr    Size         Type   Attr      Idx    E Section Name        Object

    0x2002fc00        -       0x00000400   Zero   RW            2    ARM_LIB_STACK.bss   anon$$obj.o


==============================================================================

Image component sizes


      Code (inc. data)   RO Data    RW Data    ZI Data      Debug   Object Name

        28          4          0          0          0        509   board.o
       128         36         56          0          0       9663   clock_config.o
        80          6        512          0          0       2424   crc16.o
       628        278         65         12      16484      10250   flash_api.o
        68         44          0          0          0        657   fsl_assert.o
      1460        362         96         16          0      22479   fsl_clock.o
       276         98          0          8          0       4872   fsl_debug_console.o
       124         16         28          0         64       4952   fsl_ftfx_cache.o
       966         58         12          0         64      19652   fsl_ftfx_controller.o
      1364         10         30          0          0      12178   fsl_ftfx_flash.o
       272         62          0          8          0       6172   fsl_io.o
       154         52          0          0          0       3260   fsl_log.o
       726          0          0          0          0       3646   fsl_str.o
      1524        454         56          4         24      26677   fsl_uart.o
      1112        258        265          8        128      12931   main.o
      2414        268          0         64          0       6593   md5.o
        86         16          0          0          0     479852   pin_mux.o
       460        218       1040          0          0       3208   startup_mk64f12.o
        50          8          0          4          0       1156   system_mk64f12.o

    ----------------------------------------------------------------------
     11932       2248       2200        124      18812     631131   Object Totals
         0          0         32          0       2048          0   (incl. Generated)
        12          0          8          0          0          0   (incl. Padding)

    ----------------------------------------------------------------------

      Code (inc. data)   RO Data    RW Data    ZI Data      Debug   Library Member Name

         8          0          0          0          0         68   __main.o
       312          4         17          0          0         92   __printf_flags_wp.o
        14          0          0          0          0         68   __printf_wp.o
         0          0          0          0          0          0   __rtentry.o
        12          0          0          0          0          0   __rtentry2.o
         8          4          0          0          0          0   __rtentry7.o
        52          8          0          0          0          0   __scatter.o
        26          0          0          0          0          0   __scatter_copy.o
        28          0          0          0          0          0   __scatter_zi.o
        44          0          0          0          0        108   _printf_char.o
        48          6          0          0          0         96   _printf_char_common.o
        36          4          0          0          0         80   _printf_char_file.o
         6          0          0          0          0          0   _printf_d.o
       120         16          0          0          0         92   _printf_dec.o
        88          4         40          0          0         88   _printf_hex_int.o
       178          0          0          0          0         88   _printf_intcommon.o
        78          0          0          0          0        108   _printf_pad.o
         0          0          0          0          0          0   _printf_percent.o
         4          0          0          0          0          0   _printf_percent_end.o
         6          0          0          0          0          0   _printf_s.o
        82          0          0          0          0         80   _printf_str.o
         6          0          0          0          0          0   _printf_x.o
        10          0          0          0          0         68   _sputc.o
        18          0          0          0          0         80   exit.o
         8          0          0          0          0         68   ferror.o
         0          0          0          0          0          0   indicate_semi.o
         2          0          0          0          0          0   libinit.o
         6          0          0          0          0          0   libinit2.o
         2          0          0          0          0          0   libshutdown.o
         2          0          0          0          0          0   libshutdown2.o
        24          4          0          0          0         84   noretval__2printf.o
        40          6          0          0          0         84   noretval__2sprintf.o
        78          0          0          0          0         80   rt_memclr_w.o
       138          0          0          0          0         68   rt_memcpy_v6.o
       100          0          0          0          0         80   rt_memcpy_w.o
         2          0          0          0          0          0   rtexit.o
        10          0          0          0          0          0   rtexit2.o
       128          0          0          0          0         68   strcmpv7m.o
        62          0          0          0          0         76   strlen.o
       150          0          0          0          0         80   strncmp.o
        12          4          0          0          0         68   sys_exit.o
         2          0          0          0          0         68   use_no_semi.o
        10          0          0          0          0        116   fpinit.o

    ----------------------------------------------------------------------
      1968         60         60          0          0       2056   Library Totals
         8          0          3          0          0          0   (incl. Padding)

    ----------------------------------------------------------------------

      Code (inc. data)   RO Data    RW Data    ZI Data      Debug   Library Name

      1950         60         57          0          0       1940   c_w.l
        10          0          0          0          0        116   fz_wm.l

    ----------------------------------------------------------------------
      1968         60         60          0          0       2056   Library Totals

    ----------------------------------------------------------------------

==============================================================================


      Code (inc. data)   RO Data    RW Data    ZI Data      Debug   

     13900       2308       2260        124      18812     622547   Grand Totals
     13900       2308       2260        124      18812     622547   ELF Image Totals
     13900       2308       2260        124          0          0   ROM Totals

==============================================================================

    Total RO  Size (Code + RO Data)                16160 (  15.78kB)
    Total RW  Size (RW Data + ZI Data)             18936 (  18.49kB)
    Total ROM Size (Code + RO Data + RW Data)      16284 (  15.90kB)

==============================================================================

