Component: ARM Compiler 5.06 update 5 (build 528) Tool: armlink [4d35e2]

==============================================================================

Section Cross References

    btc_api.o(i.main) refers to pin_mux.o(i.BOARD_InitPins) for BOARD_InitPins
    btc_api.o(i.main) refers to clock_config.o(i.BOARD_BootClockRUN) for BOARD_BootClockRUN
    btc_api.o(i.main) refers to board.o(i.BOARD_InitDebugConsole) for BOARD_InitDebugConsole
    btc_api.o(i.main) refers to i2c_api.o(i.i2c_init) for i2c_init
    btc_api.o(i.main) refers to sensor.o(i.sensorInit) for sensorInit
    btc_api.o(i.main) refers to dhcp_api.o(i.Network_Init) for Network_Init
    btc_api.o(i.main) refers to gpio_api.o(i.gpio_init) for gpio_init
    btc_api.o(i.main) refers to ftm_api.o(i.ftm_init) for ftm_init
    btc_api.o(i.main) refers to adc_api.o(i.adc_init) for adc_init
    btc_api.o(i.main) refers to flash_api.o(i.flash_init) for flash_init
    btc_api.o(i.main) refers to ota_api.o(i.OTAInit) for OTAInit
    btc_api.o(i.main) refers to sys_arch.o(i.sys_thread_new) for sys_thread_new
    btc_api.o(i.main) refers to sys_arch.o(i.sys_assert) for sys_assert
    btc_api.o(i.main) refers to tasks.o(i.vTaskStartScheduler) for vTaskStartScheduler
    btc_api.o(i.main) refers to network_thread.o(i.connect_thread) for connect_thread
    btc_api.o(i.main) refers to heartbeat_thread.o(i.heartBeat_thread) for heartBeat_thread
    fsl_phy.o(i.PHY_EnableLoopback) refers to fsl_phy.o(i.PHY_Read) for PHY_Read
    fsl_phy.o(i.PHY_EnableLoopback) refers to fsl_phy.o(i.PHY_Write) for PHY_Write
    fsl_phy.o(i.PHY_GetLinkSpeedDuplex) refers to fsl_common.o(i.__aeabi_assert) for __aeabi_assert
    fsl_phy.o(i.PHY_GetLinkSpeedDuplex) refers to fsl_phy.o(i.PHY_Read) for PHY_Read
    fsl_phy.o(i.PHY_GetLinkStatus) refers to fsl_common.o(i.__aeabi_assert) for __aeabi_assert
    fsl_phy.o(i.PHY_GetLinkStatus) refers to fsl_phy.o(i.PHY_Read) for PHY_Read
    fsl_phy.o(i.PHY_Init) refers to fsl_enet.o(i.ENET_GetInstance) for ENET_GetInstance
    fsl_phy.o(i.PHY_Init) refers to fsl_enet.o(i.ENET_SetSMI) for ENET_SetSMI
    fsl_phy.o(i.PHY_Init) refers to fsl_phy.o(i.PHY_Write) for PHY_Write
    fsl_phy.o(i.PHY_Init) refers to fsl_phy.o(i.PHY_Read) for PHY_Read
    fsl_phy.o(i.PHY_Init) refers to fsl_enet.o(.constdata) for s_enetClock
    fsl_phy.o(i.PHY_Read) refers to fsl_common.o(i.__aeabi_assert) for __aeabi_assert
    fsl_phy.o(i.PHY_Read) refers to fsl_phy.o(i.ENET_ClearInterruptStatus) for ENET_ClearInterruptStatus
    fsl_phy.o(i.PHY_Read) refers to fsl_enet.o(i.ENET_StartSMIRead) for ENET_StartSMIRead
    fsl_phy.o(i.PHY_Write) refers to fsl_phy.o(i.ENET_ClearInterruptStatus) for ENET_ClearInterruptStatus
    fsl_phy.o(i.PHY_Write) refers to fsl_enet.o(i.ENET_StartSMIWrite) for ENET_StartSMIWrite
    pin_mux.o(i.BOARD_I2C_ConfigurePins) refers to pin_mux.o(i.CLOCK_EnableClock) for CLOCK_EnableClock
    pin_mux.o(i.BOARD_I2C_ConfigurePins) refers to pin_mux.o(i.PORT_SetPinConfig) for PORT_SetPinConfig
    pin_mux.o(i.BOARD_I2C_ConfigurePins) refers to pin_mux.o(.constdata) for .constdata
    pin_mux.o(i.BOARD_InitPins) refers to pin_mux.o(i.CLOCK_EnableClock) for CLOCK_EnableClock
    pin_mux.o(i.BOARD_InitPins) refers to pin_mux.o(i.PORT_SetPinMux) for PORT_SetPinMux
    pin_mux.o(i.PORT_SetPinConfig) refers to fsl_common.o(i.__aeabi_assert) for __aeabi_assert
    board.o(i.BOARD_InitDebugConsole) refers to fsl_clock.o(i.CLOCK_GetCoreSysClkFreq) for CLOCK_GetCoreSysClkFreq
    board.o(i.BOARD_InitDebugConsole) refers to fsl_debug_console.o(i.DbgConsole_Init) for DbgConsole_Init
    clock_config.o(i.BOARD_BootClockRUN) refers to clock_config.o(i.BOARD_InitOsc0) for BOARD_InitOsc0
    clock_config.o(i.BOARD_BootClockRUN) refers to fsl_clock.o(i.CLOCK_BootToPeeMode) for CLOCK_BootToPeeMode
    clock_config.o(i.BOARD_BootClockRUN) refers to fsl_clock.o(i.CLOCK_SetInternalRefClkConfig) for CLOCK_SetInternalRefClkConfig
    clock_config.o(i.BOARD_BootClockRUN) refers to fsl_clock.o(i.CLOCK_SetSimConfig) for CLOCK_SetSimConfig
    clock_config.o(i.BOARD_BootClockRUN) refers to clock_config.o(.constdata) for .constdata
    clock_config.o(i.BOARD_BootClockRUN) refers to system_mk64f12.o(.data) for SystemCoreClock
    clock_config.o(i.BOARD_BootClockVLPR) refers to fsl_clock.o(i.CLOCK_BootToBlpiMode) for CLOCK_BootToBlpiMode
    clock_config.o(i.BOARD_BootClockVLPR) refers to fsl_clock.o(i.CLOCK_SetSimConfig) for CLOCK_SetSimConfig
    clock_config.o(i.BOARD_BootClockVLPR) refers to fsl_smc.o(i.SMC_SetPowerModeVlpr) for SMC_SetPowerModeVlpr
    clock_config.o(i.BOARD_BootClockVLPR) refers to clock_config.o(.constdata) for .constdata
    clock_config.o(i.BOARD_BootClockVLPR) refers to system_mk64f12.o(.data) for SystemCoreClock
    clock_config.o(i.BOARD_InitOsc0) refers to fsl_clock.o(i.CLOCK_InitOsc0) for CLOCK_InitOsc0
    clock_config.o(i.BOARD_InitOsc0) refers to clock_config.o(.constdata) for .constdata
[...]
    pwmLevel                                 0x200001e4   Data           1  ftm_api.o(.data)
    fsl_netif0_ipaddr                        0x200001e8   Data           4  dhcp_api.o(.data)
    fsl_netif0_netmask                       0x200001ec   Data           4  dhcp_api.o(.data)
    fsl_netif0_gw                            0x200001f0   Data           4  dhcp_api.o(.data)
    server_ipaddr                            0x200001f4   Data           4  dhcp_api.o(.data)
    g_Adc16ConversionDoneFlag                0x200001f8   Data           1  adc_api.o(.data)
    g_Adc16ConversionValue                   0x200001fc   Data           4  adc_api.o(.data)
    adc16ChannelConfigStruct                 0x20000200   Data           8  adc_api.o(.data)
    securityStatus                           0x20000208   Data           1  flash_api.o(.data)
    port                                     0x2000020c   Data           2  network_thread.o(.data)
    tcpsocket                                0x20000210   Data           4  network_thread.o(.data)
    TCPNetbuf                                0x20000214   Data           4  network_thread.o(.data)
    showFlag                                 0x20000218   Data           1  network_thread.o(.data)
    server_connect_Flag                      0x20000219   Data           1  network_thread.o(.data)
    x                                        0x2000021c   Data           4  network_thread.o(.data)
    y                                        0x20000220   Data           4  network_thread.o(.data)
    z                                        0x20000224   Data           4  network_thread.o(.data)
    UVA_data                                 0x20000228   Data           2  network_thread.o(.data)
    UVB_data                                 0x2000022a   Data           2  network_thread.o(.data)
    lx                                       0x2000022c   Data           4  network_thread.o(.data)
    persure                                  0x20000230   Data           4  network_thread.o(.data)
    temp                                     0x20000234   Data           4  network_thread.o(.data)
    hum                                      0x20000238   Data           4  network_thread.o(.data)
    red                                      0x2000023c   Data           4  network_thread.o(.data)
    green                                    0x20000240   Data           4  network_thread.o(.data)
    blue                                     0x20000244   Data           4  network_thread.o(.data)
    ConnectAuthorizationFlag                 0x20000248   Data           1  network_thread.o(.data)
    len1                                     0x2000024a   Data           2  network_thread.o(.data)
    versionSN                                0x2000024c   Data          33  ota_api.o(.data)
    __microlib_freelist                      0x20000270   Data           4  mvars.o(.data)
    __microlib_freelist_initialised          0x20000274   Data           4  mvars.o(.data)
    ip_data                                  0x20003940   Data          24  ip.o(.bss)
    ram_heap                                 0x20003958   Data       22547  mem.o(.bss)
    memp_memory_UDP_PCB_base                 0x2000916b   Data         195  memp.o(.bss)
    memp_memory_TCP_PCB_base                 0x2000922e   Data        1483  memp.o(.bss)
    memp_memory_TCP_PCB_LISTEN_base          0x200097f9   Data         195  memp.o(.bss)
    memp_memory_TCP_SEG_base                 0x200098bc   Data         443  memp.o(.bss)
    memp_memory_REASSDATA_base               0x20009a77   Data         163  memp.o(.bss)
    memp_memory_FRAG_PBUF_base               0x20009b1a   Data         363  memp.o(.bss)
    memp_memory_NETBUF_base                  0x20009c85   Data          35  memp.o(.bss)
    memp_memory_NETCONN_base                 0x20009ca8   Data         195  memp.o(.bss)
    memp_memory_TCPIP_MSG_API_base           0x20009d6b   Data         131  memp.o(.bss)
    memp_memory_TCPIP_MSG_INPKT_base         0x20009dee   Data         131  memp.o(.bss)
    memp_memory_SYS_TIMEOUT_base             0x20009e71   Data         163  memp.o(.bss)
    memp_memory_PBUF_base                    0x20009f14   Data         243  memp.o(.bss)
    memp_memory_PBUF_POOL_base               0x2000a007   Data       14547  memp.o(.bss)
    dhcp_rx_options_val                      0x2000d8f0   Data          40  dhcp.o(.bss)
    dhcp_rx_options_given                    0x2000d918   Data          10  dhcp.o(.bss)
    xQueueRegistry                           0x2000da14   Data          64  queue.o(.bss)
    masterConfig                             0x2000dc74   Data          12  i2c_api.o(.bss)
    g_m_handle                               0x2000dc80   Data          40  i2c_api.o(.bss)
    ftmInfo                                  0x2000dca8   Data          28  ftm_api.o(.bss)
    socketInfo                               0x20011d30   Data        4608  network_thread.o(.bss)
    otaInfo                                  0x20012f30   Data          52  ota_api.o(.bss)
    Image$$ARM_LIB_HEAP$$ZI$$Base            0x20012f64   Number         0  anon$$obj.o ABSOLUTE
    Image$$ARM_LIB_HEAP$$ZI$$Limit           0x20018f64   Number         0  anon$$obj.o ABSOLUTE
    Image$$ARM_LIB_STACK$$ZI$$Limit          0x20030000   Number         0  anon$$obj.o ABSOLUTE



==============================================================================

Memory Map of the image

  Image Entry point : 0x00008411

  Load Region LR_m_text (Base: 0x00008000, Size: 0x000189a4, Max: 0x00100000, ABSOLUTE, COMPRESSED[0x00018764])

    Execution Region VECTOR_ROM (Exec base: 0x00008000, Load base: 0x00008000, Size: 0x00000400, Max: 0x00000400, ABSOLUTE)

    Exec Addr    Load Addr    Size         Type   Attr      Idx    E Section Name        Object

    0x00008000   0x00008000   0x00000400   Data   RO         2269    RESET               startup_mk64f12.o


    Execution Region VECTOR_RAM (Exec base: 0x00008000, Load base: 0x00020728, Size: 0x00000000, Max: 0x00000000, ABSOLUTE)

    Exec Addr    Load Addr    Size         Type   Attr      Idx    E Section Name        Object

    0x00008000        -       0x00000000   Zero   RW            1    VECTOR_RAM.bss      anon$$obj.o


    Execution Region ER_m_flash_config (Exec base: 0x00008400, Load base: 0x00008400, Size: 0x00000010, Max: 0x00000010, ABSOLUTE, FIXED)

    Exec Addr    Load Addr    Size         Type   Attr      Idx    E Section Name        Object

    0x00008400   0x00008400   0x00000010   Data   RO         2270    FlashConfig         startup_mk64f12.o


    Execution Region ER_m_text (Exec base: 0x00008410, Load base: 0x00008410, Size: 0x00018318, Max: 0x000ffbf0, ABSOLUTE)

    Exec Addr    Load Addr    Size         Type   Attr      Idx    E Section Name        Object

    0x00008410   0x00008410   0x00000000   Code   RO         8372  * .ARM.Collect$$$$00000000  mc_w.l(entry.o)
    0x00008410   0x00008410   0x00000004   Code   RO         8727    .ARM.Collect$$$$00000003  mc_w.l(entry4.o)
    0x00008414   0x00008414   0x00000004   Code   RO         8730    .ARM.Collect$$$$00000004  mc_w.l(entry5.o)
    0x00008418   0x00008418   0x00000000   Code   RO         8732    .ARM.Collect$$$$00000008  mc_w.l(entry7b.o)
    0x00008418   0x00008418   0x00000000   Code   RO         8734    .ARM.Collect$$$$0000000A  mc_w.l(entry8b.o)
    0x00008418   0x00008418   0x00000008   Code   RO         8735    .ARM.Collect$$$$0000000B  mc_w.l(entry9a.o)
    0x00008420   0x00008420   0x00000000   Code   RO         8737    .ARM.Collect$$$$0000000D  mc_w.l(entry10a.o)
    0x00008420   0x00008420   0x00000000   Code   RO         8739    .ARM.Collect$$$$0000000F  mc_w.l(entry11a.o)
    0x00008420   0x00008420   0x00000004   Code   RO         8728    .ARM.Collect$$$$00002714  mc_w.l(entry4.o)
    0x00008424   0x00008424   0x000000b6   Code   RO         7018    .emb_text           port.o
    0x000084da   0x000084da   0x00000002   PAD
    0x000084dc   0x000084dc   0x000001c0   Code   RO         2271    .text               startup_mk64f12.o
    0x0000869c   0x0000869c   0x0000000c   Code   RO         8375    .text               mc_w.l(tolower.o)
    0x000086a8   0x000086a8   0x00000024   Code   RO         8377    .text               mc_w.l(memcpya.o)
    0x000086cc   0x000086cc   0x00000024   Code   RO         8379    .text               mc_w.l(memseta.o)
    0x000086f0   0x000086f0   0x0000000e   Code   RO         8383    .text               mc_w.l(strlen.o)
    0x000086fe   0x000086fe   0x0000001a   Code   RO         8385    .text               mc_w.l(memcmp.o)
    0x00008718   0x00008718   0x0000001e   Code   RO         8389    .text               mc_w.l(strncmp.o)
    0x00008736   0x00008736   0x0000014e   Code   RO         8682    .text               mf_w.l(dadd.o)
    0x00008884   0x00008884   0x000000e4   Code   RO         8684    .text               mf_w.l(dmul.o)
    0x00008968   0x00008968   0x00000022   Code   RO         8686    .text               mf_w.l(dflti.o)
    0x0000898a   0x0000898a   0x0000003e   Code   RO         8688    .text               mf_w.l(dfixi.o)
    0x000089c8   0x000089c8   0x00000026   Code   RO         8690    .text               mf_w.l(f2d.o)
    0x000089ee   0x000089ee   0x00000002   PAD
    0x000089f0   0x000089f0   0x00000030   Code   RO         8694    .text               mf_w.l(cdrcmple.o)
    0x00008a20   0x00008a20   0x0000002c   Code   RO         8741    .text               mc_w.l(uidiv.o)
    0x00008a4c   0x00008a4c   0x00000062   Code   RO         8743    .text               mc_w.l(uldiv.o)
    0x00008aae   0x00008aae   0x0000001e   Code   RO         8745    .text               mc_w.l(llshl.o)
    0x00008acc   0x00008acc   0x00000020   Code   RO         8747    .text               mc_w.l(llushr.o)
    0x00008aec   0x00008aec   0x00000024   Code   RO         8749    .text               mc_w.l(llsshr.o)
    0x00008b10   0x00008b10   0x00000000   Code   RO         8760    .text               mc_w.l(iusefp.o)
    0x00008b10   0x00008b10   0x000000ba   Code   RO         8761    .text               mf_w.l(depilogue.o)
    0x00008bca   0x00008bca   0x000000de   Code   RO         8763    .text               mf_w.l(ddiv.o)
    0x00008ca8   0x00008ca8   0x0000002e   Code   RO         8767    .text               mf_w.l(dscalb.o)
    0x00008cd6   0x00008cd6   0x00000030   Code   RO         8769    .text               mf_w.l(dfixul.o)
    0x00008d06   0x00008d06   0x00000002   PAD
    0x00008d08   0x00008d08   0x00000024   Code   RO         8771    .text               mc_w.l(init.o)
    0x00008d2c   0x00008d2c   0x000000a2   Code   RO         8773    .text               mf_w.l(dsqrt.o)
    0x00008dce   0x00008dce   0x00000056   Code   RO         8783    .text               mc_w.l(__dczerorl2.o)
    0x00008e24   0x00008e24   0x000000bc   Code   RO         1871    i.ADC16_DoAutoCalibration  fsl_adc16.o
    0x00008ee0   0x00008ee0   0x00000070   Code   RO         1872    i.ADC16_GetChannelStatusFlags  fsl_adc16.o
    0x00008f50   0x00008f50   0x00000068   Code   RO         1873    i.ADC16_GetDefaultConfig  fsl_adc16.o
    0x00008fb8   0x00008fb8   0x00000080   Code   RO         1874    i.ADC16_GetInstance  fsl_adc16.o
    0x00009038   0x00009038   0x0000001e   Code   RO         1875    i.ADC16_GetStatusFlags  fsl_adc16.o
    0x00009056   0x00009056   0x00000002   PAD
    0x00009058   0x00009058   0x000000f0   Code   RO         1876    i.ADC16_Init        fsl_adc16.o
    0x00009148   0x00009148   0x0000008c   Code   RO         8021    i.ADC1_IRQHandler   adc_api.o
    0x000091d4   0x000091d4   0x00000020   Code   RO         7523    i.ADXL345_Init      sensor.o
    0x000091f4   0x000091f4   0x00000170   Code   RO         7524    i.ADXL345_Run       sensor.o
    0x00009364   0x00009364   0x00000054   Code   RO         7525    i.ADXL345_Show      sensor.o
    0x000093b8   0x000093b8   0x00000058   Code   RO         7526    i.API_OLED_Clear    sensor.o
    0x00009410   0x00009410   0x00000054   Code   RO          336    i.BOARD_BootClockRUN  clock_config.o
    0x00009464   0x00009464   0x00000068   Code   RO          263    i.BOARD_I2C_ConfigurePins  pin_mux.o
    0x000094cc   0x000094cc   0x000000e8   Code   RO         1370    i.BOARD_I2C_ReleaseBus  fsl_i2c.o
    0x000095b4   0x000095b4   0x0000001c   Code   RO          312    i.BOARD_InitDebugConsole  board.o
    0x000095d0   0x000095d0   0x00000028   Code   RO          338    i.BOARD_InitOsc0    clock_config.o
    0x000095f8   0x000095f8   0x00000188   Code   RO          264    i.BOARD_InitPins    pin_mux.o
    0x00009780   0x00009780   0x00000074   Code   RO          384    i.CLOCK_BootToPeeMode  fsl_clock.o
    0x000097f4   0x000097f4   0x00000018   Code   RO          265    i.CLOCK_EnableClock  pin_mux.o
    0x0000980c   0x0000980c   0x00000018   Code   RO         1372    i.CLOCK_EnableClock  fsl_i2c.o
    0x00009824   0x00009824   0x00000080   Code   RO          388    i.CLOCK_EnablePll0  fsl_clock.o
    0x000098a4   0x000098a4   0x0000001c   Code   RO          393    i.CLOCK_GetCoreSysClkFreq  fsl_clock.o
    0x000098c0   0x000098c0   0x00000094   Code   RO          394    i.CLOCK_GetEr32kClkFreq  fsl_clock.o
    0x00009954   0x00009954   0x0000001c   Code   RO          395    i.CLOCK_GetFixedFreqClkFreq  fsl_clock.o
    0x00009970   0x00009970   0x00000070   Code   RO          398    i.CLOCK_GetFllExtRefClkFreq  fsl_clock.o
    0x000099e0   0x000099e0   0x0000004c   Code   RO          399    i.CLOCK_GetFllFreq  fsl_clock.o
    0x00009a2c   0x00009a2c   0x00000020   Code   RO          400    i.CLOCK_GetFllRefClkFreq  fsl_clock.o
    0x00009a4c   0x00009a4c   0x000000c8   Code   RO          401    i.CLOCK_GetFreq     fsl_clock.o
    0x00009b14   0x00009b14   0x0000001c   Code   RO          402    i.CLOCK_GetInternalRefClkFreq  fsl_clock.o
    0x00009b30   0x00009b30   0x0000002c   Code   RO          403    i.CLOCK_GetInternalRefClkSelectFreq  fsl_clock.o
    0x00009b5c   0x00009b5c   0x000000a4   Code   RO          404    i.CLOCK_GetMcgExtClkFreq  fsl_clock.o
    0x00009c00   0x00009c00   0x00000064   Code   RO          406    i.CLOCK_GetOsc0ErClkFreq  fsl_clock.o
    0x00009c64   0x00009c64   0x00000020   Code   RO          407    i.CLOCK_GetOscRangeFromFreq  fsl_clock.o
    0x00009c84   0x00009c84   0x0000003c   Code   RO          408    i.CLOCK_GetOutClkFreq  fsl_clock.o
    0x00009cc0   0x00009cc0   0x00000078   Code   RO          410    i.CLOCK_GetPll0Freq  fsl_clock.o
    0x00009d38   0x00009d38   0x00000008   Code   RO          411    i.CLOCK_GetPll0RefFreq  fsl_clock.o
    0x00009d40   0x00009d40   0x00000038   Code   RO          412    i.CLOCK_GetPllFllSelClkFreq  fsl_clock.o
    0x00009d78   0x00009d78   0x0000006c   Code   RO          414    i.CLOCK_InitOsc0    fsl_clock.o
    0x00009de4   0x00009de4   0x00000058   Code   RO          418    i.CLOCK_SetExternalRefClkConfig  fsl_clock.o
    0x00009e3c   0x00009e3c   0x00000098   Code   RO          423    i.CLOCK_SetInternalRefClkConfig  fsl_clock.o
    0x00009ed4   0x00009ed4   0x000000ac   Code   RO          426    i.CLOCK_SetPbeMode  fsl_clock.o
    0x00009f80   0x00009f80   0x00000030   Code   RO          430    i.CLOCK_SetSimConfig  fsl_clock.o
    0x00009fb0   0x00009fb0   0x00000090   Code   RO         2204    i.DbgConsole_Init   fsl_debug_console.o
    0x0000a040   0x0000a040   0x00000004   Code   RO          193    i.ENET_ClearInterruptStatus  fsl_phy.o
    0x0000a044   0x0000a044   0x0000009c   Code   RO          750    i.ENET_ErrorIRQHandler  fsl_enet.o
    0x0000a0e0   0x0000a0e0   0x0000001c   Code   RO          751    i.ENET_Error_IRQHandler  fsl_enet.o
    0x0000a0fc   0x0000a0fc   0x00000058   Code   RO          752    i.ENET_GetDefaultConfig  fsl_enet.o
    0x0000a154   0x0000a154   0x00000080   Code   RO          753    i.ENET_GetInstance  fsl_enet.o
    0x0000a1d4   0x0000a1d4   0x000000d8   Code   RO          756    i.ENET_GetRxFrameSize  fsl_enet.o
    0x0000a2ac   0x0000a2ac   0x000002e8   Code   RO          757    i.ENET_Init         fsl_enet.o
    0x0000a594   0x0000a594   0x00000110   Code   RO          759    i.ENET_ReadFrame    fsl_enet.o
    0x0000a6a4   0x0000a6a4   0x00000068   Code   RO          760    i.ENET_ReceiveIRQHandler  fsl_enet.o
    0x0000a70c   0x0000a70c   0x0000001c   Code   RO          761    i.ENET_Receive_IRQHandler  fsl_enet.o
    0x0000a728   0x0000a728   0x000001a0   Code   RO          762    i.ENET_SendFrame    fsl_enet.o
    0x0000a8c8   0x0000a8c8   0x0000004c   Code   RO          763    i.ENET_SetCallback  fsl_enet.o
    0x0000a914   0x0000a914   0x0000002c   Code   RO          765    i.ENET_SetMacAddr   fsl_enet.o
    0x0000a940   0x0000a940   0x000001ec   Code   RO          766    i.ENET_SetMacController  fsl_enet.o
    0x0000ab2c   0x0000ab2c   0x000000ac   Code   RO          767    i.ENET_SetRxBufferDescriptors  fsl_enet.o
    0x0000abd8   0x0000abd8   0x00000094   Code   RO          768    i.ENET_SetSMI       fsl_enet.o
    0x0000ac6c   0x0000ac6c   0x000000a8   Code   RO          769    i.ENET_SetTxBufferDescriptors  fsl_enet.o
    0x0000ad14   0x0000ad14   0x0000002c   Code   RO          770    i.ENET_StartSMIRead  fsl_enet.o
    0x0000ad40   0x0000ad40   0x00000034   Code   RO          771    i.ENET_StartSMIWrite  fsl_enet.o
    0x0000ad74   0x0000ad74   0x00000068   Code   RO          772    i.ENET_TransmitIRQHandler  fsl_enet.o
    0x0000addc   0x0000addc   0x0000001c   Code   RO          773    i.ENET_Transmit_IRQHandler  fsl_enet.o
    0x0000adf8   0x0000adf8   0x00000078   Code   RO          774    i.ENET_UpdateReadBuffers  fsl_enet.o
    0x0000ae70   0x0000ae70   0x00000028   Code   RO          775    i.EnableIRQ         fsl_enet.o
    0x0000ae98   0x0000ae98   0x00000028   Code   RO         1373    i.EnableIRQ         fsl_i2c.o
    0x0000aec0   0x0000aec0   0x00000028   Code   RO         7888    i.EnableIRQ         gpio_api.o
    0x0000aee8   0x0000aee8   0x0000009c   Code   RO         1963    i.FLASH_Erase       fsl_flash.o
    0x0000af84   0x0000af84   0x00000038   Code   RO         1967    i.FLASH_GetSecurityState  fsl_flash.o
    0x0000afbc   0x0000afbc   0x00000080   Code   RO         1968    i.FLASH_Init        fsl_flash.o
    0x0000b03c   0x0000b03c   0x00000020   Code   RO         1975    i.FLASH_PrepareExecuteInRamFunctions  fsl_flash.o
    0x0000b05c   0x0000b05c   0x0000009c   Code   RO         1976    i.FLASH_Program     fsl_flash.o
    0x0000b0f8   0x0000b0f8   0x000000a8   Code   RO         1985    i.FLASH_VerifyErase  fsl_flash.o
    0x0000b1a0   0x0000b1a0   0x0000009c   Code   RO         1988    i.FLASH_VerifyProgram  fsl_flash.o
    0x0000b23c   0x0000b23c   0x00000028   Code   RO         7937    i.FTM0_IRQHandler   ftm_api.o
    0x0000b264   0x0000b264   0x00000034   Code   RO         1689    i.FTM_ClearStatusFlags  fsl_ftm.o
    0x0000b298   0x0000b298   0x0000004a   Code   RO         1691    i.FTM_DisableInterrupts  fsl_ftm.o
    0x0000b2e2   0x0000b2e2   0x0000004a   Code   RO         1692    i.FTM_EnableInterrupts  fsl_ftm.o
    0x0000b32c   0x0000b32c   0x00000064   Code   RO         1693    i.FTM_GetDefaultConfig  fsl_ftm.o
    0x0000b390   0x0000b390   0x00000078   Code   RO         1695    i.FTM_GetInstance   fsl_ftm.o
    0x0000b408   0x0000b408   0x00000030   Code   RO         1696    i.FTM_GetStatusFlags  fsl_ftm.o
    0x0000b438   0x0000b438   0x000000ec   Code   RO         1697    i.FTM_Init          fsl_ftm.o
    0x0000b524   0x0000b524   0x000000b0   Code   RO         1698    i.FTM_SetPwmSync    fsl_ftm.o
    0x0000b5d4   0x0000b5d4   0x00000108   Code   RO         1699    i.FTM_SetReloadPoints  fsl_ftm.o
    0x0000b6dc   0x0000b6dc   0x000002b0   Code   RO         1704    i.FTM_SetupPwm      fsl_ftm.o
    0x0000b98c   0x0000b98c   0x00000022   Code   RO         1706    i.FTM_UpdateChnlEdgeLevelSelect  fsl_ftm.o
    0x0000b9ae   0x0000b9ae   0x00000002   PAD
    0x0000b9b0   0x0000b9b0   0x000000c8   Code   RO         1707    i.FTM_UpdatePwmDutycycle  fsl_ftm.o
    0x0000ba78   0x0000ba78   0x00000098   Code   RO         7938    i.FTM_updata        ftm_api.o
    0x0000bb10   0x0000bb10   0x00000024   Code   RO          948    i.GPIO_ClearPinsInterruptFlags  fsl_gpio.o
    0x0000bb34   0x0000bb34   0x00000080   Code   RO          949    i.GPIO_GetInstance  fsl_gpio.o
    0x0000bbb4   0x0000bbb4   0x0000001c   Code   RO          950    i.GPIO_GetPinsInterruptFlags  fsl_gpio.o
    0x0000bbd0   0x0000bbd0   0x00000074   Code   RO          951    i.GPIO_PinInit      fsl_gpio.o
    0x0000bc44   0x0000bc44   0x00000012   Code   RO         1374    i.GPIO_PinWrite     fsl_i2c.o
    0x0000bc56   0x0000bc56   0x00000012   Code   RO         8113    i.GPIO_WritePinOutput  network_thread.o
    0x0000bc68   0x0000bc68   0x00000014   Code   RO         7528    i.HDC1050_Init      sensor.o
    0x0000bc7c   0x0000bc7c   0x0000016c   Code   RO         7529    i.HDC1050_Run       sensor.o
    0x0000bde8   0x0000bde8   0x00000048   Code   RO         7530    i.HDC1050_Show      sensor.o
    0x0000be30   0x0000be30   0x00000018   Code   RO         1375    i.I2C0_DriverIRQHandler  fsl_i2c.o
    0x0000be48   0x0000be48   0x00000018   Code   RO         1376    i.I2C1_DriverIRQHandler  fsl_i2c.o
    0x0000be60   0x0000be60   0x00000018   Code   RO         1377    i.I2C2_DriverIRQHandler  fsl_i2c.o
    0x0000be78   0x0000be78   0x00000020   Code   RO         1378    i.I2C_CheckAndClearError  fsl_i2c.o
    0x0000be98   0x0000be98   0x0000001e   Code   RO         1379    i.I2C_DisableInterrupts  fsl_i2c.o
    0x0000beb6   0x0000beb6   0x00000022   Code   RO         1381    i.I2C_EnableInterrupts  fsl_i2c.o
    0x0000bed8   0x0000bed8   0x00000080   Code   RO         1382    i.I2C_GetInstance   fsl_i2c.o
    0x0000bf58   0x0000bf58   0x0000006a   Code   RO         1383    i.I2C_InitTransferStateMachine  fsl_i2c.o
    0x0000bfc2   0x0000bfc2   0x00000024   Code   RO         1384    i.I2C_MasterClearStatusFlags  fsl_i2c.o
    0x0000bfe6   0x0000bfe6   0x00000002   PAD
    0x0000bfe8   0x0000bfe8   0x00000060   Code   RO         1386    i.I2C_MasterGetDefaultConfig  fsl_i2c.o
    0x0000c048   0x0000c048   0x0000001e   Code   RO         1387    i.I2C_MasterGetStatusFlags  fsl_i2c.o
    0x0000c066   0x0000c066   0x00000002   PAD
    0x0000c068   0x0000c068   0x000000d0   Code   RO         1388    i.I2C_MasterInit    fsl_i2c.o
    0x0000c138   0x0000c138   0x00000092   Code   RO         1389    i.I2C_MasterReadBlocking  fsl_i2c.o
    0x0000c1ca   0x0000c1ca   0x0000006c   Code   RO         1390    i.I2C_MasterRepeatedStart  fsl_i2c.o
    0x0000c236   0x0000c236   0x00000002   PAD
    0x0000c238   0x0000c238   0x0000008c   Code   RO         1391    i.I2C_MasterSetBaudRate  fsl_i2c.o
    0x0000c2c4   0x0000c2c4   0x0000003a   Code   RO         1392    i.I2C_MasterStart   fsl_i2c.o
    0x0000c2fe   0x0000c2fe   0x0000002a   Code   RO         1393    i.I2C_MasterStop    fsl_i2c.o
    0x0000c328   0x0000c328   0x0000018c   Code   RO         1395    i.I2C_MasterTransferBlocking  fsl_i2c.o
    0x0000c4b4   0x0000c4b4   0x00000084   Code   RO         1396    i.I2C_MasterTransferCreateHandle  fsl_i2c.o
    0x0000c538   0x0000c538   0x000000ac   Code   RO         1398    i.I2C_MasterTransferHandleIRQ  fsl_i2c.o
    0x0000c5e4   0x0000c5e4   0x00000088   Code   RO         1399    i.I2C_MasterTransferNonBlocking  fsl_i2c.o
    0x0000c66c   0x0000c66c   0x00000174   Code   RO         1400    i.I2C_MasterTransferRunStateMachine  fsl_i2c.o
    0x0000c7e0   0x0000c7e0   0x00000092   Code   RO         1401    i.I2C_MasterWriteBlocking  fsl_i2c.o
    0x0000c872   0x0000c872   0x00000002   PAD
    0x0000c874   0x0000c874   0x0000007c   Code   RO         1402    i.I2C_ReadEepromByte  fsl_i2c.o
    0x0000c8f0   0x0000c8f0   0x00000048   Code   RO         1414    i.I2C_TransferCommonIRQHandler  fsl_i2c.o
    0x0000c938   0x0000c938   0x00000078   Code   RO         1415    i.I2C_WriteAccelReg  fsl_i2c.o
    0x0000c9b0   0x0000c9b0   0x0000003c   Code   RO         1416    i.I2C_Write_polling  fsl_i2c.o
    0x0000c9ec   0x0000c9ec   0x00000078   Code   RO         7983    i.Network_Init      dhcp_api.o
    0x0000ca64   0x0000ca64   0x00000044   Code   RO         7531    i.OLED_Set_Pos      sensor.o
    0x0000caa8   0x0000caa8   0x000000a8   Code   RO         7532    i.OLED_ShowChar     sensor.o
    0x0000cb50   0x0000cb50   0x00000034   Code   RO         7533    i.OLED_ShowStr      sensor.o
    0x0000cb84   0x0000cb84   0x00000020   Code   RO         7534    i.OLED_Welcome      sensor.o
    0x0000cba4   0x0000cba4   0x00000060   Code   RO         7535    i.OLED_init         sensor.o
    0x0000cc04   0x0000cc04   0x00000320   Code   RO         8246    i.OTAInit           ota_api.o
    0x0000cf24   0x0000cf24   0x00000078   Code   RO          195    i.PHY_GetLinkSpeedDuplex  fsl_phy.o
    0x0000cf9c   0x0000cf9c   0x00000054   Code   RO          196    i.PHY_GetLinkStatus  fsl_phy.o
    0x0000cff0   0x0000cff0   0x000000b0   Code   RO          197    i.PHY_Init          fsl_phy.o
    0x0000d0a0   0x0000d0a0   0x00000080   Code   RO          198    i.PHY_Read          fsl_phy.o
    0x0000d120   0x0000d120   0x00000058   Code   RO          199    i.PHY_Write         fsl_phy.o
    0x0000d178   0x0000d178   0x00000090   Code   RO         7889    i.PORTC_IRQHandler  gpio_api.o
    0x0000d208   0x0000d208   0x00000058   Code   RO          266    i.PORT_SetPinConfig  pin_mux.o
    0x0000d260   0x0000d260   0x00000054   Code   RO         1417    i.PORT_SetPinConfig  fsl_i2c.o
    0x0000d2b4   0x0000d2b4   0x0000000e   Code   RO         7890    i.PORT_SetPinInterruptConfig  gpio_api.o
    0x0000d2c2   0x0000d2c2   0x0000000e   Code   RO          267    i.PORT_SetPinMux    pin_mux.o
    0x0000d2d0   0x0000d2d0   0x00000020   Code   RO         7536    i.RGB_Init          sensor.o
    0x0000d2f0   0x0000d2f0   0x00000044   Code   RO         7537    i.RGB_Run           sensor.o
    0x0000d334   0x0000d334   0x00000020   Code   RO         7538    i.RGB_Show          sensor.o
    0x0000d354   0x0000d354   0x00000010   Code   RO         7539    i.SPL06001_Init     sensor.o
    0x0000d364   0x0000d364   0x00000008   Code   RO         7540    i.SPL06001_Run      sensor.o
    0x0000d36c   0x0000d36c   0x00000030   Code   RO         7541    i.SPL06001_Show     sensor.o
    0x0000d39c   0x0000d39c   0x00000080   Code   RO         7542    i.SPL06_001_Value   sensor.o
    0x0000d41c   0x0000d41c   0x00000030   Code   RO         7543    i.SPL06_001_init    sensor.o
    0x0000d44c   0x0000d44c   0x00000034   Code   RO         7019    i.SysTick_Handler   port.o
    0x0000d480   0x0000d480   0x0000002c   Code   RO         2279    i.SystemInit        system_mk64f12.o
    0x0000d4ac   0x0000d4ac   0x0000001c   Code   RO         1112    i.UART0_DriverIRQHandler  fsl_uart.o
    0x0000d4c8   0x0000d4c8   0x00000008   Code   RO         1113    i.UART0_RX_TX_DriverIRQHandler  fsl_uart.o
    0x0000d4d0   0x0000d4d0   0x0000001c   Code   RO         1114    i.UART1_DriverIRQHandler  fsl_uart.o
    0x0000d4ec   0x0000d4ec   0x00000008   Code   RO         1115    i.UART1_RX_TX_DriverIRQHandler  fsl_uart.o
    0x0000d4f4   0x0000d4f4   0x0000001c   Code   RO         1116    i.UART2_DriverIRQHandler  fsl_uart.o
    0x0000d510   0x0000d510   0x00000008   Code   RO         1117    i.UART2_RX_TX_DriverIRQHandler  fsl_uart.o
    0x0000d518   0x0000d518   0x0000001c   Code   RO         1118    i.UART3_DriverIRQHandler  fsl_uart.o
    0x0000d534   0x0000d534   0x00000008   Code   RO         1119    i.UART3_RX_TX_DriverIRQHandler  fsl_uart.o
    0x0000d53c   0x0000d53c   0x0000001c   Code   RO         1120    i.UART4_DriverIRQHandler  fsl_uart.o
    0x0000d558   0x0000d558   0x00000008   Code   RO         1121    i.UART4_RX_TX_DriverIRQHandler  fsl_uart.o
    0x0000d560   0x0000d560   0x0000001c   Code   RO         1122    i.UART5_DriverIRQHandler  fsl_uart.o
    0x0000d57c   0x0000d57c   0x00000008   Code   RO         1123    i.UART5_RX_TX_DriverIRQHandler  fsl_uart.o
    0x0000d584   0x0000d584   0x0000005c   Code   RO         1128    i.UART_GetDefaultConfig  fsl_uart.o
    0x0000d5e0   0x0000d5e0   0x00000078   Code   RO         1130    i.UART_GetInstance  fsl_uart.o
    0x0000d658   0x0000d658   0x00000018   Code   RO         1131    i.UART_GetStatusFlags  fsl_uart.o
    0x0000d670   0x0000d670   0x000002a8   Code   RO         1132    i.UART_Init         fsl_uart.o
    0x0000d918   0x0000d918   0x0000009c   Code   RO         1133    i.UART_ReadBlocking  fsl_uart.o
    0x0000d9b4   0x0000d9b4   0x00000020   Code   RO         1149    i.UART_WriteBlocking  fsl_uart.o
    0x0000d9d4   0x0000d9d4   0x00000014   Code   RO         7544    i.VEML6030_Init     sensor.o
    0x0000d9e8   0x0000d9e8   0x000000a0   Code   RO         7545    i.VEML6030_Run      sensor.o
    0x0000da88   0x0000da88   0x0000002c   Code   RO         7546    i.VEML6030_Show     sensor.o
    0x0000dab4   0x0000dab4   0x00000014   Code   RO         7547    i.VEML6075_Init     sensor.o
    0x0000dac8   0x0000dac8   0x000000c0   Code   RO         7548    i.VEML6075_Run      sensor.o
    0x0000db88   0x0000db88   0x00000040   Code   RO         7549    i.VEML6075_Show     sensor.o
    0x0000dbc8   0x0000dbc8   0x00000114   Code   RO         7090    i._Z10parse_hex4PKc  cjson.o
    0x0000dcdc   0x0000dcdc   0x000000ae   Code   RO         7091    i._Z11parse_arrayP5cJSONPKcPS2_  cjson.o
    0x0000dd8a   0x0000dd8a   0x00000002   PAD
    0x0000dd8c   0x0000dd8c   0x000000c0   Code   RO         7092    i._Z11parse_valueP5cJSONPKcPS2_  cjson.o
    0x0000de4c   0x0000de4c   0x000001c8   Code   RO         7096    i._Z12parse_numberP5cJSONPKc  cjson.o
    0x0000e014   0x0000e014   0x00000116   Code   RO         7097    i._Z12parse_objectP5cJSONPKcPS2_  cjson.o
    0x0000e12a   0x0000e12a   0x00000002   PAD
    0x0000e12c   0x0000e12c   0x0000020c   Code   RO         7098    i._Z12parse_stringP5cJSONPKcPS2_  cjson.o
    0x0000e338   0x0000e338   0x00000020   Code   RO         7103    i._Z14cJSON_New_Itemv  cjson.o
    0x0000e358   0x0000e358   0x0000004c   Code   RO         7104    i._Z16cJSON_strcasecmpPKcS0_  cjson.o
    0x0000e3a4   0x0000e3a4   0x00000012   Code   RO         7107    i._Z4skipPKc        cjson.o
    0x0000e3b6   0x0000e3b6   0x00000002   PAD
    0x0000e3b8   0x0000e3b8   0x00000020   Code   RO         8626    i.__0printf         mc_w.l(printfa.o)
    0x0000e3d8   0x0000e3d8   0x00000028   Code   RO         8628    i.__0sprintf        mc_w.l(printfa.o)
    0x0000e400   0x0000e400   0x00000030   Code   RO         8710    i.__ARM_fpclassify  m_wm.l(fpclassify.o)
    0x0000e430   0x0000e430   0x00000028   Code   RO         2327    i.__NVIC_SetPriority  ethernetif.o
    0x0000e458   0x0000e458   0x00000040   Code   RO         8247    i.__NVIC_SystemReset  ota_api.o
    0x0000e498   0x0000e498   0x00000044   Code   RO          714    i.__aeabi_assert    fsl_common.o
    0x0000e4dc   0x0000e4dc   0x00000050   Code   RO         8654    i.__free$2region    mc_w.l(malloc2.o)
    0x0000e52c   0x0000e52c   0x00000004   PAD
    0x0000e530   0x0000e530   0x00000c50   Code   RO         8358    i.__hardfp_pow      m_wm.l(pow.o)
    0x0000f180   0x0000f180   0x000000f8   Code   RO         8712    i.__kernel_poly     m_wm.l(poly.o)
    0x0000f278   0x0000f278   0x0000006c   Code   RO         8655    i.__malloc$2region  mc_w.l(malloc2.o)
    0x0000f2e4   0x0000f2e4   0x00000004   PAD
    0x0000f2e8   0x0000f2e8   0x00000030   Code   RO         8696    i.__mathlib_dbl_divzero  m_wm.l(dunder.o)
    0x0000f318   0x0000f318   0x00000014   Code   RO         8698    i.__mathlib_dbl_infnan2  m_wm.l(dunder.o)
    0x0000f32c   0x0000f32c   0x00000004   PAD
    0x0000f330   0x0000f330   0x00000020   Code   RO         8699    i.__mathlib_dbl_invalid  m_wm.l(dunder.o)
    0x0000f350   0x0000f350   0x00000020   Code   RO         8700    i.__mathlib_dbl_overflow  m_wm.l(dunder.o)
    0x0000f370   0x0000f370   0x00000020   Code   RO         8702    i.__mathlib_dbl_underflow  m_wm.l(dunder.o)
    0x0000f390   0x0000f390   0x0000000e   Code   RO         8777    i.__scatterload_copy  mc_w.l(handlers.o)
    0x0000f39e   0x0000f39e   0x00000002   Code   RO         8778    i.__scatterload_null  mc_w.l(handlers.o)
    0x0000f3a0   0x0000f3a0   0x0000000e   Code   RO         8779    i.__scatterload_zeroinit  mc_w.l(handlers.o)
    0x0000f3ae   0x0000f3ae   0x00000002   PAD
    0x0000f3b0   0x0000f3b0   0x0000000c   Code   RO         8755    i.__set_errno       mc_w.l(errno.o)
    0x0000f3bc   0x0000f3bc   0x00000184   Code   RO         8633    i._fp_digits        mc_w.l(printfa.o)
    0x0000f540   0x0000f540   0x000006dc   Code   RO         8634    i._printf_core      mc_w.l(printfa.o)
    0x0000fc1c   0x0000fc1c   0x00000024   Code   RO         8635    i._printf_post_padding  mc_w.l(printfa.o)
    0x0000fc40   0x0000fc40   0x0000002e   Code   RO         8636    i._printf_pre_padding  mc_w.l(printfa.o)
    0x0000fc6e   0x0000fc6e   0x0000000a   Code   RO         8638    i._sputc            mc_w.l(printfa.o)
    0x0000fc78   0x0000fc78   0x000000a4   Code   RO         8022    i.adc_init          adc_api.o
    0x0000fd1c   0x0000fd1c   0x00000058   Code   RO         7128    i.cJSON_Delete      cjson.o
    0x0000fd74   0x0000fd74   0x0000001a   Code   RO         7134    i.cJSON_GetArrayItem  cjson.o
    0x0000fd8e   0x0000fd8e   0x00000026   Code   RO         7137    i.cJSON_GetObjectItem  cjson.o
    0x0000fdb4   0x0000fdb4   0x00000010   Code   RO         7142    i.cJSON_Parse       cjson.o
    0x0000fdc4   0x0000fdc4   0x00000070   Code   RO         7143    i.cJSON_ParseWithOpts  cjson.o
    0x0000fe34   0x0000fe34   0x0000003e   Code   RO         8233    i.calculateBinSize  calculatebinsize.o
    0x0000fe72   0x0000fe72   0x00000022   Code   RO         8310    i.calculate_crc16   crc16.o
    0x0000fe94   0x0000fe94   0x00000148   Code   RO         8114    i.connect_thread    network_thread.o
    0x0000ffdc   0x0000ffdc   0x00000020   Code   RO         1989    i.copy_flash_common_bit_operation  fsl_flash.o
    0x0000fffc   0x0000fffc   0x00000020   Code   RO         1990    i.copy_flash_run_command  fsl_flash.o
    0x0001001c   0x0001001c   0x0000001c   Code   RO         4641    i.cyclic_timer      timeouts.o
    0x00010038   0x00010038   0x00000020   Code   RO         8215    i.delay_30ms        delay.o
    0x00010058   0x00010058   0x00000050   Code   RO         4866    i.dhcp_arp_reply    dhcp.o
    0x000100a8   0x000100a8   0x00000164   Code   RO         4867    i.dhcp_bind         dhcp.o
    0x0001020c   0x0001020c   0x0000004c   Code   RO         4868    i.dhcp_check        dhcp.o
    0x00010258   0x00010258   0x00000078   Code   RO         4870    i.dhcp_coarse_tmr   dhcp.o
    0x000102d0   0x000102d0   0x0000025c   Code   RO         4871    i.dhcp_create_msg   dhcp.o
    0x0001052c   0x0001052c   0x00000060   Code   RO         4872    i.dhcp_dec_pcb_refcount  dhcp.o
    0x0001058c   0x0001058c   0x000000a8   Code   RO         4873    i.dhcp_decline      dhcp.o
    0x00010634   0x00010634   0x000000b4   Code   RO         4874    i.dhcp_delete_msg   dhcp.o
    0x000106e8   0x000106e8   0x000000f4   Code   RO         4875    i.dhcp_discover     dhcp.o
    0x000107dc   0x000107dc   0x00000048   Code   RO         4876    i.dhcp_fine_tmr     dhcp.o
    0x00010824   0x00010824   0x00000080   Code   RO         4877    i.dhcp_handle_ack   dhcp.o
    0x000108a4   0x000108a4   0x0000002c   Code   RO         4878    i.dhcp_handle_nak   dhcp.o
    0x000108d0   0x000108d0   0x00000040   Code   RO         4879    i.dhcp_handle_offer  dhcp.o
    0x00010910   0x00010910   0x000000a8   Code   RO         4880    i.dhcp_inc_pcb_refcount  dhcp.o
    0x000109b8   0x000109b8   0x0000003c   Code   RO         4883    i.dhcp_option       dhcp.o
    0x000109f4   0x000109f4   0x00000060   Code   RO         4884    i.dhcp_option_byte  dhcp.o
    0x00010a54   0x00010a54   0x00000094   Code   RO         4885    i.dhcp_option_long  dhcp.o
    0x00010ae8   0x00010ae8   0x00000038   Code   RO         4886    i.dhcp_option_short  dhcp.o
    0x00010b20   0x00010b20   0x000000f8   Code   RO         4887    i.dhcp_option_trailer  dhcp.o
    0x00010c18   0x00010c18   0x00000418   Code   RO         4888    i.dhcp_parse_reply  dhcp.o
    0x00011030   0x00011030   0x000000d0   Code   RO         4889    i.dhcp_rebind       dhcp.o
    0x00011100   0x00011100   0x000000ec   Code   RO         4890    i.dhcp_reboot       dhcp.o
    0x000111ec   0x000111ec   0x00000184   Code   RO         4891    i.dhcp_recv         dhcp.o
    0x00011370   0x00011370   0x000000b8   Code   RO         4892    i.dhcp_release      dhcp.o
    0x00011428   0x00011428   0x000000d0   Code   RO         4893    i.dhcp_renew        dhcp.o
    0x000114f8   0x000114f8   0x00000114   Code   RO         4894    i.dhcp_select       dhcp.o
    0x0001160c   0x0001160c   0x00000010   Code   RO         4895    i.dhcp_set_state    dhcp.o
    0x0001161c   0x0001161c   0x00000128   Code   RO         4897    i.dhcp_start        dhcp.o
    0x00011744   0x00011744   0x00000070   Code   RO         4898    i.dhcp_stop         dhcp.o
    0x000117b4   0x000117b4   0x00000020   Code   RO         4899    i.dhcp_supplied_address  dhcp.o
    0x000117d4   0x000117d4   0x00000050   Code   RO         4900    i.dhcp_t1_timeout   dhcp.o
    0x00011824   0x00011824   0x00000056   Code   RO         4901    i.dhcp_t2_timeout   dhcp.o
    0x0001187a   0x0001187a   0x00000088   Code   RO         4902    i.dhcp_timeout      dhcp.o
    0x00011902   0x00011902   0x00000002   PAD
    0x00011904   0x00011904   0x00000054   Code   RO         3739    i.do_memp_free_pool  memp.o
    0x00011958   0x00011958   0x00000064   Code   RO         3740    i.do_memp_malloc_pool  memp.o
    0x000119bc   0x000119bc   0x0000016c   Code   RO         2328    i.enet_init         ethernetif.o
    0x00011b28   0x00011b28   0x000000a4   Code   RO         8063    i.erase_sector      flash_api.o
    0x00011bcc   0x00011bcc   0x000001ac   Code   RO         2820    i.err_tcp           api_msg.o
    0x00011d78   0x00011d78   0x00000038   Code   RO         8064    i.error_trap        flash_api.o
    0x00011db0   0x00011db0   0x00000154   Code   RO         5086    i.etharp_arp_input  etharp.o
    0x00011f04   0x00011f04   0x00000260   Code   RO         5089    i.etharp_find_entry  etharp.o
    0x00012164   0x00012164   0x00000078   Code   RO         5090    i.etharp_free_entry  etharp.o
    0x000121dc   0x000121dc   0x00000188   Code   RO         5092    i.etharp_output     etharp.o
    0x00012364   0x00012364   0x000000f8   Code   RO         5093    i.etharp_output_to_arp_index  etharp.o
    0x0001245c   0x0001245c   0x00000214   Code   RO         5094    i.etharp_query      etharp.o
    0x00012670   0x00012670   0x00000124   Code   RO         5095    i.etharp_raw        etharp.o
    0x00012794   0x00012794   0x0000001c   Code   RO         5096    i.etharp_request    etharp.o
    0x000127b0   0x000127b0   0x0000002c   Code   RO         5097    i.etharp_request_dst  etharp.o
    0x000127dc   0x000127dc   0x00000050   Code   RO         5098    i.etharp_send_ip    etharp.o
    0x0001282c   0x0001282c   0x000000e4   Code   RO         5099    i.etharp_tmr        etharp.o
    0x00012910   0x00012910   0x000000f8   Code   RO         5100    i.etharp_update_arp_entry  etharp.o
    0x00012a08   0x00012a08   0x00000064   Code   RO         2329    i.ethernet_callback  ethernetif.o
    0x00012a6c   0x00012a6c   0x000000c4   Code   RO         5605    i.ethernet_input    ethernet.o
    0x00012b30   0x00012b30   0x00000038   Code   RO         2330    i.ethernetif0_init  ethernetif.o
    0x00012b68   0x00012b68   0x000000b0   Code   RO         2331    i.ethernetif_init   ethernetif.o
    0x00012c18   0x00012c18   0x00000044   Code   RO         2332    i.ethernetif_input  ethernetif.o
    0x00012c5c   0x00012c5c   0x00000018   Code   RO         8348    i.fabs              m_wm.l(fabs.o)
    0x00012c74   0x00012c74   0x00000040   Code   RO         1991    i.flash_cache_clear  fsl_flash.o
    0x00012cb4   0x00012cb4   0x0000001c   Code   RO         1992    i.flash_check_execute_in_ram_function_info  fsl_flash.o
    0x00012cd0   0x00012cd0   0x00000034   Code   RO         1993    i.flash_check_range  fsl_flash.o
    0x00012d04   0x00012d04   0x00000014   Code   RO         1996    i.flash_check_user_key  fsl_flash.o
    0x00012d18   0x00012d18   0x00000050   Code   RO         1997    i.flash_command_sequence  fsl_flash.o
    0x00012d68   0x00012d68   0x00000040   Code   RO         1998    i.flash_get_matched_operation_info  fsl_flash.o
    0x00012da8   0x00012da8   0x000000bc   Code   RO         8065    i.flash_init        flash_api.o
    0x00012e64   0x00012e64   0x00000024   Code   RO         2206    i.fputc             fsl_debug_console.o
    0x00012e88   0x00012e88   0x000000a0   Code   RO         7939    i.ftm_init          ftm_api.o
    0x00012f28   0x00012f28   0x00000030   Code   RO         2333    i.get_enet_base     ethernetif.o
    0x00012f58   0x00012f58   0x00000044   Code   RO         7891    i.gpio_init         gpio_api.o
    0x00012f9c   0x00012f9c   0x00000060   Code   RO         8190    i.heartBeat_thread  heartbeat_thread.o
    0x00012ffc   0x00012ffc   0x0000004c   Code   RO         7845    i.i2c_init          i2c_api.o
    0x00013048   0x00013048   0x00000028   Code   RO         1418    i.i2c_master_callback  fsl_i2c.o
    0x00013070   0x00013070   0x00000010   Code   RO         1419    i.i2c_release_bus_delay  fsl_i2c.o
    0x00013080   0x00013080   0x00000012   Code   RO         5191    i.icmp_dest_unreach  icmp.o
    0x00013092   0x00013092   0x00000002   PAD
    0x00013094   0x00013094   0x00000274   Code   RO         5192    i.icmp_input        icmp.o
    0x00013308   0x00013308   0x000000bc   Code   RO         5193    i.icmp_send_response  icmp.o
    0x000133c4   0x000133c4   0x00000012   Code   RO         5194    i.icmp_time_exceeded  icmp.o
    0x000133d6   0x000133d6   0x00000014   Code   RO         3532    i.inet_chksum       inet_chksum.o
    0x000133ea   0x000133ea   0x00000052   Code   RO         3533    i.inet_chksum_pbuf  inet_chksum.o
    0x0001343c   0x0001343c   0x0000004c   Code   RO         3534    i.inet_chksum_pseudo  inet_chksum.o
    0x00013488   0x00013488   0x00000086   Code   RO         3536    i.inet_cksum_pseudo_base  inet_chksum.o
    0x0001350e   0x0001350e   0x0000004e   Code   RO         5300    i.ip4_addr_isbroadcast_u32  ip4_addr.o
    0x0001355c   0x0001355c   0x000001d0   Code   RO         5365    i.ip4_frag          ip4_frag.o
    0x0001372c   0x0001372c   0x00000248   Code   RO         5250    i.ip4_input         ip4.o
    0x00013974   0x00013974   0x00000036   Code   RO         5252    i.ip4_output_if     ip4.o
    0x000139aa   0x000139aa   0x00000002   PAD
    0x000139ac   0x000139ac   0x00000168   Code   RO         5253    i.ip4_output_if_src  ip4.o
    0x00013b14   0x00013b14   0x000001c4   Code   RO         5366    i.ip4_reass         ip4_frag.o
    0x00013cd8   0x00013cd8   0x00000094   Code   RO         5254    i.ip4_route         ip4.o
    0x00013d6c   0x00013d6c   0x00000024   Code   RO         3538    i.ip_chksum_pseudo  inet_chksum.o
    0x00013d90   0x00013d90   0x0000000a   Code   RO         5367    i.ip_frag_alloc_pbuf_custom_ref  ip4_frag.o
    0x00013d9a   0x00013d9a   0x00000002   PAD
    0x00013d9c   0x00013d9c   0x00000028   Code   RO         5368    i.ip_frag_free_pbuf_custom_ref  ip4_frag.o
    0x00013dc4   0x00013dc4   0x00000270   Code   RO         5369    i.ip_reass_chain_frag_into_datagram_and_validate  ip4_frag.o
    0x00014034   0x00014034   0x00000050   Code   RO         5370    i.ip_reass_dequeue_datagram  ip4_frag.o
    0x00014084   0x00014084   0x00000058   Code   RO         5371    i.ip_reass_enqueue_new_datagram  ip4_frag.o
    0x000140dc   0x000140dc   0x00000140   Code   RO         5372    i.ip_reass_free_complete_datagram  ip4_frag.o
    0x0001421c   0x0001421c   0x00000088   Code   RO         5373    i.ip_reass_remove_oldest_datagram  ip4_frag.o
    0x000142a4   0x000142a4   0x0000003c   Code   RO         5374    i.ip_reass_tmr      ip4_frag.o
    0x000142e0   0x000142e0   0x0000004c   Code   RO         5375    i.ipfrag_free_pbuf_custom  ip4_frag.o
    0x0001432c   0x0001432c   0x00000040   Code   RO         2334    i.low_level_init    ethernetif.o
    0x0001436c   0x0001436c   0x00000066   Code   RO         2335    i.low_level_input   ethernetif.o
    0x000143d2   0x000143d2   0x00000002   PAD
    0x000143d4   0x000143d4   0x000000c0   Code   RO         2336    i.low_level_output  ethernetif.o
    0x00014494   0x00014494   0x0000001a   Code   RO         3472    i.lwip_htonl        def.o
    0x000144ae   0x000144ae   0x0000000c   Code   RO         3473    i.lwip_htons        def.o
    0x000144ba   0x000144ba   0x00000020   Code   RO         3605    i.lwip_init         init.o
    0x000144da   0x000144da   0x00000002   PAD
    0x000144dc   0x000144dc   0x0000010c   Code   RO         2823    i.lwip_netconn_do_close  api_msg.o
    0x000145e8   0x000145e8   0x000002cc   Code   RO         2824    i.lwip_netconn_do_close_internal  api_msg.o
    0x000148b4   0x000148b4   0x00000158   Code   RO         2825    i.lwip_netconn_do_connect  api_msg.o
    0x00014a0c   0x00014a0c   0x0000015c   Code   RO         2826    i.lwip_netconn_do_connected  api_msg.o
    0x00014b68   0x00014b68   0x000001c0   Code   RO         2827    i.lwip_netconn_do_delconn  api_msg.o
    0x00014d28   0x00014d28   0x00000040   Code   RO         2831    i.lwip_netconn_do_newconn  api_msg.o
    0x00014d68   0x00014d68   0x00000070   Code   RO         2832    i.lwip_netconn_do_recv  api_msg.o
    0x00014dd8   0x00014dd8   0x00000128   Code   RO         2834    i.lwip_netconn_do_write  api_msg.o
    0x00014f00   0x00014f00   0x000002c8   Code   RO         2835    i.lwip_netconn_do_writemore  api_msg.o
    0x000151c8   0x000151c8   0x0000000c   Code   RO         3474    i.lwip_ntohl        def.o
    0x000151d4   0x000151d4   0x0000000c   Code   RO         3475    i.lwip_ntohs        def.o
    0x000151e0   0x000151e0   0x0000005e   Code   RO         3540    i.lwip_standard_chksum  inet_chksum.o
    0x0001523e   0x0001523e   0x00000002   PAD
    0x00015240   0x00015240   0x000000f0   Code   RO            7    i.main              btc_api.o
    0x00015330   0x00015330   0x00000026   Code   RO         7779    i.md5Calculate      md5.o
    0x00015356   0x00015356   0x00000032   Code   RO         7780    i.md5Decode         md5.o
    0x00015388   0x00015388   0x0000003e   Code   RO         7781    i.md5Encode         md5.o
    0x000153c6   0x000153c6   0x00000002   PAD
    0x000153c8   0x000153c8   0x00000054   Code   RO         7782    i.md5Final          md5.o
    0x0001541c   0x0001541c   0x00000024   Code   RO         7783    i.md5Init           md5.o
    0x00015440   0x00015440   0x000007d4   Code   RO         7784    i.md5Transform      md5.o
    0x00015c14   0x00015c14   0x0000008c   Code   RO         7785    i.md5Update         md5.o
    0x00015ca0   0x00015ca0   0x000000f0   Code   RO         3680    i.mem_free          mem.o
    0x00015d90   0x00015d90   0x00000090   Code   RO         3681    i.mem_init          mem.o
    0x00015e20   0x00015e20   0x00000204   Code   RO         3682    i.mem_malloc        mem.o
    0x00016024   0x00016024   0x00000180   Code   RO         3683    i.mem_trim          mem.o
    0x000161a4   0x000161a4   0x00000048   Code   RO         3741    i.memp_free         memp.o
    0x000161ec   0x000161ec   0x00000020   Code   RO         3743    i.memp_init         memp.o
    0x0001620c   0x0001620c   0x0000002c   Code   RO         3744    i.memp_init_pool    memp.o
    0x00016238   0x00016238   0x0000004c   Code   RO         3745    i.memp_malloc       memp.o
    0x00016284   0x00016284   0x000000b0   Code   RO         3029    i.netbuf_data       netbuf.o
    0x00016334   0x00016334   0x00000020   Code   RO         3030    i.netbuf_delete     netbuf.o
    0x00016354   0x00016354   0x000000b8   Code   RO         2836    i.netconn_alloc     api_msg.o
    0x0001640c   0x0001640c   0x00000026   Code   RO         2652    i.netconn_apimsg    api_lib.o
    0x00016432   0x00016432   0x00000002   PAD
    0x00016434   0x00016434   0x00000058   Code   RO         2655    i.netconn_close_shutdown  api_lib.o
    0x0001648c   0x0001648c   0x00000060   Code   RO         2656    i.netconn_connect   api_lib.o
    0x000164ec   0x000164ec   0x00000034   Code   RO         2657    i.netconn_delete    api_lib.o
    0x00016520   0x00016520   0x000000a2   Code   RO         2837    i.netconn_drain     api_msg.o
    0x000165c2   0x000165c2   0x00000002   PAD
    0x000165c4   0x000165c4   0x000000fc   Code   RO         2838    i.netconn_free      api_msg.o
    0x000166c0   0x000166c0   0x00000128   Code   RO         2661    i.netconn_new_with_proto_and_callback  api_lib.o
    0x000167e8   0x000167e8   0x000000d8   Code   RO         2662    i.netconn_recv      api_lib.o
    0x000168c0   0x000168c0   0x00000188   Code   RO         2663    i.netconn_recv_data  api_lib.o
    0x00016a48   0x00016a48   0x000000e0   Code   RO         2668    i.netconn_write_partly  api_lib.o
    0x00016b28   0x00016b28   0x000000b4   Code   RO         3831    i.netif_add         netif.o
    0x00016bdc   0x00016bdc   0x00000002   Code   RO         3833    i.netif_init        netif.o
    0x00016bde   0x00016bde   0x00000024   Code   RO         3835    i.netif_issue_reports  netif.o
    0x00016c02   0x00016c02   0x00000048   Code   RO         3837    i.netif_set_addr    netif.o
    0x00016c4a   0x00016c4a   0x00000002   PAD
    0x00016c4c   0x00016c4c   0x00000010   Code   RO         3838    i.netif_set_default  netif.o
    0x00016c5c   0x00016c5c   0x00000010   Code   RO         3840    i.netif_set_gw      netif.o
    0x00016c6c   0x00016c6c   0x00000054   Code   RO         3841    i.netif_set_ipaddr  netif.o
    0x00016cc0   0x00016cc0   0x00000010   Code   RO         3844    i.netif_set_netmask  netif.o
    0x00016cd0   0x00016cd0   0x0000002c   Code   RO         3845    i.netif_set_up      netif.o
    0x00016cfc   0x00016cfc   0x0000027c   Code   RO         8115    i.parseRecvMsgInfo  network_thread.o
    0x00016f78   0x00016f78   0x0000035c   Code   RO         3954    i.pbuf_alloc        pbuf.o
    0x000172d4   0x000172d4   0x000000b0   Code   RO         3955    i.pbuf_alloced_custom  pbuf.o
    0x00017384   0x00017384   0x000000d0   Code   RO         3956    i.pbuf_cat          pbuf.o
    0x00017454   0x00017454   0x0000001a   Code   RO         3957    i.pbuf_chain        pbuf.o
    0x0001746e   0x0001746e   0x00000012   Code   RO         3958    i.pbuf_clen         pbuf.o
    0x00017480   0x00017480   0x00000198   Code   RO         3960    i.pbuf_copy         pbuf.o
    0x00017618   0x00017618   0x000000e4   Code   RO         3961    i.pbuf_copy_partial  pbuf.o
    0x000176fc   0x000176fc   0x00000140   Code   RO         3963    i.pbuf_free         pbuf.o
    0x0001783c   0x0001783c   0x00000012   Code   RO         3965    i.pbuf_header       pbuf.o
    0x0001784e   0x0001784e   0x00000012   Code   RO         3966    i.pbuf_header_force  pbuf.o
    0x00017860   0x00017860   0x000000f4   Code   RO         3967    i.pbuf_header_impl  pbuf.o
    0x00017954   0x00017954   0x00000140   Code   RO         3971    i.pbuf_realloc      pbuf.o
    0x00017a94   0x00017a94   0x0000001a   Code   RO         3972    i.pbuf_ref          pbuf.o
    0x00017aae   0x00017aae   0x00000002   PAD
    0x00017ab0   0x00017ab0   0x000000a0   Code   RO         2839    i.pcb_new           api_msg.o
    0x00017b50   0x00017b50   0x0000013c   Code   RO         3684    i.plug_holes        mem.o
    0x00017c8c   0x00017c8c   0x0000009c   Code   RO         2840    i.poll_tcp          api_msg.o
    0x00017d28   0x00017d28   0x00000090   Code   RO         8066    i.program_flash     flash_api.o
    0x00017db8   0x00017db8   0x00000098   Code   RO         6490    i.prvAddCurrentTaskToDelayedList  tasks.o
    0x00017e50   0x00017e50   0x000000b8   Code   RO         6491    i.prvAddNewTaskToReadyList  tasks.o
    0x00017f08   0x00017f08   0x00000064   Code   RO         6842    i.prvCheckForValidListAndQueue  timers.o
    0x00017f6c   0x00017f6c   0x00000064   Code   RO         6492    i.prvCheckTasksWaitingTermination  tasks.o
    0x00017fd0   0x00017fd0   0x0000002a   Code   RO         6295    i.prvCopyDataFromQueue  queue.o
    0x00017ffa   0x00017ffa   0x0000007c   Code   RO         6296    i.prvCopyDataToQueue  queue.o
    0x00018076   0x00018076   0x00000012   Code   RO         6493    i.prvDeleteTCB      tasks.o
    0x00018088   0x00018088   0x00000028   Code   RO         6843    i.prvGetNextExpireTime  timers.o
    0x000180b0   0x000180b0   0x00000028   Code   RO         6494    i.prvIdleTask       tasks.o
    0x000180d8   0x000180d8   0x0000001c   Code   RO         6297    i.prvInitialiseMutex  queue.o
    0x000180f4   0x000180f4   0x0000002a   Code   RO         6298    i.prvInitialiseNewQueue  queue.o
    0x0001811e   0x0001811e   0x000000b4   Code   RO         6495    i.prvInitialiseNewTask  tasks.o
    0x000181d2   0x000181d2   0x00000002   PAD
    0x000181d4   0x000181d4   0x00000068   Code   RO         6496    i.prvInitialiseTaskLists  tasks.o
    0x0001823c   0x0001823c   0x00000058   Code   RO         6845    i.prvInsertTimerInActiveList  timers.o
    0x00018294   0x00018294   0x0000001a   Code   RO         6299    i.prvIsQueueEmpty   queue.o
    0x000182ae   0x000182ae   0x0000001e   Code   RO         6300    i.prvIsQueueFull    queue.o
    0x000182cc   0x000182cc   0x00000064   Code   RO         6846    i.prvProcessExpiredTimer  timers.o
    0x00018330   0x00018330   0x00000124   Code   RO         6847    i.prvProcessReceivedCommands  timers.o
    0x00018454   0x00018454   0x00000074   Code   RO         6848    i.prvProcessTimerOrBlockTask  timers.o
    0x000184c8   0x000184c8   0x00000034   Code   RO         6498    i.prvResetNextTaskUnblockTime  tasks.o
    0x000184fc   0x000184fc   0x0000002c   Code   RO         6849    i.prvSampleTimeNow  timers.o
    0x00018528   0x00018528   0x000000a0   Code   RO         6850    i.prvSwitchTimerLists  timers.o
    0x000185c8   0x000185c8   0x00000040   Code   RO         7020    i.prvTaskExitError  port.o
    0x00018608   0x00018608   0x0000001e   Code   RO         6166    i.prvTestWaitCondition  event_groups.o
    0x00018626   0x00018626   0x0000001a   Code   RO         6851    i.prvTimerTask      timers.o
    0x00018640   0x00018640   0x0000007e   Code   RO         6301    i.prvUnlockQueue    queue.o
    0x000186be   0x000186be   0x00000018   Code   RO         6984    i.pvPortMalloc      heap_3.o
    0x000186d6   0x000186d6   0x00000002   PAD
    0x000186d8   0x000186d8   0x00000020   Code   RO         6502    i.pvTaskIncrementMutexHeldCount  tasks.o
    0x000186f8   0x000186f8   0x0000002c   Code   RO         7021    i.pxPortInitialiseStack  port.o
    0x00018724   0x00018724   0x00000098   Code   RO         8116    i.recvMsgHandle     network_thread.o
    0x000187bc   0x000187bc   0x0000011c   Code   RO         2841    i.recv_tcp          api_msg.o
    0x000188d8   0x000188d8   0x00000110   Code   RO         2842    i.recv_udp          api_msg.o
    0x000189e8   0x000189e8   0x00000028   Code   RO         7550    i.sensorInit        sensor.o
    0x00018a10   0x00018a10   0x00000084   Code   RO         2843    i.sent_tcp          api_msg.o
    0x00018a94   0x00018a94   0x00000044   Code   RO         2844    i.setup_tcp         api_msg.o
    0x00018ad8   0x00018ad8   0x00000170   Code   RO         7551    i.spl0601_get_calib_param  sensor.o
    0x00018c48   0x00018c48   0x000000f4   Code   RO         7552    i.spl0601_get_pressure  sensor.o
    0x00018d3c   0x00018d3c   0x0000005c   Code   RO         7553    i.spl0601_get_raw_pressure  sensor.o
    0x00018d98   0x00018d98   0x00000040   Code   RO         7556    i.spl0601_init      sensor.o
    0x00018dd8   0x00018dd8   0x000000b8   Code   RO         7557    i.spl0601_rateset   sensor.o
    0x00018e90   0x00018e90   0x0000006e   Code   RO         8717    i.sqrt              m_wm.l(sqrt.o)
    0x00018efe   0x00018efe   0x00000002   PAD
    0x00018f00   0x00018f00   0x00000388   Code   RO         8117    i.switchSensorModule  network_thread.o
    0x00019288   0x00019288   0x0000006e   Code   RO         2481    i.sys_arch_mbox_fetch  sys_arch.o
    0x000192f6   0x000192f6   0x00000026   Code   RO         2482    i.sys_arch_mbox_tryfetch  sys_arch.o
    0x0001931c   0x0001931c   0x00000030   Code   RO         2483    i.sys_arch_protect  sys_arch.o
    0x0001934c   0x0001934c   0x00000060   Code   RO         2484    i.sys_arch_sem_wait  sys_arch.o
    0x000193ac   0x000193ac   0x0000001c   Code   RO         2485    i.sys_arch_unprotect  sys_arch.o
    0x000193c8   0x000193c8   0x0000001c   Code   RO         2486    i.sys_assert        sys_arch.o
    0x000193e4   0x000193e4   0x0000007c   Code   RO         4642    i.sys_check_timeouts  timeouts.o
    0x00019460   0x00019460   0x00000002   Code   RO         2487    i.sys_init          sys_arch.o
    0x00019462   0x00019462   0x00000034   Code   RO         2488    i.sys_mbox_free     sys_arch.o
    0x00019496   0x00019496   0x00000020   Code   RO         2489    i.sys_mbox_new      sys_arch.o
    0x000194b6   0x000194b6   0x00000002   PAD
    0x000194b8   0x000194b8   0x00000070   Code   RO         2491    i.sys_mbox_trypost  sys_arch.o
    0x00019528   0x00019528   0x00000018   Code   RO         2493    i.sys_mutex_lock    sys_arch.o
    0x00019540   0x00019540   0x0000001a   Code   RO         2494    i.sys_mutex_new     sys_arch.o
    0x0001955a   0x0001955a   0x00000012   Code   RO         2495    i.sys_mutex_unlock  sys_arch.o
    0x0001956c   0x0001956c   0x00000008   Code   RO         2496    i.sys_now           sys_arch.o
    0x00019574   0x00019574   0x0000000c   Code   RO         2497    i.sys_sem_free      sys_arch.o
    0x00019580   0x00019580   0x0000003e   Code   RO         2498    i.sys_sem_new       sys_arch.o
    0x000195be   0x000195be   0x00000012   Code   RO         2499    i.sys_sem_signal    sys_arch.o
    0x000195d0   0x000195d0   0x00000038   Code   RO         2500    i.sys_thread_new    sys_arch.o
    0x00019608   0x00019608   0x00000120   Code   RO         4643    i.sys_timeout       timeouts.o
    0x00019728   0x00019728   0x00000034   Code   RO         4644    i.sys_timeouts_init  timeouts.o
    0x0001975c   0x0001975c   0x00000040   Code   RO         4645    i.sys_timeouts_mbox_fetch  timeouts.o
    0x0001979c   0x0001979c   0x00000038   Code   RO         4646    i.sys_timeouts_sleeptime  timeouts.o
    0x000197d4   0x000197d4   0x00000134   Code   RO         4169    i.tcp_abandon       tcp.o
    0x00019908   0x00019908   0x0000000e   Code   RO         4170    i.tcp_abort         tcp.o
    0x00019916   0x00019916   0x00000010   Code   RO         4171    i.tcp_accept        tcp.o
    0x00019926   0x00019926   0x00000002   PAD
    0x00019928   0x00019928   0x000000d4   Code   RO         4173    i.tcp_alloc         tcp.o
    0x000199fc   0x000199fc   0x00000006   Code   RO         4174    i.tcp_arg           tcp.o
    0x00019a02   0x00019a02   0x00000002   PAD
    0x00019a04   0x00019a04   0x00000064   Code   RO         4175    i.tcp_backlog_accepted  tcp.o
    0x00019a68   0x00019a68   0x00000020   Code   RO         4178    i.tcp_close         tcp.o
    0x00019a88   0x00019a88   0x000001e0   Code   RO         4179    i.tcp_close_shutdown  tcp.o
    0x00019c68   0x00019c68   0x00000188   Code   RO         4180    i.tcp_connect       tcp.o
    0x00019df0   0x00019df0   0x000000f0   Code   RO         4531    i.tcp_create_segment  tcp_out.o
    0x00019ee0   0x00019ee0   0x0000003a   Code   RO         4182    i.tcp_eff_send_mss_impl  tcp.o
    0x00019f1a   0x00019f1a   0x00000002   PAD
    0x00019f1c   0x00019f1c   0x0000020c   Code   RO         4532    i.tcp_enqueue_flags  tcp_out.o
    0x0001a128   0x0001a128   0x00000048   Code   RO         4183    i.tcp_err           tcp.o
    0x0001a170   0x0001a170   0x0000007c   Code   RO         4184    i.tcp_fasttmr       tcp.o
    0x0001a1ec   0x0001a1ec   0x00000058   Code   RO         4460    i.tcp_getoptbyte    tcp_in.o
    0x0001a244   0x0001a244   0x00000002   Code   RO         4185    i.tcp_init          tcp.o
    0x0001a246   0x0001a246   0x00000002   PAD
    0x0001a248   0x0001a248   0x00000718   Code   RO         4461    i.tcp_input         tcp_in.o
    0x0001a960   0x0001a960   0x0000008a   Code   RO         4533    i.tcp_keepalive     tcp_out.o
    0x0001a9ea   0x0001a9ea   0x00000002   PAD
    0x0001a9ec   0x0001a9ec   0x0000005c   Code   RO         4186    i.tcp_kill_prio     tcp.o
    0x0001aa48   0x0001aa48   0x00000070   Code   RO         4187    i.tcp_kill_state    tcp.o
    0x0001aab8   0x0001aab8   0x00000040   Code   RO         4188    i.tcp_kill_timewait  tcp.o
    0x0001aaf8   0x0001aaf8   0x00000064   Code   RO         4189    i.tcp_listen_closed  tcp.o
    0x0001ab5c   0x0001ab5c   0x00000168   Code   RO         4462    i.tcp_listen_input  tcp_in.o
    0x0001acc4   0x0001acc4   0x00000054   Code   RO         4191    i.tcp_netif_ipv4_addr_changed  tcp.o
    0x0001ad18   0x0001ad18   0x0000002e   Code   RO         4192    i.tcp_netif_ipv4_addr_changed_pcblist  tcp.o
    0x0001ad46   0x0001ad46   0x0000000a   Code   RO         4193    i.tcp_new           tcp.o
    0x0001ad50   0x0001ad50   0x00000068   Code   RO         4195    i.tcp_new_port      tcp.o
    0x0001adb8   0x0001adb8   0x0000001c   Code   RO         4196    i.tcp_next_iss      tcp.o
    0x0001add4   0x0001add4   0x00000278   Code   RO         4534    i.tcp_output        tcp_out.o
    0x0001b04c   0x0001b04c   0x000000bc   Code   RO         4535    i.tcp_output_alloc_header  tcp_out.o
    0x0001b108   0x0001b108   0x000000e4   Code   RO         4536    i.tcp_output_segment  tcp_out.o
    0x0001b1ec   0x0001b1ec   0x000000b8   Code   RO         4463    i.tcp_parseopt      tcp_in.o
    0x0001b2a4   0x0001b2a4   0x00000098   Code   RO         4537    i.tcp_pbuf_prealloc  tcp_out.o
    0x0001b33c   0x0001b33c   0x0000005e   Code   RO         4197    i.tcp_pcb_purge     tcp.o
    0x0001b39a   0x0001b39a   0x00000002   PAD
    0x0001b39c   0x0001b39c   0x000000c0   Code   RO         4198    i.tcp_pcb_remove    tcp.o
    0x0001b45c   0x0001b45c   0x00000040   Code   RO         4199    i.tcp_poll          tcp.o
    0x0001b49c   0x0001b49c   0x0000067c   Code   RO         4464    i.tcp_process       tcp_in.o
    0x0001bb18   0x0001bb18   0x0000009a   Code   RO         4200    i.tcp_process_refused_data  tcp.o
    0x0001bbb2   0x0001bbb2   0x00000002   PAD
    0x0001bbb4   0x0001bbb4   0x000007e8   Code   RO         4465    i.tcp_receive       tcp_in.o
    0x0001c39c   0x0001c39c   0x00000044   Code   RO         4201    i.tcp_recv          tcp.o
    0x0001c3e0   0x0001c3e0   0x0000002e   Code   RO         4202    i.tcp_recv_null     tcp.o
    0x0001c40e   0x0001c40e   0x00000002   PAD
    0x0001c410   0x0001c410   0x000000c4   Code   RO         4203    i.tcp_recved        tcp.o
    0x0001c4d4   0x0001c4d4   0x00000018   Code   RO         4204    i.tcp_remove_listener  tcp.o
    0x0001c4ec   0x0001c4ec   0x0000005a   Code   RO         4538    i.tcp_rexmit        tcp_out.o
    0x0001c546   0x0001c546   0x0000007c   Code   RO         4539    i.tcp_rexmit_fast   tcp_out.o
    0x0001c5c2   0x0001c5c2   0x00000044   Code   RO         4540    i.tcp_rexmit_rto    tcp_out.o
    0x0001c606   0x0001c606   0x00000002   PAD
    0x0001c608   0x0001c608   0x000000dc   Code   RO         4541    i.tcp_rst           tcp_out.o
    0x0001c6e4   0x0001c6e4   0x0000001a   Code   RO         4205    i.tcp_seg_free      tcp.o
    0x0001c6fe   0x0001c6fe   0x00000018   Code   RO         4206    i.tcp_segs_free     tcp.o
    0x0001c716   0x0001c716   0x00000096   Code   RO         4542    i.tcp_send_empty_ack  tcp_out.o
    0x0001c7ac   0x0001c7ac   0x0000004a   Code   RO         4543    i.tcp_send_fin      tcp_out.o
    0x0001c7f6   0x0001c7f6   0x00000002   PAD
    0x0001c7f8   0x0001c7f8   0x00000044   Code   RO         4207    i.tcp_sent          tcp.o
    0x0001c83c   0x0001c83c   0x00000062   Code   RO         4209    i.tcp_shutdown      tcp.o
    0x0001c89e   0x0001c89e   0x00000002   PAD
    0x0001c8a0   0x0001c8a0   0x00000544   Code   RO         4210    i.tcp_slowtmr       tcp.o
    0x0001cde4   0x0001cde4   0x00000038   Code   RO         4648    i.tcp_timer_needed  timeouts.o
    0x0001ce1c   0x0001ce1c   0x000000a4   Code   RO         4466    i.tcp_timewait_input  tcp_in.o
    0x0001cec0   0x0001cec0   0x00000024   Code   RO         4211    i.tcp_tmr           tcp.o
    0x0001cee4   0x0001cee4   0x00000014   Code   RO         4467    i.tcp_trigger_input_pcb_close  tcp_in.o
    0x0001cef8   0x0001cef8   0x00000078   Code   RO         4213    i.tcp_update_rcv_ann_wnd  tcp.o
    0x0001cf70   0x0001cf70   0x00000688   Code   RO         4544    i.tcp_write         tcp_out.o
    0x0001d5f8   0x0001d5f8   0x00000110   Code   RO         4545    i.tcp_write_checks  tcp_out.o
    0x0001d708   0x0001d708   0x000000ee   Code   RO         4546    i.tcp_zero_window_probe  tcp_out.o
    0x0001d7f6   0x0001d7f6   0x00000002   PAD
    0x0001d7f8   0x0001d7f8   0x000000b8   Code   RO         3373    i.tcpip_init        tcpip.o
    0x0001d8b0   0x0001d8b0   0x00000070   Code   RO         3374    i.tcpip_inpkt       tcpip.o
    0x0001d920   0x0001d920   0x00000030   Code   RO         3375    i.tcpip_input       tcpip.o
    0x0001d950   0x0001d950   0x00000020   Code   RO         3376    i.tcpip_send_msg_wait_sem  tcpip.o
    0x0001d970   0x0001d970   0x00000038   Code   RO         4649    i.tcpip_tcp_timer   timeouts.o
    0x0001d9a8   0x0001d9a8   0x000000d4   Code   RO         3377    i.tcpip_thread      tcpip.o
    0x0001da7c   0x0001da7c   0x000000b4   Code   RO         4727    i.udp_bind          udp.o
    0x0001db30   0x0001db30   0x0000007c   Code   RO         4728    i.udp_connect       udp.o
    0x0001dbac   0x0001dbac   0x00000002   Code   RO         4730    i.udp_init          udp.o
    0x0001dbae   0x0001dbae   0x00000002   PAD
    0x0001dbb0   0x0001dbb0   0x000001b8   Code   RO         4731    i.udp_input         udp.o
    0x0001dd68   0x0001dd68   0x00000048   Code   RO         4732    i.udp_input_local_match  udp.o
    0x0001ddb0   0x0001ddb0   0x00000030   Code   RO         4733    i.udp_netif_ipv4_addr_changed  udp.o
    0x0001dde0   0x0001dde0   0x0000001c   Code   RO         4734    i.udp_new           udp.o
    0x0001ddfc   0x0001ddfc   0x00000058   Code   RO         4736    i.udp_new_port      udp.o
    0x0001de54   0x0001de54   0x00000006   Code   RO         4737    i.udp_recv          udp.o
    0x0001de5a   0x0001de5a   0x00000002   PAD
    0x0001de5c   0x0001de5c   0x00000044   Code   RO         4738    i.udp_remove        udp.o
    0x0001dea0   0x0001dea0   0x00000052   Code   RO         4741    i.udp_sendto_if     udp.o
    0x0001def2   0x0001def2   0x00000002   PAD
    0x0001def4   0x0001def4   0x00000148   Code   RO         4742    i.udp_sendto_if_src  udp.o
    0x0001e03c   0x0001e03c   0x00000018   Code   RO         8312    i.update_crc16_A001  crc16.o
    0x0001e054   0x0001e054   0x00000016   Code   RO         8313    i.update_crc16_reflected  crc16.o
    0x0001e06a   0x0001e06a   0x00000028   Code   RO         6258    i.uxListRemove      list.o
    0x0001e092   0x0001e092   0x0000002a   Code   RO         6304    i.uxQueueMessagesWaiting  queue.o
    0x0001e0bc   0x0001e0bc   0x0000001c   Code   RO         6509    i.uxTaskResetEventItemValue  tasks.o
    0x0001e0d8   0x0001e0d8   0x00000010   Code   RO         6170    i.vEventGroupSetBitsCallback  event_groups.o
    0x0001e0e8   0x0001e0e8   0x0000001a   Code   RO         6259    i.vListInitialise   list.o
    0x0001e102   0x0001e102   0x00000006   Code   RO         6260    i.vListInitialiseItem  list.o
    0x0001e108   0x0001e108   0x00000034   Code   RO         6261    i.vListInsert       list.o
    0x0001e13c   0x0001e13c   0x00000018   Code   RO         6262    i.vListInsertEnd    list.o
    0x0001e154   0x0001e154   0x00000054   Code   RO         7023    i.vPortEnterCritical  port.o
    0x0001e1a8   0x0001e1a8   0x0000003c   Code   RO         7024    i.vPortExitCritical  port.o
    0x0001e1e4   0x0001e1e4   0x00000016   Code   RO         6985    i.vPortFree         heap_3.o
    0x0001e1fa   0x0001e1fa   0x00000002   PAD
    0x0001e1fc   0x0001e1fc   0x00000014   Code   RO         7002    i.vPortSetupTimerInterrupt  fsl_tickless_systick.o
    0x0001e210   0x0001e210   0x00000078   Code   RO         7025    i.vPortValidateInterruptPriority  port.o
    0x0001e288   0x0001e288   0x0000002c   Code   RO         6307    i.vQueueAddToRegistry  queue.o
    0x0001e2b4   0x0001e2b4   0x0000002c   Code   RO         6308    i.vQueueDelete      queue.o
    0x0001e2e0   0x0001e2e0   0x00000030   Code   RO         6310    i.vQueueUnregisterQueue  queue.o
    0x0001e310   0x0001e310   0x0000004a   Code   RO         6311    i.vQueueWaitForMessageRestricted  queue.o
    0x0001e35a   0x0001e35a   0x00000002   PAD
    0x0001e35c   0x0001e35c   0x0000005c   Code   RO         6510    i.vTaskDelay        tasks.o
    0x0001e3b8   0x0001e3b8   0x0000000c   Code   RO         6516    i.vTaskMissedYield  tasks.o
    0x0001e3c4   0x0001e3c4   0x00000038   Code   RO         6518    i.vTaskPlaceOnEventList  tasks.o
    0x0001e3fc   0x0001e3fc   0x00000040   Code   RO         6519    i.vTaskPlaceOnEventListRestricted  tasks.o
    0x0001e43c   0x0001e43c   0x0000006c   Code   RO         6520    i.vTaskPlaceOnUnorderedEventList  tasks.o
    0x0001e4a8   0x0001e4a8   0x000000b0   Code   RO         6521    i.vTaskPriorityInherit  tasks.o
    0x0001e558   0x0001e558   0x00000030   Code   RO         6525    i.vTaskSetTimeOutState  tasks.o
    0x0001e588   0x0001e588   0x00000094   Code   RO         6526    i.vTaskStartScheduler  tasks.o
    0x0001e61c   0x0001e61c   0x00000010   Code   RO         6528    i.vTaskSuspendAll   tasks.o
    0x0001e62c   0x0001e62c   0x0000008c   Code   RO         6529    i.vTaskSwitchContext  tasks.o
    0x0001e6b8   0x0001e6b8   0x0000001a   Code   RO         6173    i.xEventGroupCreate  event_groups.o
    0x0001e6d2   0x0001e6d2   0x000000ce   Code   RO         6175    i.xEventGroupSetBits  event_groups.o
    0x0001e7a0   0x0001e7a0   0x00000024   Code   RO         6176    i.xEventGroupSetBitsFromISR  event_groups.o
    0x0001e7c4   0x0001e7c4   0x00000154   Code   RO         6178    i.xEventGroupWaitBits  event_groups.o
    0x0001e918   0x0001e918   0x0000013c   Code   RO         7026    i.xPortStartScheduler  port.o
    0x0001ea54   0x0001ea54   0x00000022   Code   RO         6313    i.xQueueCreateMutex  queue.o
    0x0001ea76   0x0001ea76   0x00000058   Code   RO         6314    i.xQueueGenericCreate  queue.o
    0x0001eace   0x0001eace   0x00000002   PAD
    0x0001ead0   0x0001ead0   0x000001c4   Code   RO         6315    i.xQueueGenericReceive  queue.o
    0x0001ec94   0x0001ec94   0x00000098   Code   RO         6316    i.xQueueGenericReset  queue.o
    0x0001ed2c   0x0001ed2c   0x000001a8   Code   RO         6317    i.xQueueGenericSend  queue.o
    0x0001eed4   0x0001eed4   0x000000f8   Code   RO         6318    i.xQueueGenericSendFromISR  queue.o
    0x0001efcc   0x0001efcc   0x0000002a   Code   RO         6322    i.xQueueIsQueueFullFromISR  queue.o
    0x0001eff6   0x0001eff6   0x00000002   PAD
    0x0001eff8   0x0001eff8   0x0000008c   Code   RO         6530    i.xTaskCheckForTimeOut  tasks.o
    0x0001f084   0x0001f084   0x00000060   Code   RO         6531    i.xTaskCreate       tasks.o
    0x0001f0e4   0x0001f0e4   0x00000020   Code   RO         6535    i.xTaskGetSchedulerState  tasks.o
    0x0001f104   0x0001f104   0x0000000c   Code   RO         6536    i.xTaskGetTickCount  tasks.o
    0x0001f110   0x0001f110   0x0000012c   Code   RO         6538    i.xTaskIncrementTick  tasks.o
    0x0001f23c   0x0001f23c   0x000000c8   Code   RO         6541    i.xTaskPriorityDisinherit  tasks.o
    0x0001f304   0x0001f304   0x00000098   Code   RO         6542    i.xTaskRemoveFromEventList  tasks.o
    0x0001f39c   0x0001f39c   0x000000b0   Code   RO         6543    i.xTaskRemoveFromUnorderedEventList  tasks.o
    0x0001f44c   0x0001f44c   0x00000104   Code   RO         6544    i.xTaskResumeAll    tasks.o
    0x0001f550   0x0001f550   0x00000054   Code   RO         6855    i.xTimerCreateTimerTask  timers.o
    0x0001f5a4   0x0001f5a4   0x00000084   Code   RO         6856    i.xTimerGenericCommand  timers.o
    0x0001f628   0x0001f628   0x00000034   Code   RO         6862    i.xTimerPendFunctionCallFromISR  timers.o
    0x0001f65c   0x0001f65c   0x0000000e   Data   RO          268    .constdata          pin_mux.o
    0x0001f66a   0x0001f66a   0x00000002   PAD
    0x0001f66c   0x0001f66c   0x0000001c   Data   RO          339    .constdata          clock_config.o
    0x0001f688   0x0001f688   0x00000060   Data   RO          432    .constdata          fsl_clock.o
    0x0001f6e8   0x0001f6e8   0x0000000c   Data   RO          776    .constdata          fsl_enet.o
    0x0001f6f4   0x0001f6f4   0x00000028   Data   RO          952    .constdata          fsl_gpio.o
    0x0001f71c   0x0001f71c   0x00000038   Data   RO         1152    .constdata          fsl_uart.o
    0x0001f754   0x0001f754   0x0000009c   Data   RO         1421    .constdata          fsl_i2c.o
    0x0001f7f0   0x0001f7f0   0x00000020   Data   RO         1708    .constdata          fsl_ftm.o
    0x0001f810   0x0001f810   0x00000010   Data   RO         1881    .constdata          fsl_adc16.o
    0x0001f820   0x0001f820   0x0000004e   Data   RO         2002    .constdata          fsl_flash.o
    0x0001f86e   0x0001f86e   0x00000002   PAD
    0x0001f870   0x0001f870   0x0000000c   Data   RO         2338    .constdata          ethernetif.o
    0x0001f87c   0x0001f87c   0x00000104   Data   RO         3748    .constdata          memp.o
    0x0001f980   0x0001f980   0x00000050   Data   RO         4214    .constdata          tcp.o
    0x0001f9d0   0x0001f9d0   0x00000028   Data   RO         4650    .constdata          timeouts.o
    0x0001f9f8   0x0001f9f8   0x00000008   Data   RO         5307    .constdata          ip4_addr.o
    0x0001fa00   0x0001fa00   0x0000000c   Data   RO         5606    .constdata          ethernet.o
    0x0001fa0c   0x0001fa0c   0x00000007   Data   RO         7208    .constdata          cjson.o
    0x0001fa13   0x0001fa13   0x000005f1   Data   RO         7559    .constdata          sensor.o
    0x00020004   0x00020004   0x0000000c   Data   RO         7985    .constdata          dhcp_api.o
    0x00020010   0x00020010   0x00000200   Data   RO         8314    .constdata          crc16.o
    0x00020210   0x00020210   0x00000088   Data   RO         8361    .constdata          m_wm.l(pow.o)
    0x00020298   0x00020298   0x00000008   Data   RO         8714    .constdata          m_wm.l(qnan.o)
    0x000202a0   0x000202a0   0x000000fd   Data   RO          777    .conststring        fsl_enet.o
    0x0002039d   0x0002039d   0x00000003   PAD
    0x000203a0   0x000203a0   0x00000098   Data   RO         3749    .conststring        memp.o
    0x00020438   0x00020438   0x0000006d   Data   RO         4215    .conststring        tcp.o
    0x000204a5   0x000204a5   0x00000003   PAD
    0x000204a8   0x000204a8   0x00000055   Data   RO         4547    .conststring        tcp_out.o
    0x000204fd   0x000204fd   0x00000003   PAD
    0x00020500   0x00020500   0x0000008c   Data   RO         4904    .conststring        dhcp.o
    0x0002058c   0x0002058c   0x00000041   Data   RO         5102    .conststring        etharp.o
    0x000205cd   0x000205cd   0x00000003   PAD
    0x000205d0   0x000205d0   0x00000041   Data   RO         8068    .conststring        flash_api.o
    0x00020611   0x00020611   0x00000003   PAD
    0x00020614   0x00020614   0x00000045   Data   RO         8119    .conststring        network_thread.o
    0x00020659   0x00020659   0x00000003   PAD
    0x0002065c   0x0002065c   0x000000a9   Data   RO         8250    .conststring        ota_api.o
    0x00020705   0x00020705   0x00000003   PAD
    0x00020708   0x00020708   0x00000020   Data   RO         8775    Region$$Table       anon$$obj.o


    Execution Region RW_m_data (Exec base: 0x1fff0000, Load base: 0x00020728, Size: 0x00000000, Max: 0x00010000, ABSOLUTE)

    **** No section assigned to this execution region ****


    Execution Region RW_m_data_2 (Exec base: 0x20000000, Load base: 0x00020728, Size: 0x00012f64, Max: 0x00029000, ABSOLUTE, COMPRESSED[0x0000003c])

    Exec Addr    Load Addr    Size         Type   Attr      Idx    E Section Name        Object

    0x20000000   COMPRESSED   0x00000010   Data   RW          433    .data               fsl_clock.o
    0x20000010   COMPRESSED   0x00000010   Data   RW          778    .data               fsl_enet.o
    0x20000020   COMPRESSED   0x00000004   Data   RW         1153    .data               fsl_uart.o
    0x20000024   COMPRESSED   0x00000008   Data   RW         1422    .data               fsl_i2c.o
    0x2000002c   COMPRESSED   0x00000008   Data   RW         2003    .data               fsl_flash.o
    0x20000034   COMPRESSED   0x00000008   Data   RW         2208    .data               fsl_debug_console.o
    0x2000003c   COMPRESSED   0x00000004   Data   RW         2280    .data               system_mk64f12.o
    0x20000040   COMPRESSED   0x00000010   Data   RW         3379    .data               tcpip.o
    0x20000050   COMPRESSED   0x00000010   Data   RW         3686    .data               mem.o
    0x20000060   COMPRESSED   0x00000034   Data   RW         3750    .data               memp.o
    0x20000094   COMPRESSED   0x00000009   Data   RW         3846    .data               netif.o
    0x2000009d   COMPRESSED   0x00000003   PAD
    0x200000a0   COMPRESSED   0x00000020   Data   RW         4216    .data               tcp.o
    0x200000c0   COMPRESSED   0x00000028   Data   RW         4469    .data               tcp_in.o
    0x200000e8   COMPRESSED   0x0000000c   Data   RW         4651    .data               timeouts.o
    0x200000f4   COMPRESSED   0x00000008   Data   RW         4743    .data               udp.o
    0x200000fc   COMPRESSED   0x00000010   Data   RW         4905    .data               dhcp.o
    0x2000010c   COMPRESSED   0x00000001   Data   RW         5103    .data               etharp.o
    0x2000010d   COMPRESSED   0x00000001   PAD
    0x2000010e   COMPRESSED   0x00000002   Data   RW         5255    .data               ip4.o
    0x20000110   COMPRESSED   0x00000006   Data   RW         5376    .data               ip4_frag.o
    0x20000116   COMPRESSED   0x00000002   PAD
    0x20000118   COMPRESSED   0x0000003c   Data   RW         6547    .data               tasks.o
    0x20000154   COMPRESSED   0x00000014   Data   RW         6864    .data               timers.o
    0x20000168   COMPRESSED   0x0000000c   Data   RW         7027    .data               port.o
    0x20000174   COMPRESSED   0x0000000c   Data   RW         7209    .data               cjson.o
    0x20000180   COMPRESSED   0x0000001c   Data   RW         7560    .data               sensor.o
    0x2000019c   COMPRESSED   0x00000040   Data   RW         7786    .data               md5.o
    0x200001dc   COMPRESSED   0x00000002   Data   RW         7847    .data               i2c_api.o
    0x200001de   COMPRESSED   0x00000007   Data   RW         7941    .data               ftm_api.o
    0x200001e5   COMPRESSED   0x00000003   PAD
    0x200001e8   COMPRESSED   0x00000010   Data   RW         7986    .data               dhcp_api.o
    0x200001f8   COMPRESSED   0x00000010   Data   RW         8024    .data               adc_api.o
    0x20000208   COMPRESSED   0x00000001   Data   RW         8069    .data               flash_api.o
    0x20000209   COMPRESSED   0x00000003   PAD
    0x2000020c   COMPRESSED   0x00000040   Data   RW         8120    .data               network_thread.o
    0x2000024c   COMPRESSED   0x00000021   Data   RW         8251    .data               ota_api.o
    0x2000026d   COMPRESSED   0x00000003   PAD
    0x20000270   COMPRESSED   0x00000004   Data   RW         8751    .data               mc_w.l(mvars.o)
    0x20000274   COMPRESSED   0x00000004   Data   RW         8752    .data               mc_w.l(mvars.o)
    0x20000278   COMPRESSED   0x00000004   Data   RW         8756    .data               mc_w.l(errno.o)
    0x2000027c        -       0x00000018   Zero   RW         1151    .bss                fsl_uart.o
    0x20000294        -       0x0000000c   Zero   RW         1420    .bss                fsl_i2c.o
    0x200002a0        -       0x0000008c   Zero   RW         2001    .bss                fsl_flash.o
    0x2000032c        -       0x00000010   Zero   RW         2207    .bss                fsl_debug_console.o
    0x2000033c   COMPRESSED   0x00000004   PAD
    0x20000340        -       0x00003600   Zero   RW         2337    .bss                ethernetif.o
    0x20003940        -       0x00000018   Zero   RW         3655    .bss                ip.o
    0x20003958        -       0x00005813   Zero   RW         3685    .bss                mem.o
    0x2000916b        -       0x0000476f   Zero   RW         3747    .bss                memp.o
    0x2000d8da   COMPRESSED   0x00000002   PAD
    0x2000d8dc        -       0x00000014   Zero   RW         4468    .bss                tcp_in.o
    0x2000d8f0        -       0x00000032   Zero   RW         4903    .bss                dhcp.o
    0x2000d922   COMPRESSED   0x00000002   PAD
    0x2000d924        -       0x000000f0   Zero   RW         5101    .bss                etharp.o
    0x2000da14        -       0x00000040   Zero   RW         6326    .bss                queue.o
    0x2000da54        -       0x000001cc   Zero   RW         6546    .bss                tasks.o
    0x2000dc20        -       0x00000028   Zero   RW         6863    .bss                timers.o
    0x2000dc48        -       0x0000002c   Zero   RW         7558    .bss                sensor.o
    0x2000dc74        -       0x00000034   Zero   RW         7846    .bss                i2c_api.o
    0x2000dca8        -       0x0000001c   Zero   RW         7940    .bss                ftm_api.o
    0x2000dcc4        -       0x00000034   Zero   RW         7984    .bss                dhcp_api.o
    0x2000dcf8        -       0x00004038   Zero   RW         8067    .bss                flash_api.o
    0x20011d30        -       0x00001200   Zero   RW         8118    .bss                network_thread.o
    0x20012f30        -       0x00000034   Zero   RW         8249    .bss                ota_api.o


    Execution Region ARM_LIB_HEAP (Exec base: 0x20012f64, Load base: 0x00020764, Size: 0x00006000, Max: 0x00006000, ABSOLUTE)

    Exec Addr    Load Addr    Size         Type   Attr      Idx    E Section Name        Object

    0x20012f64        -       0x00006000   Zero   RW            2    ARM_LIB_HEAP.bss    anon$$obj.o


    Execution Region ARM_LIB_STACK (Exec base: 0x2002f000, Load base: 0x00020764, Size: 0x00001000, Max: 0x00001000, ABSOLUTE)

    Exec Addr    Load Addr    Size         Type   Attr      Idx    E Section Name        Object

    0x2002f000        -       0x00001000   Zero   RW            3    ARM_LIB_STACK.bss   anon$$obj.o


==============================================================================

Image component sizes


      Code (inc. data)   RO Data    RW Data    ZI Data      Debug   Object Name

       304        126          0         16          0       5313   adc_api.o
      1402        456          0          0          0      28151   api_lib.o
      5406       1358          0          0          0      26379   api_msg.o
        28          4          0          0          0        485   board.o
       240        126          0          0          0     513054   btc_api.o
        62          0          0          0          0        899   calculatebinsize.o
      2306         82          7         12          0      16138   cjson.o
       124         30         28          0          0       8885   clock_config.o
        80          6        512          0          0       2400   crc16.o
        62          0          0          0          0       2184   def.o
        32          4          0          0          0        753   delay.o
      6314       1236        140         16         50      25552   dhcp.o
       120         30         12         16         52       2746   dhcp_api.o
      3160        524         65          1        240      11984   etharp.o
       196          4         12          0          0       2928   ethernet.o
      1210        238         12          0      13824      38824   ethernetif.o
       654         12          0          0          0       6812   event_groups.o
       552        252         65          1      16440       3054   flash_api.o
       802        260         16          0          0       7637   fsl_adc16.o
      2048        530         96         16          0      29430   fsl_clock.o
        68         44          0          0          0        645   fsl_common.o
       180         18          0          8         16       9756   fsl_debug_console.o
      3668       1178        265         16          0      62850   fsl_enet.o
      1224         86         78          8        140      15930   fsl_flash.o
      2066        318         32          0          0      15365   fsl_ftm.o
       308        134         40          0          0       4059   fsl_gpio.o
      3450        572        156          8         12      31556   fsl_i2c.o
       600         84          0          0          0      19416   fsl_phy.o
         0          0          0          0          0       7496   fsl_smc.o
        20          6          0          0          0        571   fsl_tickless_systick.o
      1320        462         56          4         24      18058   fsl_uart.o
       352         66          0          7         28      11882   ftm_api.o
       266         74          0          0          0       5543   gpio_api.o
        46          0          0          0          0       1235   heap_3.o
        96         30          0          0          0        555   heartbeat_thread.o
        76         20          0          2         52        836   i2c_api.o
       852        158          0          0          0       4002   icmp.o
       442          0          0          0          0       5136   inet_chksum.o
        32          0          0          0          0      11294   init.o
         0          0          0          0         24       3082   ip.o
      1146         90          0          2          0       5212   ip4.o
        78          0          8          0          0       6458   ip4_addr.o
      2350        422          0          6          0      10658   ip4_frag.o
       148          0          0          0          0       3282   list.o
      2414        268          0         64          0       6541   md5.o
      1600        532          0         16      22547       5429   mem.o
       408        148        412         52      18287      11296   memp.o
       208         88          0          0          0       1750   netbuf.o
       466         42          0          9          0      11734   netif.o
      2038        896         69         64       4608      12071   network_thread.o
       864        202        169         33         52       3471   ota_api.o
      2870       1004          0          0          0      11359   pbuf.o
       622        102         14          0          0       5183   pin_mux.o
       922         86          0         12          0      10680   port.o
      2110         26          0          0         64      17692   queue.o
      3316        578       1521         28         44      25000   sensor.o
       448        214       1040          0          0       3224   startup_mk64f12.o
       770         10          0          0          0      21882   sys_arch.o
        44         10          0          4          0        695   system_mk64f12.o
      3118        400          0         60        460      25138   tasks.o
      5014       1080        189         32          0      37000   tcp.o
      6316       1036          0         40         20      19503   tcp_in.o
      5010        974         85          0          0      16599   tcp_out.o
       588        192          0         16          0       6329   tcpip.o
       724        154         40         12          0       8915   timeouts.o
      1234        118          0         20         40      18559   timers.o
      1466        118          0          8          0      11495   udp.o

    ----------------------------------------------------------------------
     86548      17318       5196        624     105704    1280030   Object Totals
         0          0         32          0      28672          0   (incl. Generated)
        88          0         25         15          8          0   (incl. Padding)

    ----------------------------------------------------------------------

      Code (inc. data)   RO Data    RW Data    ZI Data      Debug   Library Member Name

       164         44          0          0          0        620   dunder.o
        24          0          0          0          0        124   fabs.o
        48          0          0          0          0        124   fpclassify.o
       248          0          0          0          0        152   poly.o
      3152        296        136          0          0        352   pow.o
         0          0          8          0          0          0   qnan.o
       110          0          0          0          0        148   sqrt.o
        86          0          0          0          0          0   __dczerorl2.o
         0          0          0          0          0          0   entry.o
         0          0          0          0          0          0   entry10a.o
         0          0          0          0          0          0   entry11a.o
         8          4          0          0          0          0   entry4.o
         4          0          0          0          0          0   entry5.o
         0          0          0          0          0          0   entry7b.o
         0          0          0          0          0          0   entry8b.o
         8          4          0          0          0          0   entry9a.o
        12          6          0          4          0         68   errno.o
        30          0          0          0          0          0   handlers.o
        36          8          0          0          0         68   init.o
         0          0          0          0          0          0   iusefp.o
        30          0          0          0          0         68   llshl.o
        36          0          0          0          0         68   llsshr.o
        32          0          0          0          0         68   llushr.o
       188         20          0          0          0        160   malloc2.o
        26          0          0          0          0         80   memcmp.o
        36          0          0          0          0         68   memcpya.o
        36          0          0          0          0        108   memseta.o
         0          0          0          8          0          0   mvars.o
      2308         96          0          0          0        604   printfa.o
        14          0          0          0          0         68   strlen.o
        30          0          0          0          0         80   strncmp.o
        12          0          0          0          0         68   tolower.o
        44          0          0          0          0         80   uidiv.o
        98          0          0          0          0         92   uldiv.o
        48          0          0          0          0         68   cdrcmple.o
       334          0          0          0          0        148   dadd.o
       222          0          0          0          0        100   ddiv.o
       186          0          0          0          0        176   depilogue.o
        62          0          0          0          0         80   dfixi.o
        48          0          0          0          0         68   dfixul.o
        34          0          0          0          0         76   dflti.o
       228          0          0          0          0         96   dmul.o
        46          0          0          0          0         80   dscalb.o
       162          0          0          0          0        100   dsqrt.o
        38          0          0          0          0         68   f2d.o

    ----------------------------------------------------------------------
      8248        486        144         12          0       4328   Library Totals
        20          8          0          0          0          0   (incl. Padding)

    ----------------------------------------------------------------------

      Code (inc. data)   RO Data    RW Data    ZI Data      Debug   Library Name

      3746        340        144          0          0       1520   m_wm.l
      3074        138          0         12          0       1748   mc_w.l
      1408          0          0          0          0       1060   mf_w.l

    ----------------------------------------------------------------------
      8248        486        144         12          0       4328   Library Totals

    ----------------------------------------------------------------------

==============================================================================


      Code (inc. data)   RO Data    RW Data    ZI Data      Debug   

     94796      17804       5340        636     105704    1225834   Grand Totals
     94796      17804       5340         60     105704    1225834   ELF Image Totals (compressed)
     94796      17804       5340         60          0          0   ROM Totals

==============================================================================

    Total RO  Size (Code + RO Data)               100136 (  97.79kB)
    Total RW  Size (RW Data + ZI Data)            106340 ( 103.85kB)
    Total ROM Size (Code + RO Data + RW Data)     100196 (  97.85kB)

==============================================================================

