Component: ARM Compiler 5.06 update 5 (build 528) Tool: armlink [4d35e2]

==============================================================================

Section Cross References

    btc_api.o(i.main) refers to pin_mux.o(i.BOARD_InitPins) for BOARD_InitPins
    btc_api.o(i.main) refers to clock_config.o(i.BOARD_BootClockRUN) for BOARD_BootClockRUN
    btc_api.o(i.main) refers to board.o(i.BOARD_InitDebugConsole) for BOARD_InitDebugConsole
    btc_api.o(i.main) refers to i2c_api.o(i.i2c_init) for i2c_init
    btc_api.o(i.main) refers to dhcp_api.o(i.Network_Init) for Network_Init
    btc_api.o(i.main) refers to sensor.o(i.sensorInit) for sensorInit
    btc_api.o(i.main) refers to gpio_api.o(i.gpio_init) for gpio_init
    btc_api.o(i.main) refers to ftm_api.o(i.ftm_init) for ftm_init
    btc_api.o(i.main) refers to adc_api.o(i.adc_init) for adc_init
    btc_api.o(i.main) refers to flash_api.o(i.flash_init) for flash_init
    btc_api.o(i.main) refers to ota_api.o(i.OTAInit) for OTAInit
    btc_api.o(i.main) refers to sys_arch.o(i.sys_thread_new) for sys_thread_new
    btc_api.o(i.main) refers to sys_arch.o(i.sys_assert) for sys_assert
    btc_api.o(i.main) refers to tasks.o(i.vTaskStartScheduler) for vTaskStartScheduler
    btc_api.o(i.main) refers to network_thread.o(i.connect_thread) for connect_thread
    btc_api.o(i.main) refers to heartbeat_thread.o(i.heartBeat_thread) for heartBeat_thread
    btc_api.o(i.main) refers to workhandle.o(i.workHandle_thread) for workHandle_thread
    btc_api.o(i.main) refers to onesecondtimer_thread.o(i.oneSecondTimer_thread) for oneSecondTimer_thread
    fsl_phy.o(i.PHY_EnableLoopback) refers to fsl_phy.o(i.PHY_Read) for PHY_Read
    fsl_phy.o(i.PHY_EnableLoopback) refers to fsl_phy.o(i.PHY_Write) for PHY_Write
    fsl_phy.o(i.PHY_GetLinkSpeedDuplex) refers to fsl_common.o(i.__aeabi_assert) for __aeabi_assert
    fsl_phy.o(i.PHY_GetLinkSpeedDuplex) refers to fsl_phy.o(i.PHY_Read) for PHY_Read
    fsl_phy.o(i.PHY_GetLinkStatus) refers to fsl_common.o(i.__aeabi_assert) for __aeabi_assert
    fsl_phy.o(i.PHY_GetLinkStatus) refers to fsl_phy.o(i.PHY_Read) for PHY_Read
    fsl_phy.o(i.PHY_Init) refers to fsl_enet.o(i.ENET_GetInstance) for ENET_GetInstance
    fsl_phy.o(i.PHY_Init) refers to fsl_enet.o(i.ENET_SetSMI) for ENET_SetSMI
    fsl_phy.o(i.PHY_Init) refers to fsl_phy.o(i.PHY_Write) for PHY_Write
    fsl_phy.o(i.PHY_Init) refers to fsl_phy.o(i.PHY_Read) for PHY_Read
    fsl_phy.o(i.PHY_Init) refers to fsl_enet.o(.constdata) for s_enetClock
    fsl_phy.o(i.PHY_Read) refers to fsl_common.o(i.__aeabi_assert) for __aeabi_assert
    fsl_phy.o(i.PHY_Read) refers to fsl_phy.o(i.ENET_ClearInterruptStatus) for ENET_ClearInterruptStatus
    fsl_phy.o(i.PHY_Read) refers to fsl_enet.o(i.ENET_StartSMIRead) for ENET_StartSMIRead
    fsl_phy.o(i.PHY_Write) refers to fsl_phy.o(i.ENET_ClearInterruptStatus) for ENET_ClearInterruptStatus
    fsl_phy.o(i.PHY_Write) refers to fsl_enet.o(i.ENET_StartSMIWrite) for ENET_StartSMIWrite
    pin_mux.o(i.BOARD_I2C_ConfigurePins) refers to pin_mux.o(i.CLOCK_EnableClock) for CLOCK_EnableClock
    pin_mux.o(i.BOARD_I2C_ConfigurePins) refers to pin_mux.o(i.PORT_SetPinConfig) for PORT_SetPinConfig
    pin_mux.o(i.BOARD_I2C_ConfigurePins) refers to pin_mux.o(.constdata) for .constdata
    pin_mux.o(i.BOARD_InitPins) refers to pin_mux.o(i.CLOCK_EnableClock) for CLOCK_EnableClock
    pin_mux.o(i.BOARD_InitPins) refers to pin_mux.o(i.PORT_SetPinMux) for PORT_SetPinMux
    pin_mux.o(i.PORT_SetPinConfig) refers to fsl_common.o(i.__aeabi_assert) for __aeabi_assert
    board.o(i.BOARD_InitDebugConsole) refers to fsl_clock.o(i.CLOCK_GetCoreSysClkFreq) for CLOCK_GetCoreSysClkFreq
    board.o(i.BOARD_InitDebugConsole) refers to fsl_debug_console.o(i.DbgConsole_Init) for DbgConsole_Init
    clock_config.o(i.BOARD_BootClockRUN) refers to clock_config.o(i.BOARD_InitOsc0) for BOARD_InitOsc0
    clock_config.o(i.BOARD_BootClockRUN) refers to fsl_clock.o(i.CLOCK_BootToPeeMode) for CLOCK_BootToPeeMode
    clock_config.o(i.BOARD_BootClockRUN) refers to fsl_clock.o(i.CLOCK_SetInternalRefClkConfig) for CLOCK_SetInternalRefClkConfig
    clock_config.o(i.BOARD_BootClockRUN) refers to fsl_clock.o(i.CLOCK_SetSimConfig) for CLOCK_SetSimConfig
    clock_config.o(i.BOARD_BootClockRUN) refers to clock_config.o(.constdata) for .constdata
    clock_config.o(i.BOARD_BootClockRUN) refers to system_mk64f12.o(.data) for SystemCoreClock
    clock_config.o(i.BOARD_BootClockVLPR) refers to fsl_clock.o(i.CLOCK_BootToBlpiMode) for CLOCK_BootToBlpiMode
    clock_config.o(i.BOARD_BootClockVLPR) refers to fsl_clock.o(i.CLOCK_SetSimConfig) for CLOCK_SetSimConfig
    clock_config.o(i.BOARD_BootClockVLPR) refers to fsl_smc.o(i.SMC_SetPowerModeVlpr) for SMC_SetPowerModeVlpr
    clock_config.o(i.BOARD_BootClockVLPR) refers to clock_config.o(.constdata) for .constdata
    clock_config.o(i.BOARD_BootClockVLPR) refers to system_mk64f12.o(.data) for SystemCoreClock
[...]
    oledUserFlag                             0x2000025c   Data           1  onesecondtimer_thread.o(.data)
    oledSwitchFlag                           0x2000025d   Data           1  onesecondtimer_thread.o(.data)
    oledUserTimer                            0x20000260   Data           4  onesecondtimer_thread.o(.data)
    versionSN                                0x20000264   Data          33  ota_api.o(.data)
    __microlib_freelist                      0x20000288   Data           4  mvars.o(.data)
    __microlib_freelist_initialised          0x2000028c   Data           4  mvars.o(.data)
    ip_data                                  0x20003960   Data          24  ip.o(.bss)
    ram_heap                                 0x20003978   Data       22547  mem.o(.bss)
    memp_memory_UDP_PCB_base                 0x2000918b   Data         195  memp.o(.bss)
    memp_memory_TCP_PCB_base                 0x2000924e   Data        1483  memp.o(.bss)
    memp_memory_TCP_PCB_LISTEN_base          0x20009819   Data         195  memp.o(.bss)
    memp_memory_TCP_SEG_base                 0x200098dc   Data         443  memp.o(.bss)
    memp_memory_REASSDATA_base               0x20009a97   Data         163  memp.o(.bss)
    memp_memory_FRAG_PBUF_base               0x20009b3a   Data         363  memp.o(.bss)
    memp_memory_NETBUF_base                  0x20009ca5   Data          35  memp.o(.bss)
    memp_memory_NETCONN_base                 0x20009cc8   Data         195  memp.o(.bss)
    memp_memory_TCPIP_MSG_API_base           0x20009d8b   Data         131  memp.o(.bss)
    memp_memory_TCPIP_MSG_INPKT_base         0x20009e0e   Data         131  memp.o(.bss)
    memp_memory_SYS_TIMEOUT_base             0x20009e91   Data         163  memp.o(.bss)
    memp_memory_PBUF_base                    0x20009f34   Data         243  memp.o(.bss)
    memp_memory_PBUF_POOL_base               0x2000a027   Data       14547  memp.o(.bss)
    dhcp_rx_options_val                      0x2000d910   Data          40  dhcp.o(.bss)
    dhcp_rx_options_given                    0x2000d938   Data          10  dhcp.o(.bss)
    xQueueRegistry                           0x2000da34   Data          64  queue.o(.bss)
    masterConfig                             0x2000dc94   Data          12  i2c_api.o(.bss)
    g_m_handle                               0x2000dca0   Data          40  i2c_api.o(.bss)
    ftmInfo                                  0x2000dcc8   Data          28  ftm_api.o(.bss)
    socketInfo                               0x20011d50   Data        4608  network_thread.o(.bss)
    tempBuffer                               0x20012f50   Data         256  network_thread.o(.bss)
    btcInfo                                  0x20013050   Data         140  workhandle.o(.bss)
    otaInfo                                  0x200130dc   Data          52  ota_api.o(.bss)
    Image$$ARM_LIB_HEAP$$ZI$$Base            0x20013110   Number         0  anon$$obj.o ABSOLUTE
    Image$$ARM_LIB_HEAP$$ZI$$Limit           0x20019110   Number         0  anon$$obj.o ABSOLUTE
    Image$$ARM_LIB_STACK$$ZI$$Limit          0x20030000   Number         0  anon$$obj.o ABSOLUTE



==============================================================================

Memory Map of the image

  Image Entry point : 0x00008411

  Load Region LR_m_text (Base: 0x00008000, Size: 0x000195d0, Max: 0x00100000, ABSOLUTE, COMPRESSED[0x00019378])

    Execution Region VECTOR_ROM (Exec base: 0x00008000, Load base: 0x00008000, Size: 0x00000400, Max: 0x00000400, ABSOLUTE)

    Exec Addr    Load Addr    Size         Type   Attr      Idx    E Section Name        Object

    0x00008000   0x00008000   0x00000400   Data   RO         2331    RESET               startup_mk64f12.o


    Execution Region VECTOR_RAM (Exec base: 0x00008000, Load base: 0x0002133c, Size: 0x00000000, Max: 0x00000000, ABSOLUTE)

    Exec Addr    Load Addr    Size         Type   Attr      Idx    E Section Name        Object

    0x00008000        -       0x00000000   Zero   RW            1    VECTOR_RAM.bss      anon$$obj.o


    Execution Region ER_m_flash_config (Exec base: 0x00008400, Load base: 0x00008400, Size: 0x00000010, Max: 0x00000010, ABSOLUTE, FIXED)

    Exec Addr    Load Addr    Size         Type   Attr      Idx    E Section Name        Object

    0x00008400   0x00008400   0x00000010   Data   RO         2332    FlashConfig         startup_mk64f12.o


    Execution Region ER_m_text (Exec base: 0x00008410, Load base: 0x00008410, Size: 0x00018f2c, Max: 0x000ffbf0, ABSOLUTE)

    Exec Addr    Load Addr    Size         Type   Attr      Idx    E Section Name        Object

    0x00008410   0x00008410   0x00000000   Code   RO         8772  * .ARM.Collect$$$$00000000  mc_w.l(entry.o)
    0x00008410   0x00008410   0x00000004   Code   RO         9127    .ARM.Collect$$$$00000003  mc_w.l(entry4.o)
    0x00008414   0x00008414   0x00000004   Code   RO         9130    .ARM.Collect$$$$00000004  mc_w.l(entry5.o)
    0x00008418   0x00008418   0x00000000   Code   RO         9132    .ARM.Collect$$$$00000008  mc_w.l(entry7b.o)
    0x00008418   0x00008418   0x00000000   Code   RO         9134    .ARM.Collect$$$$0000000A  mc_w.l(entry8b.o)
    0x00008418   0x00008418   0x00000008   Code   RO         9135    .ARM.Collect$$$$0000000B  mc_w.l(entry9a.o)
    0x00008420   0x00008420   0x00000000   Code   RO         9137    .ARM.Collect$$$$0000000D  mc_w.l(entry10a.o)
    0x00008420   0x00008420   0x00000000   Code   RO         9139    .ARM.Collect$$$$0000000F  mc_w.l(entry11a.o)
    0x00008420   0x00008420   0x00000004   Code   RO         9128    .ARM.Collect$$$$00002714  mc_w.l(entry4.o)
    0x00008424   0x00008424   0x000000b6   Code   RO         7209    .emb_text           port.o
    0x000084da   0x000084da   0x00000002   PAD
    0x000084dc   0x000084dc   0x000001c0   Code   RO         2333    .text               startup_mk64f12.o
    0x0000869c   0x0000869c   0x0000000c   Code   RO         8775    .text               mc_w.l(tolower.o)
    0x000086a8   0x000086a8   0x00000024   Code   RO         8777    .text               mc_w.l(memcpya.o)
    0x000086cc   0x000086cc   0x00000024   Code   RO         8779    .text               mc_w.l(memseta.o)
    0x000086f0   0x000086f0   0x0000000e   Code   RO         8783    .text               mc_w.l(strlen.o)
    0x000086fe   0x000086fe   0x0000001a   Code   RO         8785    .text               mc_w.l(memcmp.o)
    0x00008718   0x00008718   0x00000012   Code   RO         8787    .text               mc_w.l(strcpy.o)
    0x0000872a   0x0000872a   0x0000001e   Code   RO         8789    .text               mc_w.l(strncmp.o)
    0x00008748   0x00008748   0x0000014e   Code   RO         9082    .text               mf_w.l(dadd.o)
    0x00008896   0x00008896   0x000000e4   Code   RO         9084    .text               mf_w.l(dmul.o)
    0x0000897a   0x0000897a   0x00000022   Code   RO         9086    .text               mf_w.l(dflti.o)
    0x0000899c   0x0000899c   0x0000003e   Code   RO         9088    .text               mf_w.l(dfixi.o)
    0x000089da   0x000089da   0x00000026   Code   RO         9090    .text               mf_w.l(f2d.o)
    0x00008a00   0x00008a00   0x00000030   Code   RO         9094    .text               mf_w.l(cdrcmple.o)
    0x00008a30   0x00008a30   0x0000002c   Code   RO         9141    .text               mc_w.l(uidiv.o)
    0x00008a5c   0x00008a5c   0x00000062   Code   RO         9143    .text               mc_w.l(uldiv.o)
    0x00008abe   0x00008abe   0x0000001e   Code   RO         9145    .text               mc_w.l(llshl.o)
    0x00008adc   0x00008adc   0x00000020   Code   RO         9147    .text               mc_w.l(llushr.o)
    0x00008afc   0x00008afc   0x00000024   Code   RO         9149    .text               mc_w.l(llsshr.o)
    0x00008b20   0x00008b20   0x00000000   Code   RO         9160    .text               mc_w.l(iusefp.o)
    0x00008b20   0x00008b20   0x000000ba   Code   RO         9161    .text               mf_w.l(depilogue.o)
    0x00008bda   0x00008bda   0x000000de   Code   RO         9163    .text               mf_w.l(ddiv.o)
    0x00008cb8   0x00008cb8   0x0000002e   Code   RO         9167    .text               mf_w.l(dscalb.o)
    0x00008ce6   0x00008ce6   0x00000030   Code   RO         9169    .text               mf_w.l(dfixul.o)
    0x00008d16   0x00008d16   0x00000002   PAD
    0x00008d18   0x00008d18   0x00000024   Code   RO         9171    .text               mc_w.l(init.o)
    0x00008d3c   0x00008d3c   0x000000a2   Code   RO         9173    .text               mf_w.l(dsqrt.o)
    0x00008dde   0x00008dde   0x00000056   Code   RO         9183    .text               mc_w.l(__dczerorl2.o)
    0x00008e34   0x00008e34   0x000000bc   Code   RO         1933    i.ADC16_DoAutoCalibration  fsl_adc16.o
    0x00008ef0   0x00008ef0   0x00000070   Code   RO         1934    i.ADC16_GetChannelStatusFlags  fsl_adc16.o
    0x00008f60   0x00008f60   0x00000068   Code   RO         1935    i.ADC16_GetDefaultConfig  fsl_adc16.o
    0x00008fc8   0x00008fc8   0x00000080   Code   RO         1936    i.ADC16_GetInstance  fsl_adc16.o
    0x00009048   0x00009048   0x0000001e   Code   RO         1937    i.ADC16_GetStatusFlags  fsl_adc16.o
    0x00009066   0x00009066   0x00000002   PAD
    0x00009068   0x00009068   0x000000f0   Code   RO         1938    i.ADC16_Init        fsl_adc16.o
    0x00009158   0x00009158   0x0000008c   Code   RO         8270    i.ADC1_IRQHandler   adc_api.o
    0x000091e4   0x000091e4   0x00000020   Code   RO         7714    i.ADXL345_Init      sensor.o
    0x00009204   0x00009204   0x00000170   Code   RO         7715    i.ADXL345_Run       sensor.o
    0x00009374   0x00009374   0x00000054   Code   RO         7716    i.ADXL345_Show      sensor.o
    0x000093c8   0x000093c8   0x00000058   Code   RO         7717    i.API_OLED_Clear    sensor.o
    0x00009420   0x00009420   0x00000054   Code   RO          391    i.BOARD_BootClockRUN  clock_config.o
    0x00009474   0x00009474   0x00000068   Code   RO          298    i.BOARD_I2C_ConfigurePins  pin_mux.o
    0x000094dc   0x000094dc   0x000000e8   Code   RO         1425    i.BOARD_I2C_ReleaseBus  fsl_i2c.o
    0x000095c4   0x000095c4   0x0000001c   Code   RO          351    i.BOARD_InitDebugConsole  board.o
    0x000095e0   0x000095e0   0x00000028   Code   RO          393    i.BOARD_InitOsc0    clock_config.o
    0x00009608   0x00009608   0x00000190   Code   RO          299    i.BOARD_InitPins    pin_mux.o
    0x00009798   0x00009798   0x00000074   Code   RO          439    i.CLOCK_BootToPeeMode  fsl_clock.o
    0x0000980c   0x0000980c   0x00000018   Code   RO          300    i.CLOCK_EnableClock  pin_mux.o
    0x00009824   0x00009824   0x00000018   Code   RO         1427    i.CLOCK_EnableClock  fsl_i2c.o
    0x0000983c   0x0000983c   0x00000080   Code   RO          443    i.CLOCK_EnablePll0  fsl_clock.o
    0x000098bc   0x000098bc   0x0000001c   Code   RO          448    i.CLOCK_GetCoreSysClkFreq  fsl_clock.o
    0x000098d8   0x000098d8   0x00000094   Code   RO          449    i.CLOCK_GetEr32kClkFreq  fsl_clock.o
    0x0000996c   0x0000996c   0x0000001c   Code   RO          450    i.CLOCK_GetFixedFreqClkFreq  fsl_clock.o
    0x00009988   0x00009988   0x00000070   Code   RO          453    i.CLOCK_GetFllExtRefClkFreq  fsl_clock.o
    0x000099f8   0x000099f8   0x0000004c   Code   RO          454    i.CLOCK_GetFllFreq  fsl_clock.o
    0x00009a44   0x00009a44   0x00000020   Code   RO          455    i.CLOCK_GetFllRefClkFreq  fsl_clock.o
    0x00009a64   0x00009a64   0x000000c8   Code   RO          456    i.CLOCK_GetFreq     fsl_clock.o
    0x00009b2c   0x00009b2c   0x0000001c   Code   RO          457    i.CLOCK_GetInternalRefClkFreq  fsl_clock.o
    0x00009b48   0x00009b48   0x0000002c   Code   RO          458    i.CLOCK_GetInternalRefClkSelectFreq  fsl_clock.o
    0x00009b74   0x00009b74   0x000000a4   Code   RO          459    i.CLOCK_GetMcgExtClkFreq  fsl_clock.o
    0x00009c18   0x00009c18   0x00000064   Code   RO          461    i.CLOCK_GetOsc0ErClkFreq  fsl_clock.o
    0x00009c7c   0x00009c7c   0x00000020   Code   RO          462    i.CLOCK_GetOscRangeFromFreq  fsl_clock.o
    0x00009c9c   0x00009c9c   0x0000003c   Code   RO          463    i.CLOCK_GetOutClkFreq  fsl_clock.o
    0x00009cd8   0x00009cd8   0x00000078   Code   RO          465    i.CLOCK_GetPll0Freq  fsl_clock.o
    0x00009d50   0x00009d50   0x00000008   Code   RO          466    i.CLOCK_GetPll0RefFreq  fsl_clock.o
    0x00009d58   0x00009d58   0x00000038   Code   RO          467    i.CLOCK_GetPllFllSelClkFreq  fsl_clock.o
    0x00009d90   0x00009d90   0x0000006c   Code   RO          469    i.CLOCK_InitOsc0    fsl_clock.o
    0x00009dfc   0x00009dfc   0x00000058   Code   RO          473    i.CLOCK_SetExternalRefClkConfig  fsl_clock.o
    0x00009e54   0x00009e54   0x00000098   Code   RO          478    i.CLOCK_SetInternalRefClkConfig  fsl_clock.o
    0x00009eec   0x00009eec   0x000000ac   Code   RO          481    i.CLOCK_SetPbeMode  fsl_clock.o
    0x00009f98   0x00009f98   0x00000030   Code   RO          485    i.CLOCK_SetSimConfig  fsl_clock.o
    0x00009fc8   0x00009fc8   0x00000090   Code   RO         2266    i.DbgConsole_Init   fsl_debug_console.o
    0x0000a058   0x0000a058   0x00000004   Code   RO          199    i.ENET_ClearInterruptStatus  fsl_phy.o
    0x0000a05c   0x0000a05c   0x0000009c   Code   RO          805    i.ENET_ErrorIRQHandler  fsl_enet.o
    0x0000a0f8   0x0000a0f8   0x0000001c   Code   RO          806    i.ENET_Error_IRQHandler  fsl_enet.o
    0x0000a114   0x0000a114   0x00000058   Code   RO          807    i.ENET_GetDefaultConfig  fsl_enet.o
    0x0000a16c   0x0000a16c   0x00000080   Code   RO          808    i.ENET_GetInstance  fsl_enet.o
    0x0000a1ec   0x0000a1ec   0x000000d8   Code   RO          811    i.ENET_GetRxFrameSize  fsl_enet.o
    0x0000a2c4   0x0000a2c4   0x000002e8   Code   RO          812    i.ENET_Init         fsl_enet.o
    0x0000a5ac   0x0000a5ac   0x00000110   Code   RO          814    i.ENET_ReadFrame    fsl_enet.o
    0x0000a6bc   0x0000a6bc   0x00000068   Code   RO          815    i.ENET_ReceiveIRQHandler  fsl_enet.o
    0x0000a724   0x0000a724   0x0000001c   Code   RO          816    i.ENET_Receive_IRQHandler  fsl_enet.o
    0x0000a740   0x0000a740   0x000001a0   Code   RO          817    i.ENET_SendFrame    fsl_enet.o
    0x0000a8e0   0x0000a8e0   0x0000004c   Code   RO          818    i.ENET_SetCallback  fsl_enet.o
    0x0000a92c   0x0000a92c   0x0000002c   Code   RO          820    i.ENET_SetMacAddr   fsl_enet.o
    0x0000a958   0x0000a958   0x000001ec   Code   RO          821    i.ENET_SetMacController  fsl_enet.o
    0x0000ab44   0x0000ab44   0x000000ac   Code   RO          822    i.ENET_SetRxBufferDescriptors  fsl_enet.o
    0x0000abf0   0x0000abf0   0x00000094   Code   RO          823    i.ENET_SetSMI       fsl_enet.o
    0x0000ac84   0x0000ac84   0x000000a8   Code   RO          824    i.ENET_SetTxBufferDescriptors  fsl_enet.o
    0x0000ad2c   0x0000ad2c   0x0000002c   Code   RO          825    i.ENET_StartSMIRead  fsl_enet.o
    0x0000ad58   0x0000ad58   0x00000034   Code   RO          826    i.ENET_StartSMIWrite  fsl_enet.o
    0x0000ad8c   0x0000ad8c   0x00000068   Code   RO          827    i.ENET_TransmitIRQHandler  fsl_enet.o
    0x0000adf4   0x0000adf4   0x0000001c   Code   RO          828    i.ENET_Transmit_IRQHandler  fsl_enet.o
    0x0000ae10   0x0000ae10   0x00000078   Code   RO          829    i.ENET_UpdateReadBuffers  fsl_enet.o
    0x0000ae88   0x0000ae88   0x00000028   Code   RO          830    i.EnableIRQ         fsl_enet.o
    0x0000aeb0   0x0000aeb0   0x00000028   Code   RO         1428    i.EnableIRQ         fsl_i2c.o
    0x0000aed8   0x0000aed8   0x00000028   Code   RO         8091    i.EnableIRQ         gpio_api.o
    0x0000af00   0x0000af00   0x0000009c   Code   RO         2025    i.FLASH_Erase       fsl_flash.o
    0x0000af9c   0x0000af9c   0x00000038   Code   RO         2029    i.FLASH_GetSecurityState  fsl_flash.o
    0x0000afd4   0x0000afd4   0x00000080   Code   RO         2030    i.FLASH_Init        fsl_flash.o
    0x0000b054   0x0000b054   0x00000020   Code   RO         2037    i.FLASH_PrepareExecuteInRamFunctions  fsl_flash.o
    0x0000b074   0x0000b074   0x0000009c   Code   RO         2038    i.FLASH_Program     fsl_flash.o
    0x0000b110   0x0000b110   0x000000a8   Code   RO         2047    i.FLASH_VerifyErase  fsl_flash.o
    0x0000b1b8   0x0000b1b8   0x0000009c   Code   RO         2050    i.FLASH_VerifyProgram  fsl_flash.o
    0x0000b254   0x0000b254   0x00000028   Code   RO         8156    i.FTM0_IRQHandler   ftm_api.o
    0x0000b27c   0x0000b27c   0x00000034   Code   RO         1744    i.FTM_ClearStatusFlags  fsl_ftm.o
    0x0000b2b0   0x0000b2b0   0x0000004a   Code   RO         1746    i.FTM_DisableInterrupts  fsl_ftm.o
    0x0000b2fa   0x0000b2fa   0x0000004a   Code   RO         1747    i.FTM_EnableInterrupts  fsl_ftm.o
    0x0000b344   0x0000b344   0x00000064   Code   RO         1748    i.FTM_GetDefaultConfig  fsl_ftm.o
    0x0000b3a8   0x0000b3a8   0x00000078   Code   RO         1750    i.FTM_GetInstance   fsl_ftm.o
    0x0000b420   0x0000b420   0x00000030   Code   RO         1751    i.FTM_GetStatusFlags  fsl_ftm.o
    0x0000b450   0x0000b450   0x000000ec   Code   RO         1752    i.FTM_Init          fsl_ftm.o
    0x0000b53c   0x0000b53c   0x000000b0   Code   RO         1753    i.FTM_SetPwmSync    fsl_ftm.o
    0x0000b5ec   0x0000b5ec   0x00000108   Code   RO         1754    i.FTM_SetReloadPoints  fsl_ftm.o
    0x0000b6f4   0x0000b6f4   0x000002b0   Code   RO         1759    i.FTM_SetupPwm      fsl_ftm.o
    0x0000b9a4   0x0000b9a4   0x00000022   Code   RO         1761    i.FTM_UpdateChnlEdgeLevelSelect  fsl_ftm.o
    0x0000b9c6   0x0000b9c6   0x00000002   PAD
    0x0000b9c8   0x0000b9c8   0x000000c8   Code   RO         1762    i.FTM_UpdatePwmDutycycle  fsl_ftm.o
    0x0000ba90   0x0000ba90   0x00000098   Code   RO         8157    i.FTM_updata        ftm_api.o
    0x0000bb28   0x0000bb28   0x00000024   Code   RO         1003    i.GPIO_ClearPinsInterruptFlags  fsl_gpio.o
    0x0000bb4c   0x0000bb4c   0x00000080   Code   RO         1004    i.GPIO_GetInstance  fsl_gpio.o
    0x0000bbcc   0x0000bbcc   0x0000001c   Code   RO         1005    i.GPIO_GetPinsInterruptFlags  fsl_gpio.o
    0x0000bbe8   0x0000bbe8   0x00000074   Code   RO         1006    i.GPIO_PinInit      fsl_gpio.o
    0x0000bc5c   0x0000bc5c   0x00000012   Code   RO         1429    i.GPIO_PinWrite     fsl_i2c.o
    0x0000bc6e   0x0000bc6e   0x00000012   Code   RO         8471    i.GPIO_WritePinOutput  workhandle.o
    0x0000bc80   0x0000bc80   0x00000014   Code   RO         7719    i.HDC1050_Init      sensor.o
    0x0000bc94   0x0000bc94   0x0000016c   Code   RO         7720    i.HDC1050_Run       sensor.o
    0x0000be00   0x0000be00   0x00000048   Code   RO         7721    i.HDC1050_Show      sensor.o
    0x0000be48   0x0000be48   0x00000018   Code   RO         1430    i.I2C0_DriverIRQHandler  fsl_i2c.o
    0x0000be60   0x0000be60   0x00000018   Code   RO         1431    i.I2C1_DriverIRQHandler  fsl_i2c.o
    0x0000be78   0x0000be78   0x00000018   Code   RO         1432    i.I2C2_DriverIRQHandler  fsl_i2c.o
    0x0000be90   0x0000be90   0x00000020   Code   RO         1433    i.I2C_CheckAndClearError  fsl_i2c.o
    0x0000beb0   0x0000beb0   0x0000001e   Code   RO         1434    i.I2C_DisableInterrupts  fsl_i2c.o
    0x0000bece   0x0000bece   0x00000022   Code   RO         1436    i.I2C_EnableInterrupts  fsl_i2c.o
    0x0000bef0   0x0000bef0   0x00000080   Code   RO         1437    i.I2C_GetInstance   fsl_i2c.o
    0x0000bf70   0x0000bf70   0x0000006a   Code   RO         1438    i.I2C_InitTransferStateMachine  fsl_i2c.o
    0x0000bfda   0x0000bfda   0x00000024   Code   RO         1439    i.I2C_MasterClearStatusFlags  fsl_i2c.o
    0x0000bffe   0x0000bffe   0x00000002   PAD
    0x0000c000   0x0000c000   0x00000060   Code   RO         1441    i.I2C_MasterGetDefaultConfig  fsl_i2c.o
    0x0000c060   0x0000c060   0x0000001e   Code   RO         1442    i.I2C_MasterGetStatusFlags  fsl_i2c.o
    0x0000c07e   0x0000c07e   0x00000002   PAD
    0x0000c080   0x0000c080   0x000000d0   Code   RO         1443    i.I2C_MasterInit    fsl_i2c.o
    0x0000c150   0x0000c150   0x00000092   Code   RO         1444    i.I2C_MasterReadBlocking  fsl_i2c.o
    0x0000c1e2   0x0000c1e2   0x0000006c   Code   RO         1445    i.I2C_MasterRepeatedStart  fsl_i2c.o
    0x0000c24e   0x0000c24e   0x00000002   PAD
    0x0000c250   0x0000c250   0x0000008c   Code   RO         1446    i.I2C_MasterSetBaudRate  fsl_i2c.o
    0x0000c2dc   0x0000c2dc   0x0000003a   Code   RO         1447    i.I2C_MasterStart   fsl_i2c.o
    0x0000c316   0x0000c316   0x0000002a   Code   RO         1448    i.I2C_MasterStop    fsl_i2c.o
    0x0000c340   0x0000c340   0x0000018c   Code   RO         1450    i.I2C_MasterTransferBlocking  fsl_i2c.o
    0x0000c4cc   0x0000c4cc   0x00000084   Code   RO         1451    i.I2C_MasterTransferCreateHandle  fsl_i2c.o
    0x0000c550   0x0000c550   0x000000ac   Code   RO         1453    i.I2C_MasterTransferHandleIRQ  fsl_i2c.o
    0x0000c5fc   0x0000c5fc   0x00000088   Code   RO         1454    i.I2C_MasterTransferNonBlocking  fsl_i2c.o
    0x0000c684   0x0000c684   0x00000174   Code   RO         1455    i.I2C_MasterTransferRunStateMachine  fsl_i2c.o
    0x0000c7f8   0x0000c7f8   0x00000092   Code   RO         1456    i.I2C_MasterWriteBlocking  fsl_i2c.o
    0x0000c88a   0x0000c88a   0x00000002   PAD
    0x0000c88c   0x0000c88c   0x0000007c   Code   RO         1457    i.I2C_ReadEepromByte  fsl_i2c.o
    0x0000c908   0x0000c908   0x00000048   Code   RO         1469    i.I2C_TransferCommonIRQHandler  fsl_i2c.o
    0x0000c950   0x0000c950   0x00000078   Code   RO         1470    i.I2C_WriteAccelReg  fsl_i2c.o
    0x0000c9c8   0x0000c9c8   0x0000003c   Code   RO         1471    i.I2C_Write_polling  fsl_i2c.o
    0x0000ca04   0x0000ca04   0x00000084   Code   RO         8202    i.Network_Init      dhcp_api.o
    0x0000ca88   0x0000ca88   0x00000044   Code   RO         7722    i.OLED_Set_Pos      sensor.o
    0x0000cacc   0x0000cacc   0x000000a8   Code   RO         7723    i.OLED_ShowChar     sensor.o
    0x0000cb74   0x0000cb74   0x00000034   Code   RO         7724    i.OLED_ShowStr      sensor.o
    0x0000cba8   0x0000cba8   0x000000c4   Code   RO         7725    i.OLED_Welcome      sensor.o
    0x0000cc6c   0x0000cc6c   0x00000060   Code   RO         7726    i.OLED_init         sensor.o
    0x0000cccc   0x0000cccc   0x00000320   Code   RO         8646    i.OTAInit           ota_api.o
    0x0000cfec   0x0000cfec   0x0000029c   Code   RO         8361    i.OTAUpdate         network_thread.o
    0x0000d288   0x0000d288   0x00000078   Code   RO          201    i.PHY_GetLinkSpeedDuplex  fsl_phy.o
    0x0000d300   0x0000d300   0x00000054   Code   RO          202    i.PHY_GetLinkStatus  fsl_phy.o
    0x0000d354   0x0000d354   0x000000b0   Code   RO          203    i.PHY_Init          fsl_phy.o
    0x0000d404   0x0000d404   0x00000080   Code   RO          204    i.PHY_Read          fsl_phy.o
    0x0000d484   0x0000d484   0x00000058   Code   RO          205    i.PHY_Write         fsl_phy.o
    0x0000d4dc   0x0000d4dc   0x00000090   Code   RO         8092    i.PORTC_IRQHandler  gpio_api.o
    0x0000d56c   0x0000d56c   0x00000058   Code   RO          301    i.PORT_SetPinConfig  pin_mux.o
    0x0000d5c4   0x0000d5c4   0x00000054   Code   RO         1472    i.PORT_SetPinConfig  fsl_i2c.o
    0x0000d618   0x0000d618   0x0000000e   Code   RO         8093    i.PORT_SetPinInterruptConfig  gpio_api.o
    0x0000d626   0x0000d626   0x0000000e   Code   RO          302    i.PORT_SetPinMux    pin_mux.o
    0x0000d634   0x0000d634   0x00000020   Code   RO         7727    i.RGB_Init          sensor.o
    0x0000d654   0x0000d654   0x00000044   Code   RO         7728    i.RGB_Run           sensor.o
    0x0000d698   0x0000d698   0x00000020   Code   RO         7729    i.RGB_Show          sensor.o
    0x0000d6b8   0x0000d6b8   0x00000010   Code   RO         7730    i.SPL06001_Init     sensor.o
    0x0000d6c8   0x0000d6c8   0x00000008   Code   RO         7731    i.SPL06001_Run      sensor.o
    0x0000d6d0   0x0000d6d0   0x00000030   Code   RO         7732    i.SPL06001_Show     sensor.o
    0x0000d700   0x0000d700   0x00000080   Code   RO         7733    i.SPL06_001_Value   sensor.o
    0x0000d780   0x0000d780   0x00000030   Code   RO         7734    i.SPL06_001_init    sensor.o
    0x0000d7b0   0x0000d7b0   0x00000034   Code   RO         7210    i.SysTick_Handler   port.o
    0x0000d7e4   0x0000d7e4   0x0000002c   Code   RO         2341    i.SystemInit        system_mk64f12.o
    0x0000d810   0x0000d810   0x0000001c   Code   RO         1167    i.UART0_DriverIRQHandler  fsl_uart.o
    0x0000d82c   0x0000d82c   0x00000008   Code   RO         1168    i.UART0_RX_TX_DriverIRQHandler  fsl_uart.o
    0x0000d834   0x0000d834   0x0000001c   Code   RO         1169    i.UART1_DriverIRQHandler  fsl_uart.o
    0x0000d850   0x0000d850   0x00000008   Code   RO         1170    i.UART1_RX_TX_DriverIRQHandler  fsl_uart.o
    0x0000d858   0x0000d858   0x0000001c   Code   RO         1171    i.UART2_DriverIRQHandler  fsl_uart.o
    0x0000d874   0x0000d874   0x00000008   Code   RO         1172    i.UART2_RX_TX_DriverIRQHandler  fsl_uart.o
    0x0000d87c   0x0000d87c   0x0000001c   Code   RO         1173    i.UART3_DriverIRQHandler  fsl_uart.o
    0x0000d898   0x0000d898   0x00000008   Code   RO         1174    i.UART3_RX_TX_DriverIRQHandler  fsl_uart.o
    0x0000d8a0   0x0000d8a0   0x0000001c   Code   RO         1175    i.UART4_DriverIRQHandler  fsl_uart.o
    0x0000d8bc   0x0000d8bc   0x00000008   Code   RO         1176    i.UART4_RX_TX_DriverIRQHandler  fsl_uart.o
    0x0000d8c4   0x0000d8c4   0x0000001c   Code   RO         1177    i.UART5_DriverIRQHandler  fsl_uart.o
    0x0000d8e0   0x0000d8e0   0x00000008   Code   RO         1178    i.UART5_RX_TX_DriverIRQHandler  fsl_uart.o
    0x0000d8e8   0x0000d8e8   0x0000005c   Code   RO         1183    i.UART_GetDefaultConfig  fsl_uart.o
    0x0000d944   0x0000d944   0x00000078   Code   RO         1185    i.UART_GetInstance  fsl_uart.o
    0x0000d9bc   0x0000d9bc   0x00000018   Code   RO         1186    i.UART_GetStatusFlags  fsl_uart.o
    0x0000d9d4   0x0000d9d4   0x000002a8   Code   RO         1187    i.UART_Init         fsl_uart.o
    0x0000dc7c   0x0000dc7c   0x0000009c   Code   RO         1188    i.UART_ReadBlocking  fsl_uart.o
    0x0000dd18   0x0000dd18   0x00000020   Code   RO         1204    i.UART_WriteBlocking  fsl_uart.o
    0x0000dd38   0x0000dd38   0x00000014   Code   RO         7735    i.VEML6030_Init     sensor.o
    0x0000dd4c   0x0000dd4c   0x000000a0   Code   RO         7736    i.VEML6030_Run      sensor.o
    0x0000ddec   0x0000ddec   0x0000002c   Code   RO         7737    i.VEML6030_Show     sensor.o
    0x0000de18   0x0000de18   0x00000014   Code   RO         7738    i.VEML6075_Init     sensor.o
    0x0000de2c   0x0000de2c   0x000000c0   Code   RO         7739    i.VEML6075_Run      sensor.o
    0x0000deec   0x0000deec   0x00000040   Code   RO         7740    i.VEML6075_Show     sensor.o
    0x0000df2c   0x0000df2c   0x00000114   Code   RO         7281    i._Z10parse_hex4PKc  cjson.o
    0x0000e040   0x0000e040   0x000000ae   Code   RO         7282    i._Z11parse_arrayP5cJSONPKcPS2_  cjson.o
    0x0000e0ee   0x0000e0ee   0x00000002   PAD
    0x0000e0f0   0x0000e0f0   0x000000c0   Code   RO         7283    i._Z11parse_valueP5cJSONPKcPS2_  cjson.o
    0x0000e1b0   0x0000e1b0   0x000001c8   Code   RO         7287    i._Z12parse_numberP5cJSONPKc  cjson.o
    0x0000e378   0x0000e378   0x00000116   Code   RO         7288    i._Z12parse_objectP5cJSONPKcPS2_  cjson.o
    0x0000e48e   0x0000e48e   0x00000002   PAD
    0x0000e490   0x0000e490   0x0000020c   Code   RO         7289    i._Z12parse_stringP5cJSONPKcPS2_  cjson.o
    0x0000e69c   0x0000e69c   0x00000020   Code   RO         7294    i._Z14cJSON_New_Itemv  cjson.o
    0x0000e6bc   0x0000e6bc   0x0000004c   Code   RO         7295    i._Z16cJSON_strcasecmpPKcS0_  cjson.o
    0x0000e708   0x0000e708   0x00000012   Code   RO         7298    i._Z4skipPKc        cjson.o
    0x0000e71a   0x0000e71a   0x00000002   PAD
    0x0000e71c   0x0000e71c   0x00000020   Code   RO         9026    i.__0printf         mc_w.l(printfa.o)
    0x0000e73c   0x0000e73c   0x00000028   Code   RO         9028    i.__0sprintf        mc_w.l(printfa.o)
    0x0000e764   0x0000e764   0x00000030   Code   RO         9110    i.__ARM_fpclassify  m_wm.l(fpclassify.o)
    0x0000e794   0x0000e794   0x00000028   Code   RO         2389    i.__NVIC_SetPriority  ethernetif.o
    0x0000e7bc   0x0000e7bc   0x00000040   Code   RO         8647    i.__NVIC_SystemReset  ota_api.o
    0x0000e7fc   0x0000e7fc   0x00000044   Code   RO          769    i.__aeabi_assert    fsl_common.o
    0x0000e840   0x0000e840   0x00000050   Code   RO         9054    i.__free$2region    mc_w.l(malloc2.o)
    0x0000e890   0x0000e890   0x00000c50   Code   RO         8758    i.__hardfp_pow      m_wm.l(pow.o)
    0x0000f4e0   0x0000f4e0   0x000000f8   Code   RO         9112    i.__kernel_poly     m_wm.l(poly.o)
    0x0000f5d8   0x0000f5d8   0x0000006c   Code   RO         9055    i.__malloc$2region  mc_w.l(malloc2.o)
    0x0000f644   0x0000f644   0x00000004   PAD
    0x0000f648   0x0000f648   0x00000030   Code   RO         9096    i.__mathlib_dbl_divzero  m_wm.l(dunder.o)
    0x0000f678   0x0000f678   0x00000014   Code   RO         9098    i.__mathlib_dbl_infnan2  m_wm.l(dunder.o)
    0x0000f68c   0x0000f68c   0x00000004   PAD
    0x0000f690   0x0000f690   0x00000020   Code   RO         9099    i.__mathlib_dbl_invalid  m_wm.l(dunder.o)
    0x0000f6b0   0x0000f6b0   0x00000020   Code   RO         9100    i.__mathlib_dbl_overflow  m_wm.l(dunder.o)
    0x0000f6d0   0x0000f6d0   0x00000020   Code   RO         9102    i.__mathlib_dbl_underflow  m_wm.l(dunder.o)
    0x0000f6f0   0x0000f6f0   0x0000000e   Code   RO         9177    i.__scatterload_copy  mc_w.l(handlers.o)
    0x0000f6fe   0x0000f6fe   0x00000002   Code   RO         9178    i.__scatterload_null  mc_w.l(handlers.o)
    0x0000f700   0x0000f700   0x0000000e   Code   RO         9179    i.__scatterload_zeroinit  mc_w.l(handlers.o)
    0x0000f70e   0x0000f70e   0x00000002   PAD
    0x0000f710   0x0000f710   0x0000000c   Code   RO         9155    i.__set_errno       mc_w.l(errno.o)
    0x0000f71c   0x0000f71c   0x00000184   Code   RO         9033    i._fp_digits        mc_w.l(printfa.o)
    0x0000f8a0   0x0000f8a0   0x000006dc   Code   RO         9034    i._printf_core      mc_w.l(printfa.o)
    0x0000ff7c   0x0000ff7c   0x00000024   Code   RO         9035    i._printf_post_padding  mc_w.l(printfa.o)
    0x0000ffa0   0x0000ffa0   0x0000002e   Code   RO         9036    i._printf_pre_padding  mc_w.l(printfa.o)
    0x0000ffce   0x0000ffce   0x0000000a   Code   RO         9038    i._sputc            mc_w.l(printfa.o)
    0x0000ffd8   0x0000ffd8   0x000000a4   Code   RO         8271    i.adc_init          adc_api.o
    0x0001007c   0x0001007c   0x00000060   Code   RO         8472    i.apiHandle         workhandle.o
    0x000100dc   0x000100dc   0x000000a4   Code   RO         8473    i.api_AUTH_Handle   workhandle.o
    0x00010180   0x00010180   0x00000002   Code   RO         8474    i.api_HeartPack_Handle  workhandle.o
    0x00010182   0x00010182   0x00000002   PAD
    0x00010184   0x00010184   0x000000e8   Code   RO         8475    i.api_OTA_Handle    workhandle.o
    0x0001026c   0x0001026c   0x00000064   Code   RO         8476    i.api_PushDevice_Handle  workhandle.o
    0x000102d0   0x000102d0   0x00000058   Code   RO         7319    i.cJSON_Delete      cjson.o
    0x00010328   0x00010328   0x0000001a   Code   RO         7325    i.cJSON_GetArrayItem  cjson.o
    0x00010342   0x00010342   0x00000012   Code   RO         7326    i.cJSON_GetArraySize  cjson.o
    0x00010354   0x00010354   0x00000026   Code   RO         7328    i.cJSON_GetObjectItem  cjson.o
    0x0001037a   0x0001037a   0x00000010   Code   RO         7333    i.cJSON_Parse       cjson.o
    0x0001038a   0x0001038a   0x00000002   PAD
    0x0001038c   0x0001038c   0x00000070   Code   RO         7334    i.cJSON_ParseWithOpts  cjson.o
    0x000103fc   0x000103fc   0x0000003e   Code   RO         8606    i.calculateBinSize  calculatebinsize.o
    0x0001043a   0x0001043a   0x00000022   Code   RO         8710    i.calculate_crc16   crc16.o
    0x0001045c   0x0001045c   0x000001d8   Code   RO         8362    i.connect_thread    network_thread.o
    0x00010634   0x00010634   0x00000020   Code   RO         2051    i.copy_flash_common_bit_operation  fsl_flash.o
    0x00010654   0x00010654   0x00000020   Code   RO         2052    i.copy_flash_run_command  fsl_flash.o
    0x00010674   0x00010674   0x0000001c   Code   RO         4826    i.cyclic_timer      timeouts.o
    0x00010690   0x00010690   0x00000020   Code   RO         8588    i.delay_30ms        delay.o
    0x000106b0   0x000106b0   0x00000050   Code   RO         5051    i.dhcp_arp_reply    dhcp.o
    0x00010700   0x00010700   0x00000164   Code   RO         5052    i.dhcp_bind         dhcp.o
    0x00010864   0x00010864   0x0000004c   Code   RO         5053    i.dhcp_check        dhcp.o
    0x000108b0   0x000108b0   0x00000078   Code   RO         5055    i.dhcp_coarse_tmr   dhcp.o
    0x00010928   0x00010928   0x0000025c   Code   RO         5056    i.dhcp_create_msg   dhcp.o
    0x00010b84   0x00010b84   0x00000060   Code   RO         5057    i.dhcp_dec_pcb_refcount  dhcp.o
    0x00010be4   0x00010be4   0x000000a8   Code   RO         5058    i.dhcp_decline      dhcp.o
    0x00010c8c   0x00010c8c   0x000000b4   Code   RO         5059    i.dhcp_delete_msg   dhcp.o
    0x00010d40   0x00010d40   0x000000f4   Code   RO         5060    i.dhcp_discover     dhcp.o
    0x00010e34   0x00010e34   0x00000048   Code   RO         5061    i.dhcp_fine_tmr     dhcp.o
    0x00010e7c   0x00010e7c   0x00000080   Code   RO         5062    i.dhcp_handle_ack   dhcp.o
    0x00010efc   0x00010efc   0x0000002c   Code   RO         5063    i.dhcp_handle_nak   dhcp.o
    0x00010f28   0x00010f28   0x00000040   Code   RO         5064    i.dhcp_handle_offer  dhcp.o
    0x00010f68   0x00010f68   0x000000a8   Code   RO         5065    i.dhcp_inc_pcb_refcount  dhcp.o
    0x00011010   0x00011010   0x0000003c   Code   RO         5068    i.dhcp_option       dhcp.o
    0x0001104c   0x0001104c   0x00000060   Code   RO         5069    i.dhcp_option_byte  dhcp.o
    0x000110ac   0x000110ac   0x00000094   Code   RO         5070    i.dhcp_option_long  dhcp.o
    0x00011140   0x00011140   0x00000038   Code   RO         5071    i.dhcp_option_short  dhcp.o
    0x00011178   0x00011178   0x000000f8   Code   RO         5072    i.dhcp_option_trailer  dhcp.o
    0x00011270   0x00011270   0x00000418   Code   RO         5073    i.dhcp_parse_reply  dhcp.o
    0x00011688   0x00011688   0x000000d0   Code   RO         5074    i.dhcp_rebind       dhcp.o
    0x00011758   0x00011758   0x000000ec   Code   RO         5075    i.dhcp_reboot       dhcp.o
    0x00011844   0x00011844   0x00000184   Code   RO         5076    i.dhcp_recv         dhcp.o
    0x000119c8   0x000119c8   0x000000b8   Code   RO         5077    i.dhcp_release      dhcp.o
    0x00011a80   0x00011a80   0x000000d0   Code   RO         5078    i.dhcp_renew        dhcp.o
    0x00011b50   0x00011b50   0x00000114   Code   RO         5079    i.dhcp_select       dhcp.o
    0x00011c64   0x00011c64   0x00000010   Code   RO         5080    i.dhcp_set_state    dhcp.o
    0x00011c74   0x00011c74   0x00000128   Code   RO         5082    i.dhcp_start        dhcp.o
    0x00011d9c   0x00011d9c   0x00000070   Code   RO         5083    i.dhcp_stop         dhcp.o
    0x00011e0c   0x00011e0c   0x00000020   Code   RO         5084    i.dhcp_supplied_address  dhcp.o
    0x00011e2c   0x00011e2c   0x00000050   Code   RO         5085    i.dhcp_t1_timeout   dhcp.o
    0x00011e7c   0x00011e7c   0x00000056   Code   RO         5086    i.dhcp_t2_timeout   dhcp.o
    0x00011ed2   0x00011ed2   0x00000088   Code   RO         5087    i.dhcp_timeout      dhcp.o
    0x00011f5a   0x00011f5a   0x00000002   PAD
    0x00011f5c   0x00011f5c   0x00000054   Code   RO         3924    i.do_memp_free_pool  memp.o
    0x00011fb0   0x00011fb0   0x00000064   Code   RO         3925    i.do_memp_malloc_pool  memp.o
    0x00012014   0x00012014   0x0000016c   Code   RO         2390    i.enet_init         ethernetif.o
    0x00012180   0x00012180   0x0000003c   Code   RO         8312    i.erase_sector      flash_api.o
    0x000121bc   0x000121bc   0x000001ac   Code   RO         2985    i.err_tcp           api_msg.o
    0x00012368   0x00012368   0x00000038   Code   RO         8313    i.error_trap        flash_api.o
    0x000123a0   0x000123a0   0x00000154   Code   RO         5271    i.etharp_arp_input  etharp.o
    0x000124f4   0x000124f4   0x00000260   Code   RO         5274    i.etharp_find_entry  etharp.o
    0x00012754   0x00012754   0x00000078   Code   RO         5275    i.etharp_free_entry  etharp.o
    0x000127cc   0x000127cc   0x00000188   Code   RO         5277    i.etharp_output     etharp.o
    0x00012954   0x00012954   0x000000f8   Code   RO         5278    i.etharp_output_to_arp_index  etharp.o
    0x00012a4c   0x00012a4c   0x00000214   Code   RO         5279    i.etharp_query      etharp.o
    0x00012c60   0x00012c60   0x00000124   Code   RO         5280    i.etharp_raw        etharp.o
    0x00012d84   0x00012d84   0x0000001c   Code   RO         5281    i.etharp_request    etharp.o
    0x00012da0   0x00012da0   0x0000002c   Code   RO         5282    i.etharp_request_dst  etharp.o
    0x00012dcc   0x00012dcc   0x00000050   Code   RO         5283    i.etharp_send_ip    etharp.o
    0x00012e1c   0x00012e1c   0x000000e4   Code   RO         5284    i.etharp_tmr        etharp.o
    0x00012f00   0x00012f00   0x000000f8   Code   RO         5285    i.etharp_update_arp_entry  etharp.o
    0x00012ff8   0x00012ff8   0x00000064   Code   RO         2391    i.ethernet_callback  ethernetif.o
    0x0001305c   0x0001305c   0x000000c4   Code   RO         5790    i.ethernet_input    ethernet.o
    0x00013120   0x00013120   0x00000038   Code   RO         2392    i.ethernetif0_init  ethernetif.o
    0x00013158   0x00013158   0x000000b0   Code   RO         2393    i.ethernetif_init   ethernetif.o
    0x00013208   0x00013208   0x00000044   Code   RO         2394    i.ethernetif_input  ethernetif.o
    0x0001324c   0x0001324c   0x00000018   Code   RO         8748    i.fabs              m_wm.l(fabs.o)
    0x00013264   0x00013264   0x00000040   Code   RO         2053    i.flash_cache_clear  fsl_flash.o
    0x000132a4   0x000132a4   0x0000001c   Code   RO         2054    i.flash_check_execute_in_ram_function_info  fsl_flash.o
    0x000132c0   0x000132c0   0x00000034   Code   RO         2055    i.flash_check_range  fsl_flash.o
    0x000132f4   0x000132f4   0x00000014   Code   RO         2058    i.flash_check_user_key  fsl_flash.o
    0x00013308   0x00013308   0x00000050   Code   RO         2059    i.flash_command_sequence  fsl_flash.o
    0x00013358   0x00013358   0x00000040   Code   RO         2060    i.flash_get_matched_operation_info  fsl_flash.o
    0x00013398   0x00013398   0x000000bc   Code   RO         8314    i.flash_init        flash_api.o
    0x00013454   0x00013454   0x00000024   Code   RO         2268    i.fputc             fsl_debug_console.o
    0x00013478   0x00013478   0x000000a0   Code   RO         8158    i.ftm_init          ftm_api.o
    0x00013518   0x00013518   0x00000040   Code   RO         8619    i.getMAC            getmac.o
    0x00013558   0x00013558   0x00000030   Code   RO         2395    i.get_enet_base     ethernetif.o
    0x00013588   0x00013588   0x00000074   Code   RO         8094    i.gpio_init         gpio_api.o
    0x000135fc   0x000135fc   0x00000060   Code   RO         8443    i.heartBeat_thread  heartbeat_thread.o
    0x0001365c   0x0001365c   0x0000004c   Code   RO         8045    i.i2c_init          i2c_api.o
    0x000136a8   0x000136a8   0x00000028   Code   RO         1473    i.i2c_master_callback  fsl_i2c.o
    0x000136d0   0x000136d0   0x00000010   Code   RO         1474    i.i2c_release_bus_delay  fsl_i2c.o
    0x000136e0   0x000136e0   0x00000012   Code   RO         5376    i.icmp_dest_unreach  icmp.o
    0x000136f2   0x000136f2   0x00000002   PAD
    0x000136f4   0x000136f4   0x00000274   Code   RO         5377    i.icmp_input        icmp.o
    0x00013968   0x00013968   0x000000bc   Code   RO         5378    i.icmp_send_response  icmp.o
    0x00013a24   0x00013a24   0x00000012   Code   RO         5379    i.icmp_time_exceeded  icmp.o
    0x00013a36   0x00013a36   0x00000014   Code   RO         3717    i.inet_chksum       inet_chksum.o
    0x00013a4a   0x00013a4a   0x00000052   Code   RO         3718    i.inet_chksum_pbuf  inet_chksum.o
    0x00013a9c   0x00013a9c   0x0000004c   Code   RO         3719    i.inet_chksum_pseudo  inet_chksum.o
    0x00013ae8   0x00013ae8   0x00000086   Code   RO         3721    i.inet_cksum_pseudo_base  inet_chksum.o
    0x00013b6e   0x00013b6e   0x0000004e   Code   RO         5485    i.ip4_addr_isbroadcast_u32  ip4_addr.o
    0x00013bbc   0x00013bbc   0x000001d0   Code   RO         5550    i.ip4_frag          ip4_frag.o
    0x00013d8c   0x00013d8c   0x00000248   Code   RO         5435    i.ip4_input         ip4.o
    0x00013fd4   0x00013fd4   0x00000036   Code   RO         5437    i.ip4_output_if     ip4.o
    0x0001400a   0x0001400a   0x00000002   PAD
    0x0001400c   0x0001400c   0x00000168   Code   RO         5438    i.ip4_output_if_src  ip4.o
    0x00014174   0x00014174   0x000001c4   Code   RO         5551    i.ip4_reass         ip4_frag.o
    0x00014338   0x00014338   0x00000094   Code   RO         5439    i.ip4_route         ip4.o
    0x000143cc   0x000143cc   0x00000024   Code   RO         3723    i.ip_chksum_pseudo  inet_chksum.o
    0x000143f0   0x000143f0   0x0000000a   Code   RO         5552    i.ip_frag_alloc_pbuf_custom_ref  ip4_frag.o
    0x000143fa   0x000143fa   0x00000002   PAD
    0x000143fc   0x000143fc   0x00000028   Code   RO         5553    i.ip_frag_free_pbuf_custom_ref  ip4_frag.o
    0x00014424   0x00014424   0x00000270   Code   RO         5554    i.ip_reass_chain_frag_into_datagram_and_validate  ip4_frag.o
    0x00014694   0x00014694   0x00000050   Code   RO         5555    i.ip_reass_dequeue_datagram  ip4_frag.o
    0x000146e4   0x000146e4   0x00000058   Code   RO         5556    i.ip_reass_enqueue_new_datagram  ip4_frag.o
    0x0001473c   0x0001473c   0x00000140   Code   RO         5557    i.ip_reass_free_complete_datagram  ip4_frag.o
    0x0001487c   0x0001487c   0x00000088   Code   RO         5558    i.ip_reass_remove_oldest_datagram  ip4_frag.o
    0x00014904   0x00014904   0x0000003c   Code   RO         5559    i.ip_reass_tmr      ip4_frag.o
    0x00014940   0x00014940   0x0000004c   Code   RO         5560    i.ipfrag_free_pbuf_custom  ip4_frag.o
    0x0001498c   0x0001498c   0x00000040   Code   RO         2396    i.low_level_init    ethernetif.o
    0x000149cc   0x000149cc   0x00000066   Code   RO         2397    i.low_level_input   ethernetif.o
    0x00014a32   0x00014a32   0x00000002   PAD
    0x00014a34   0x00014a34   0x000000c0   Code   RO         2398    i.low_level_output  ethernetif.o
    0x00014af4   0x00014af4   0x0000001a   Code   RO         3657    i.lwip_htonl        def.o
    0x00014b0e   0x00014b0e   0x0000000c   Code   RO         3658    i.lwip_htons        def.o
    0x00014b1a   0x00014b1a   0x00000020   Code   RO         3790    i.lwip_init         init.o
    0x00014b3a   0x00014b3a   0x00000002   PAD
    0x00014b3c   0x00014b3c   0x0000010c   Code   RO         2988    i.lwip_netconn_do_close  api_msg.o
    0x00014c48   0x00014c48   0x000002cc   Code   RO         2989    i.lwip_netconn_do_close_internal  api_msg.o
    0x00014f14   0x00014f14   0x00000158   Code   RO         2990    i.lwip_netconn_do_connect  api_msg.o
    0x0001506c   0x0001506c   0x0000015c   Code   RO         2991    i.lwip_netconn_do_connected  api_msg.o
    0x000151c8   0x000151c8   0x000001c0   Code   RO         2992    i.lwip_netconn_do_delconn  api_msg.o
    0x00015388   0x00015388   0x00000040   Code   RO         2996    i.lwip_netconn_do_newconn  api_msg.o
    0x000153c8   0x000153c8   0x00000070   Code   RO         2997    i.lwip_netconn_do_recv  api_msg.o
    0x00015438   0x00015438   0x00000128   Code   RO         2999    i.lwip_netconn_do_write  api_msg.o
    0x00015560   0x00015560   0x000002c8   Code   RO         3000    i.lwip_netconn_do_writemore  api_msg.o
    0x00015828   0x00015828   0x0000000c   Code   RO         3659    i.lwip_ntohl        def.o
    0x00015834   0x00015834   0x0000000c   Code   RO         3660    i.lwip_ntohs        def.o
    0x00015840   0x00015840   0x0000005e   Code   RO         3725    i.lwip_standard_chksum  inet_chksum.o
    0x0001589e   0x0001589e   0x00000002   PAD
    0x000158a0   0x000158a0   0x000001bc   Code   RO            7    i.main              btc_api.o
    0x00015a5c   0x00015a5c   0x00000026   Code   RO         7973    i.md5Calculate      md5.o
    0x00015a82   0x00015a82   0x00000032   Code   RO         7974    i.md5Decode         md5.o
    0x00015ab4   0x00015ab4   0x0000003e   Code   RO         7975    i.md5Encode         md5.o
    0x00015af2   0x00015af2   0x00000002   PAD
    0x00015af4   0x00015af4   0x00000054   Code   RO         7976    i.md5Final          md5.o
    0x00015b48   0x00015b48   0x00000024   Code   RO         7977    i.md5Init           md5.o
    0x00015b6c   0x00015b6c   0x000007d4   Code   RO         7978    i.md5Transform      md5.o
    0x00016340   0x00016340   0x0000008c   Code   RO         7979    i.md5Update         md5.o
    0x000163cc   0x000163cc   0x000000f0   Code   RO         3868    i.mem_free          mem.o
    0x000164bc   0x000164bc   0x00000090   Code   RO         3869    i.mem_init          mem.o
    0x0001654c   0x0001654c   0x00000204   Code   RO         3870    i.mem_malloc        mem.o
    0x00016750   0x00016750   0x00000180   Code   RO         3871    i.mem_trim          mem.o
    0x000168d0   0x000168d0   0x00000048   Code   RO         3926    i.memp_free         memp.o
    0x00016918   0x00016918   0x00000020   Code   RO         3928    i.memp_init         memp.o
    0x00016938   0x00016938   0x0000002c   Code   RO         3929    i.memp_init_pool    memp.o
    0x00016964   0x00016964   0x0000004c   Code   RO         3930    i.memp_malloc       memp.o
    0x000169b0   0x000169b0   0x000000b0   Code   RO         3197    i.netbuf_data       netbuf.o
    0x00016a60   0x00016a60   0x00000020   Code   RO         3198    i.netbuf_delete     netbuf.o
    0x00016a80   0x00016a80   0x000000b8   Code   RO         3001    i.netconn_alloc     api_msg.o
    0x00016b38   0x00016b38   0x00000026   Code   RO         2775    i.netconn_apimsg    api_lib.o
    0x00016b5e   0x00016b5e   0x00000002   PAD
    0x00016b60   0x00016b60   0x00000058   Code   RO         2778    i.netconn_close_shutdown  api_lib.o
    0x00016bb8   0x00016bb8   0x00000060   Code   RO         2779    i.netconn_connect   api_lib.o
    0x00016c18   0x00016c18   0x00000034   Code   RO         2780    i.netconn_delete    api_lib.o
    0x00016c4c   0x00016c4c   0x000000a2   Code   RO         3002    i.netconn_drain     api_msg.o
    0x00016cee   0x00016cee   0x00000002   PAD
    0x00016cf0   0x00016cf0   0x000000fc   Code   RO         3003    i.netconn_free      api_msg.o
    0x00016dec   0x00016dec   0x00000128   Code   RO         2784    i.netconn_new_with_proto_and_callback  api_lib.o
    0x00016f14   0x00016f14   0x000000d8   Code   RO         2785    i.netconn_recv      api_lib.o
    0x00016fec   0x00016fec   0x00000188   Code   RO         2786    i.netconn_recv_data  api_lib.o
    0x00017174   0x00017174   0x000000e0   Code   RO         2791    i.netconn_write_partly  api_lib.o
    0x00017254   0x00017254   0x000000b4   Code   RO         4016    i.netif_add         netif.o
    0x00017308   0x00017308   0x00000002   Code   RO         4018    i.netif_init        netif.o
    0x0001730a   0x0001730a   0x00000024   Code   RO         4020    i.netif_issue_reports  netif.o
    0x0001732e   0x0001732e   0x00000048   Code   RO         4022    i.netif_set_addr    netif.o
    0x00017376   0x00017376   0x00000002   PAD
    0x00017378   0x00017378   0x00000010   Code   RO         4023    i.netif_set_default  netif.o
    0x00017388   0x00017388   0x00000010   Code   RO         4025    i.netif_set_gw      netif.o
    0x00017398   0x00017398   0x00000054   Code   RO         4026    i.netif_set_ipaddr  netif.o
    0x000173ec   0x000173ec   0x00000010   Code   RO         4029    i.netif_set_netmask  netif.o
    0x000173fc   0x000173fc   0x0000002c   Code   RO         4030    i.netif_set_up      netif.o
    0x00017428   0x00017428   0x0000005c   Code   RO         8560    i.oneSecondTimer_thread  onesecondtimer_thread.o
    0x00017484   0x00017484   0x000002b0   Code   RO         8363    i.parseBincodeBuffer  network_thread.o
    0x00017734   0x00017734   0x00000240   Code   RO         8364    i.parseRecvMsgInfo  network_thread.o
    0x00017974   0x00017974   0x0000035c   Code   RO         4139    i.pbuf_alloc        pbuf.o
    0x00017cd0   0x00017cd0   0x000000b0   Code   RO         4140    i.pbuf_alloced_custom  pbuf.o
    0x00017d80   0x00017d80   0x000000d0   Code   RO         4141    i.pbuf_cat          pbuf.o
    0x00017e50   0x00017e50   0x0000001a   Code   RO         4142    i.pbuf_chain        pbuf.o
    0x00017e6a   0x00017e6a   0x00000012   Code   RO         4143    i.pbuf_clen         pbuf.o
    0x00017e7c   0x00017e7c   0x00000198   Code   RO         4145    i.pbuf_copy         pbuf.o
    0x00018014   0x00018014   0x000000e4   Code   RO         4146    i.pbuf_copy_partial  pbuf.o
    0x000180f8   0x000180f8   0x00000140   Code   RO         4148    i.pbuf_free         pbuf.o
    0x00018238   0x00018238   0x00000012   Code   RO         4150    i.pbuf_header       pbuf.o
    0x0001824a   0x0001824a   0x00000012   Code   RO         4151    i.pbuf_header_force  pbuf.o
    0x0001825c   0x0001825c   0x000000f4   Code   RO         4152    i.pbuf_header_impl  pbuf.o
    0x00018350   0x00018350   0x00000140   Code   RO         4156    i.pbuf_realloc      pbuf.o
    0x00018490   0x00018490   0x0000001a   Code   RO         4157    i.pbuf_ref          pbuf.o
    0x000184aa   0x000184aa   0x00000002   PAD
    0x000184ac   0x000184ac   0x000000a0   Code   RO         3004    i.pcb_new           api_msg.o
    0x0001854c   0x0001854c   0x0000013c   Code   RO         3872    i.plug_holes        mem.o
    0x00018688   0x00018688   0x0000009c   Code   RO         3005    i.poll_tcp          api_msg.o
    0x00018724   0x00018724   0x00000080   Code   RO         8315    i.program_flash     flash_api.o
    0x000187a4   0x000187a4   0x00000098   Code   RO         6681    i.prvAddCurrentTaskToDelayedList  tasks.o
    0x0001883c   0x0001883c   0x000000b8   Code   RO         6682    i.prvAddNewTaskToReadyList  tasks.o
    0x000188f4   0x000188f4   0x00000064   Code   RO         7033    i.prvCheckForValidListAndQueue  timers.o
    0x00018958   0x00018958   0x00000064   Code   RO         6683    i.prvCheckTasksWaitingTermination  tasks.o
    0x000189bc   0x000189bc   0x0000002a   Code   RO         6486    i.prvCopyDataFromQueue  queue.o
    0x000189e6   0x000189e6   0x0000007c   Code   RO         6487    i.prvCopyDataToQueue  queue.o
    0x00018a62   0x00018a62   0x00000012   Code   RO         6684    i.prvDeleteTCB      tasks.o
    0x00018a74   0x00018a74   0x00000028   Code   RO         7034    i.prvGetNextExpireTime  timers.o
    0x00018a9c   0x00018a9c   0x00000028   Code   RO         6685    i.prvIdleTask       tasks.o
    0x00018ac4   0x00018ac4   0x0000001c   Code   RO         6488    i.prvInitialiseMutex  queue.o
    0x00018ae0   0x00018ae0   0x0000002a   Code   RO         6489    i.prvInitialiseNewQueue  queue.o
    0x00018b0a   0x00018b0a   0x000000b4   Code   RO         6686    i.prvInitialiseNewTask  tasks.o
    0x00018bbe   0x00018bbe   0x00000002   PAD
    0x00018bc0   0x00018bc0   0x00000068   Code   RO         6687    i.prvInitialiseTaskLists  tasks.o
    0x00018c28   0x00018c28   0x00000058   Code   RO         7036    i.prvInsertTimerInActiveList  timers.o
    0x00018c80   0x00018c80   0x0000001a   Code   RO         6490    i.prvIsQueueEmpty   queue.o
    0x00018c9a   0x00018c9a   0x0000001e   Code   RO         6491    i.prvIsQueueFull    queue.o
    0x00018cb8   0x00018cb8   0x00000064   Code   RO         7037    i.prvProcessExpiredTimer  timers.o
    0x00018d1c   0x00018d1c   0x00000124   Code   RO         7038    i.prvProcessReceivedCommands  timers.o
    0x00018e40   0x00018e40   0x00000074   Code   RO         7039    i.prvProcessTimerOrBlockTask  timers.o
    0x00018eb4   0x00018eb4   0x00000034   Code   RO         6689    i.prvResetNextTaskUnblockTime  tasks.o
    0x00018ee8   0x00018ee8   0x0000002c   Code   RO         7040    i.prvSampleTimeNow  timers.o
    0x00018f14   0x00018f14   0x000000a0   Code   RO         7041    i.prvSwitchTimerLists  timers.o
    0x00018fb4   0x00018fb4   0x00000040   Code   RO         7211    i.prvTaskExitError  port.o
    0x00018ff4   0x00018ff4   0x0000001e   Code   RO         6354    i.prvTestWaitCondition  event_groups.o
    0x00019012   0x00019012   0x0000001a   Code   RO         7042    i.prvTimerTask      timers.o
    0x0001902c   0x0001902c   0x0000007e   Code   RO         6492    i.prvUnlockQueue    queue.o
    0x000190aa   0x000190aa   0x00000018   Code   RO         7175    i.pvPortMalloc      heap_3.o
    0x000190c2   0x000190c2   0x00000002   PAD
    0x000190c4   0x000190c4   0x00000020   Code   RO         6693    i.pvTaskIncrementMutexHeldCount  tasks.o
    0x000190e4   0x000190e4   0x0000002c   Code   RO         7212    i.pxPortInitialiseStack  port.o
    0x00019110   0x00019110   0x00000098   Code   RO         8365    i.recvMsgHandle     network_thread.o
    0x000191a8   0x000191a8   0x0000011c   Code   RO         3006    i.recv_tcp          api_msg.o
    0x000192c4   0x000192c4   0x00000110   Code   RO         3007    i.recv_udp          api_msg.o
    0x000193d4   0x000193d4   0x00000028   Code   RO         7741    i.sensorInit        sensor.o
    0x000193fc   0x000193fc   0x00000084   Code   RO         3008    i.sent_tcp          api_msg.o
    0x00019480   0x00019480   0x00000044   Code   RO         3009    i.setup_tcp         api_msg.o
    0x000194c4   0x000194c4   0x00000060   Code   RO         8477    i.showUserDEF       workhandle.o
    0x00019524   0x00019524   0x00000170   Code   RO         7742    i.spl0601_get_calib_param  sensor.o
    0x00019694   0x00019694   0x000000f4   Code   RO         7743    i.spl0601_get_pressure  sensor.o
    0x00019788   0x00019788   0x0000005c   Code   RO         7744    i.spl0601_get_raw_pressure  sensor.o
    0x000197e4   0x000197e4   0x00000040   Code   RO         7747    i.spl0601_init      sensor.o
    0x00019824   0x00019824   0x000000b8   Code   RO         7748    i.spl0601_rateset   sensor.o
    0x000198dc   0x000198dc   0x0000006e   Code   RO         9117    i.sqrt              m_wm.l(sqrt.o)
    0x0001994a   0x0001994a   0x00000002   PAD
    0x0001994c   0x0001994c   0x00000378   Code   RO         8478    i.switchSensorModule  workhandle.o
    0x00019cc4   0x00019cc4   0x0000006e   Code   RO         2543    i.sys_arch_mbox_fetch  sys_arch.o
    0x00019d32   0x00019d32   0x00000026   Code   RO         2544    i.sys_arch_mbox_tryfetch  sys_arch.o
    0x00019d58   0x00019d58   0x00000030   Code   RO         2545    i.sys_arch_protect  sys_arch.o
    0x00019d88   0x00019d88   0x00000060   Code   RO         2546    i.sys_arch_sem_wait  sys_arch.o
    0x00019de8   0x00019de8   0x0000001c   Code   RO         2547    i.sys_arch_unprotect  sys_arch.o
    0x00019e04   0x00019e04   0x0000001c   Code   RO         2548    i.sys_assert        sys_arch.o
    0x00019e20   0x00019e20   0x0000007c   Code   RO         4827    i.sys_check_timeouts  timeouts.o
    0x00019e9c   0x00019e9c   0x00000002   Code   RO         2549    i.sys_init          sys_arch.o
    0x00019e9e   0x00019e9e   0x00000034   Code   RO         2550    i.sys_mbox_free     sys_arch.o
    0x00019ed2   0x00019ed2   0x00000020   Code   RO         2551    i.sys_mbox_new      sys_arch.o
    0x00019ef2   0x00019ef2   0x00000002   PAD
    0x00019ef4   0x00019ef4   0x00000070   Code   RO         2553    i.sys_mbox_trypost  sys_arch.o
    0x00019f64   0x00019f64   0x00000018   Code   RO         2555    i.sys_mutex_lock    sys_arch.o
    0x00019f7c   0x00019f7c   0x0000001a   Code   RO         2556    i.sys_mutex_new     sys_arch.o
    0x00019f96   0x00019f96   0x00000012   Code   RO         2557    i.sys_mutex_unlock  sys_arch.o
    0x00019fa8   0x00019fa8   0x00000008   Code   RO         2558    i.sys_now           sys_arch.o
    0x00019fb0   0x00019fb0   0x0000000c   Code   RO         2559    i.sys_sem_free      sys_arch.o
    0x00019fbc   0x00019fbc   0x0000003e   Code   RO         2560    i.sys_sem_new       sys_arch.o
    0x00019ffa   0x00019ffa   0x00000012   Code   RO         2561    i.sys_sem_signal    sys_arch.o
    0x0001a00c   0x0001a00c   0x00000038   Code   RO         2562    i.sys_thread_new    sys_arch.o
    0x0001a044   0x0001a044   0x00000120   Code   RO         4828    i.sys_timeout       timeouts.o
    0x0001a164   0x0001a164   0x00000034   Code   RO         4829    i.sys_timeouts_init  timeouts.o
    0x0001a198   0x0001a198   0x00000040   Code   RO         4830    i.sys_timeouts_mbox_fetch  timeouts.o
    0x0001a1d8   0x0001a1d8   0x00000038   Code   RO         4831    i.sys_timeouts_sleeptime  timeouts.o
    0x0001a210   0x0001a210   0x00000134   Code   RO         4354    i.tcp_abandon       tcp.o
    0x0001a344   0x0001a344   0x0000000e   Code   RO         4355    i.tcp_abort         tcp.o
    0x0001a352   0x0001a352   0x00000010   Code   RO         4356    i.tcp_accept        tcp.o
    0x0001a362   0x0001a362   0x00000002   PAD
    0x0001a364   0x0001a364   0x000000d4   Code   RO         4358    i.tcp_alloc         tcp.o
    0x0001a438   0x0001a438   0x00000006   Code   RO         4359    i.tcp_arg           tcp.o
    0x0001a43e   0x0001a43e   0x00000002   PAD
    0x0001a440   0x0001a440   0x00000064   Code   RO         4360    i.tcp_backlog_accepted  tcp.o
    0x0001a4a4   0x0001a4a4   0x00000020   Code   RO         4363    i.tcp_close         tcp.o
    0x0001a4c4   0x0001a4c4   0x000001e0   Code   RO         4364    i.tcp_close_shutdown  tcp.o
    0x0001a6a4   0x0001a6a4   0x00000188   Code   RO         4365    i.tcp_connect       tcp.o
    0x0001a82c   0x0001a82c   0x000000f0   Code   RO         4716    i.tcp_create_segment  tcp_out.o
    0x0001a91c   0x0001a91c   0x0000003a   Code   RO         4367    i.tcp_eff_send_mss_impl  tcp.o
    0x0001a956   0x0001a956   0x00000002   PAD
    0x0001a958   0x0001a958   0x0000020c   Code   RO         4717    i.tcp_enqueue_flags  tcp_out.o
    0x0001ab64   0x0001ab64   0x00000048   Code   RO         4368    i.tcp_err           tcp.o
    0x0001abac   0x0001abac   0x0000007c   Code   RO         4369    i.tcp_fasttmr       tcp.o
    0x0001ac28   0x0001ac28   0x00000058   Code   RO         4645    i.tcp_getoptbyte    tcp_in.o
    0x0001ac80   0x0001ac80   0x00000002   Code   RO         4370    i.tcp_init          tcp.o
    0x0001ac82   0x0001ac82   0x00000002   PAD
    0x0001ac84   0x0001ac84   0x00000718   Code   RO         4646    i.tcp_input         tcp_in.o
    0x0001b39c   0x0001b39c   0x0000008a   Code   RO         4718    i.tcp_keepalive     tcp_out.o
    0x0001b426   0x0001b426   0x00000002   PAD
    0x0001b428   0x0001b428   0x0000005c   Code   RO         4371    i.tcp_kill_prio     tcp.o
    0x0001b484   0x0001b484   0x00000070   Code   RO         4372    i.tcp_kill_state    tcp.o
    0x0001b4f4   0x0001b4f4   0x00000040   Code   RO         4373    i.tcp_kill_timewait  tcp.o
    0x0001b534   0x0001b534   0x00000064   Code   RO         4374    i.tcp_listen_closed  tcp.o
    0x0001b598   0x0001b598   0x00000168   Code   RO         4647    i.tcp_listen_input  tcp_in.o
    0x0001b700   0x0001b700   0x00000054   Code   RO         4376    i.tcp_netif_ipv4_addr_changed  tcp.o
    0x0001b754   0x0001b754   0x0000002e   Code   RO         4377    i.tcp_netif_ipv4_addr_changed_pcblist  tcp.o
    0x0001b782   0x0001b782   0x0000000a   Code   RO         4378    i.tcp_new           tcp.o
    0x0001b78c   0x0001b78c   0x00000068   Code   RO         4380    i.tcp_new_port      tcp.o
    0x0001b7f4   0x0001b7f4   0x0000001c   Code   RO         4381    i.tcp_next_iss      tcp.o
    0x0001b810   0x0001b810   0x00000278   Code   RO         4719    i.tcp_output        tcp_out.o
    0x0001ba88   0x0001ba88   0x000000bc   Code   RO         4720    i.tcp_output_alloc_header  tcp_out.o
    0x0001bb44   0x0001bb44   0x000000e4   Code   RO         4721    i.tcp_output_segment  tcp_out.o
    0x0001bc28   0x0001bc28   0x000000b8   Code   RO         4648    i.tcp_parseopt      tcp_in.o
    0x0001bce0   0x0001bce0   0x00000098   Code   RO         4722    i.tcp_pbuf_prealloc  tcp_out.o
    0x0001bd78   0x0001bd78   0x0000005e   Code   RO         4382    i.tcp_pcb_purge     tcp.o
    0x0001bdd6   0x0001bdd6   0x00000002   PAD
    0x0001bdd8   0x0001bdd8   0x000000c0   Code   RO         4383    i.tcp_pcb_remove    tcp.o
    0x0001be98   0x0001be98   0x00000040   Code   RO         4384    i.tcp_poll          tcp.o
    0x0001bed8   0x0001bed8   0x0000067c   Code   RO         4649    i.tcp_process       tcp_in.o
    0x0001c554   0x0001c554   0x0000009a   Code   RO         4385    i.tcp_process_refused_data  tcp.o
    0x0001c5ee   0x0001c5ee   0x00000002   PAD
    0x0001c5f0   0x0001c5f0   0x000007e8   Code   RO         4650    i.tcp_receive       tcp_in.o
    0x0001cdd8   0x0001cdd8   0x00000044   Code   RO         4386    i.tcp_recv          tcp.o
    0x0001ce1c   0x0001ce1c   0x0000002e   Code   RO         4387    i.tcp_recv_null     tcp.o
    0x0001ce4a   0x0001ce4a   0x00000002   PAD
    0x0001ce4c   0x0001ce4c   0x000000c4   Code   RO         4388    i.tcp_recved        tcp.o
    0x0001cf10   0x0001cf10   0x00000018   Code   RO         4389    i.tcp_remove_listener  tcp.o
    0x0001cf28   0x0001cf28   0x0000005a   Code   RO         4723    i.tcp_rexmit        tcp_out.o
    0x0001cf82   0x0001cf82   0x0000007c   Code   RO         4724    i.tcp_rexmit_fast   tcp_out.o
    0x0001cffe   0x0001cffe   0x00000044   Code   RO         4725    i.tcp_rexmit_rto    tcp_out.o
    0x0001d042   0x0001d042   0x00000002   PAD
    0x0001d044   0x0001d044   0x000000dc   Code   RO         4726    i.tcp_rst           tcp_out.o
    0x0001d120   0x0001d120   0x0000001a   Code   RO         4390    i.tcp_seg_free      tcp.o
    0x0001d13a   0x0001d13a   0x00000018   Code   RO         4391    i.tcp_segs_free     tcp.o
    0x0001d152   0x0001d152   0x00000096   Code   RO         4727    i.tcp_send_empty_ack  tcp_out.o
    0x0001d1e8   0x0001d1e8   0x0000004a   Code   RO         4728    i.tcp_send_fin      tcp_out.o
    0x0001d232   0x0001d232   0x00000002   PAD
    0x0001d234   0x0001d234   0x00000044   Code   RO         4392    i.tcp_sent          tcp.o
    0x0001d278   0x0001d278   0x00000062   Code   RO         4394    i.tcp_shutdown      tcp.o
    0x0001d2da   0x0001d2da   0x00000002   PAD
    0x0001d2dc   0x0001d2dc   0x00000544   Code   RO         4395    i.tcp_slowtmr       tcp.o
    0x0001d820   0x0001d820   0x00000038   Code   RO         4833    i.tcp_timer_needed  timeouts.o
    0x0001d858   0x0001d858   0x000000a4   Code   RO         4651    i.tcp_timewait_input  tcp_in.o
    0x0001d8fc   0x0001d8fc   0x00000024   Code   RO         4396    i.tcp_tmr           tcp.o
    0x0001d920   0x0001d920   0x00000014   Code   RO         4652    i.tcp_trigger_input_pcb_close  tcp_in.o
    0x0001d934   0x0001d934   0x00000078   Code   RO         4398    i.tcp_update_rcv_ann_wnd  tcp.o
    0x0001d9ac   0x0001d9ac   0x00000688   Code   RO         4729    i.tcp_write         tcp_out.o
    0x0001e034   0x0001e034   0x00000110   Code   RO         4730    i.tcp_write_checks  tcp_out.o
    0x0001e144   0x0001e144   0x000000ee   Code   RO         4731    i.tcp_zero_window_probe  tcp_out.o
    0x0001e232   0x0001e232   0x00000002   PAD
    0x0001e234   0x0001e234   0x000000b8   Code   RO         3551    i.tcpip_init        tcpip.o
    0x0001e2ec   0x0001e2ec   0x00000070   Code   RO         3552    i.tcpip_inpkt       tcpip.o
    0x0001e35c   0x0001e35c   0x00000030   Code   RO         3553    i.tcpip_input       tcpip.o
    0x0001e38c   0x0001e38c   0x00000020   Code   RO         3554    i.tcpip_send_msg_wait_sem  tcpip.o
    0x0001e3ac   0x0001e3ac   0x00000038   Code   RO         4834    i.tcpip_tcp_timer   timeouts.o
    0x0001e3e4   0x0001e3e4   0x000000d4   Code   RO         3555    i.tcpip_thread      tcpip.o
    0x0001e4b8   0x0001e4b8   0x000000e8   Code   RO         8479    i.test_OTA_Handle   workhandle.o
    0x0001e5a0   0x0001e5a0   0x000000b4   Code   RO         4912    i.udp_bind          udp.o
    0x0001e654   0x0001e654   0x0000007c   Code   RO         4913    i.udp_connect       udp.o
    0x0001e6d0   0x0001e6d0   0x00000002   Code   RO         4915    i.udp_init          udp.o
    0x0001e6d2   0x0001e6d2   0x00000002   PAD
    0x0001e6d4   0x0001e6d4   0x000001b8   Code   RO         4916    i.udp_input         udp.o
    0x0001e88c   0x0001e88c   0x00000048   Code   RO         4917    i.udp_input_local_match  udp.o
    0x0001e8d4   0x0001e8d4   0x00000030   Code   RO         4918    i.udp_netif_ipv4_addr_changed  udp.o
    0x0001e904   0x0001e904   0x0000001c   Code   RO         4919    i.udp_new           udp.o
    0x0001e920   0x0001e920   0x00000058   Code   RO         4921    i.udp_new_port      udp.o
    0x0001e978   0x0001e978   0x00000006   Code   RO         4922    i.udp_recv          udp.o
    0x0001e97e   0x0001e97e   0x00000002   PAD
    0x0001e980   0x0001e980   0x00000044   Code   RO         4923    i.udp_remove        udp.o
    0x0001e9c4   0x0001e9c4   0x00000052   Code   RO         4926    i.udp_sendto_if     udp.o
    0x0001ea16   0x0001ea16   0x00000002   PAD
    0x0001ea18   0x0001ea18   0x00000148   Code   RO         4927    i.udp_sendto_if_src  udp.o
    0x0001eb60   0x0001eb60   0x00000040   Code   RO         8648    i.updateCode        ota_api.o
    0x0001eba0   0x0001eba0   0x00000018   Code   RO         8712    i.update_crc16_A001  crc16.o
    0x0001ebb8   0x0001ebb8   0x00000016   Code   RO         8713    i.update_crc16_reflected  crc16.o
    0x0001ebce   0x0001ebce   0x00000028   Code   RO         6449    i.uxListRemove      list.o
    0x0001ebf6   0x0001ebf6   0x0000002a   Code   RO         6495    i.uxQueueMessagesWaiting  queue.o
    0x0001ec20   0x0001ec20   0x0000001c   Code   RO         6700    i.uxTaskResetEventItemValue  tasks.o
    0x0001ec3c   0x0001ec3c   0x00000010   Code   RO         6358    i.vEventGroupSetBitsCallback  event_groups.o
    0x0001ec4c   0x0001ec4c   0x0000001a   Code   RO         6450    i.vListInitialise   list.o
    0x0001ec66   0x0001ec66   0x00000006   Code   RO         6451    i.vListInitialiseItem  list.o
    0x0001ec6c   0x0001ec6c   0x00000034   Code   RO         6452    i.vListInsert       list.o
    0x0001eca0   0x0001eca0   0x00000018   Code   RO         6453    i.vListInsertEnd    list.o
    0x0001ecb8   0x0001ecb8   0x00000054   Code   RO         7214    i.vPortEnterCritical  port.o
    0x0001ed0c   0x0001ed0c   0x0000003c   Code   RO         7215    i.vPortExitCritical  port.o
    0x0001ed48   0x0001ed48   0x00000016   Code   RO         7176    i.vPortFree         heap_3.o
    0x0001ed5e   0x0001ed5e   0x00000002   PAD
    0x0001ed60   0x0001ed60   0x00000014   Code   RO         7193    i.vPortSetupTimerInterrupt  fsl_tickless_systick.o
    0x0001ed74   0x0001ed74   0x00000078   Code   RO         7216    i.vPortValidateInterruptPriority  port.o
    0x0001edec   0x0001edec   0x0000002c   Code   RO         6498    i.vQueueAddToRegistry  queue.o
    0x0001ee18   0x0001ee18   0x0000002c   Code   RO         6499    i.vQueueDelete      queue.o
    0x0001ee44   0x0001ee44   0x00000030   Code   RO         6501    i.vQueueUnregisterQueue  queue.o
    0x0001ee74   0x0001ee74   0x0000004a   Code   RO         6502    i.vQueueWaitForMessageRestricted  queue.o
    0x0001eebe   0x0001eebe   0x00000002   PAD
    0x0001eec0   0x0001eec0   0x0000005c   Code   RO         6701    i.vTaskDelay        tasks.o
    0x0001ef1c   0x0001ef1c   0x0000000c   Code   RO         6707    i.vTaskMissedYield  tasks.o
    0x0001ef28   0x0001ef28   0x00000038   Code   RO         6709    i.vTaskPlaceOnEventList  tasks.o
    0x0001ef60   0x0001ef60   0x00000040   Code   RO         6710    i.vTaskPlaceOnEventListRestricted  tasks.o
    0x0001efa0   0x0001efa0   0x0000006c   Code   RO         6711    i.vTaskPlaceOnUnorderedEventList  tasks.o
    0x0001f00c   0x0001f00c   0x000000b0   Code   RO         6712    i.vTaskPriorityInherit  tasks.o
    0x0001f0bc   0x0001f0bc   0x00000030   Code   RO         6716    i.vTaskSetTimeOutState  tasks.o
    0x0001f0ec   0x0001f0ec   0x00000094   Code   RO         6717    i.vTaskStartScheduler  tasks.o
    0x0001f180   0x0001f180   0x00000010   Code   RO         6719    i.vTaskSuspendAll   tasks.o
    0x0001f190   0x0001f190   0x0000008c   Code   RO         6720    i.vTaskSwitchContext  tasks.o
    0x0001f21c   0x0001f21c   0x00000018   Code   RO         8480    i.workHandle_thread  workhandle.o
    0x0001f234   0x0001f234   0x0000001a   Code   RO         6361    i.xEventGroupCreate  event_groups.o
    0x0001f24e   0x0001f24e   0x000000ce   Code   RO         6363    i.xEventGroupSetBits  event_groups.o
    0x0001f31c   0x0001f31c   0x00000024   Code   RO         6364    i.xEventGroupSetBitsFromISR  event_groups.o
    0x0001f340   0x0001f340   0x00000154   Code   RO         6366    i.xEventGroupWaitBits  event_groups.o
    0x0001f494   0x0001f494   0x0000013c   Code   RO         7217    i.xPortStartScheduler  port.o
    0x0001f5d0   0x0001f5d0   0x00000022   Code   RO         6504    i.xQueueCreateMutex  queue.o
    0x0001f5f2   0x0001f5f2   0x00000058   Code   RO         6505    i.xQueueGenericCreate  queue.o
    0x0001f64a   0x0001f64a   0x00000002   PAD
    0x0001f64c   0x0001f64c   0x000001c4   Code   RO         6506    i.xQueueGenericReceive  queue.o
    0x0001f810   0x0001f810   0x00000098   Code   RO         6507    i.xQueueGenericReset  queue.o
    0x0001f8a8   0x0001f8a8   0x000001a8   Code   RO         6508    i.xQueueGenericSend  queue.o
    0x0001fa50   0x0001fa50   0x000000f8   Code   RO         6509    i.xQueueGenericSendFromISR  queue.o
    0x0001fb48   0x0001fb48   0x0000002a   Code   RO         6513    i.xQueueIsQueueFullFromISR  queue.o
    0x0001fb72   0x0001fb72   0x00000002   PAD
    0x0001fb74   0x0001fb74   0x0000008c   Code   RO         6721    i.xTaskCheckForTimeOut  tasks.o
    0x0001fc00   0x0001fc00   0x00000060   Code   RO         6722    i.xTaskCreate       tasks.o
    0x0001fc60   0x0001fc60   0x00000020   Code   RO         6726    i.xTaskGetSchedulerState  tasks.o
    0x0001fc80   0x0001fc80   0x0000000c   Code   RO         6727    i.xTaskGetTickCount  tasks.o
    0x0001fc8c   0x0001fc8c   0x0000012c   Code   RO         6729    i.xTaskIncrementTick  tasks.o
    0x0001fdb8   0x0001fdb8   0x000000c8   Code   RO         6732    i.xTaskPriorityDisinherit  tasks.o
    0x0001fe80   0x0001fe80   0x00000098   Code   RO         6733    i.xTaskRemoveFromEventList  tasks.o
    0x0001ff18   0x0001ff18   0x000000b0   Code   RO         6734    i.xTaskRemoveFromUnorderedEventList  tasks.o
    0x0001ffc8   0x0001ffc8   0x00000104   Code   RO         6735    i.xTaskResumeAll    tasks.o
    0x000200cc   0x000200cc   0x00000054   Code   RO         7046    i.xTimerCreateTimerTask  timers.o
    0x00020120   0x00020120   0x00000084   Code   RO         7047    i.xTimerGenericCommand  timers.o
    0x000201a4   0x000201a4   0x00000034   Code   RO         7053    i.xTimerPendFunctionCallFromISR  timers.o
    0x000201d8   0x000201d8   0x0000000e   Data   RO          303    .constdata          pin_mux.o
    0x000201e6   0x000201e6   0x00000002   PAD
    0x000201e8   0x000201e8   0x0000001c   Data   RO          394    .constdata          clock_config.o
    0x00020204   0x00020204   0x00000060   Data   RO          487    .constdata          fsl_clock.o
    0x00020264   0x00020264   0x0000000c   Data   RO          831    .constdata          fsl_enet.o
    0x00020270   0x00020270   0x00000028   Data   RO         1007    .constdata          fsl_gpio.o
    0x00020298   0x00020298   0x00000038   Data   RO         1207    .constdata          fsl_uart.o
    0x000202d0   0x000202d0   0x0000009c   Data   RO         1476    .constdata          fsl_i2c.o
    0x0002036c   0x0002036c   0x00000020   Data   RO         1763    .constdata          fsl_ftm.o
    0x0002038c   0x0002038c   0x00000010   Data   RO         1943    .constdata          fsl_adc16.o
    0x0002039c   0x0002039c   0x0000004e   Data   RO         2064    .constdata          fsl_flash.o
    0x000203ea   0x000203ea   0x00000002   PAD
    0x000203ec   0x000203ec   0x0000000c   Data   RO         2400    .constdata          ethernetif.o
    0x000203f8   0x000203f8   0x00000104   Data   RO         3933    .constdata          memp.o
    0x000204fc   0x000204fc   0x00000050   Data   RO         4399    .constdata          tcp.o
    0x0002054c   0x0002054c   0x00000028   Data   RO         4835    .constdata          timeouts.o
    0x00020574   0x00020574   0x00000008   Data   RO         5492    .constdata          ip4_addr.o
    0x0002057c   0x0002057c   0x0000000c   Data   RO         5791    .constdata          ethernet.o
    0x00020588   0x00020588   0x00000007   Data   RO         7399    .constdata          cjson.o
    0x0002058f   0x0002058f   0x000005f1   Data   RO         7750    .constdata          sensor.o
    0x00020b80   0x00020b80   0x0000000c   Data   RO         8204    .constdata          dhcp_api.o
    0x00020b8c   0x00020b8c   0x00000200   Data   RO         8714    .constdata          crc16.o
    0x00020d8c   0x00020d8c   0x00000004   PAD
    0x00020d90   0x00020d90   0x00000088   Data   RO         8761    .constdata          m_wm.l(pow.o)
    0x00020e18   0x00020e18   0x00000008   Data   RO         9114    .constdata          m_wm.l(qnan.o)
    0x00020e20   0x00020e20   0x000000fd   Data   RO          832    .conststring        fsl_enet.o
    0x00020f1d   0x00020f1d   0x00000003   PAD
    0x00020f20   0x00020f20   0x00000098   Data   RO         3934    .conststring        memp.o
    0x00020fb8   0x00020fb8   0x0000006d   Data   RO         4400    .conststring        tcp.o
    0x00021025   0x00021025   0x00000003   PAD
    0x00021028   0x00021028   0x00000055   Data   RO         4732    .conststring        tcp_out.o
    0x0002107d   0x0002107d   0x00000003   PAD
    0x00021080   0x00021080   0x0000008c   Data   RO         5089    .conststring        dhcp.o
    0x0002110c   0x0002110c   0x00000041   Data   RO         5287    .conststring        etharp.o
    0x0002114d   0x0002114d   0x00000003   PAD
    0x00021150   0x00021150   0x000000d5   Data   RO         8367    .conststring        network_thread.o
    0x00021225   0x00021225   0x00000003   PAD
    0x00021228   0x00021228   0x00000045   Data   RO         8482    .conststring        workhandle.o
    0x0002126d   0x0002126d   0x00000003   PAD
    0x00021270   0x00021270   0x000000a9   Data   RO         8650    .conststring        ota_api.o
    0x00021319   0x00021319   0x00000003   PAD
    0x0002131c   0x0002131c   0x00000020   Data   RO         9175    Region$$Table       anon$$obj.o


    Execution Region RW_m_data (Exec base: 0x1fff0000, Load base: 0x0002133c, Size: 0x00000000, Max: 0x00010000, ABSOLUTE)

    **** No section assigned to this execution region ****


    Execution Region RW_m_data_2 (Exec base: 0x20000000, Load base: 0x0002133c, Size: 0x00013110, Max: 0x00029000, ABSOLUTE, COMPRESSED[0x0000003c])

    Exec Addr    Load Addr    Size         Type   Attr      Idx    E Section Name        Object

    0x20000000   COMPRESSED   0x00000010   Data   RW          488    .data               fsl_clock.o
    0x20000010   COMPRESSED   0x00000010   Data   RW          833    .data               fsl_enet.o
    0x20000020   COMPRESSED   0x00000004   Data   RW         1208    .data               fsl_uart.o
    0x20000024   COMPRESSED   0x00000008   Data   RW         1477    .data               fsl_i2c.o
    0x2000002c   COMPRESSED   0x00000008   Data   RW         2065    .data               fsl_flash.o
    0x20000034   COMPRESSED   0x00000008   Data   RW         2270    .data               fsl_debug_console.o
    0x2000003c   COMPRESSED   0x00000004   Data   RW         2342    .data               system_mk64f12.o
    0x20000040   COMPRESSED   0x00000010   Data   RW         3557    .data               tcpip.o
    0x20000050   COMPRESSED   0x00000010   Data   RW         3874    .data               mem.o
    0x20000060   COMPRESSED   0x00000034   Data   RW         3935    .data               memp.o
    0x20000094   COMPRESSED   0x00000009   Data   RW         4031    .data               netif.o
    0x2000009d   COMPRESSED   0x00000003   PAD
    0x200000a0   COMPRESSED   0x00000020   Data   RW         4401    .data               tcp.o
    0x200000c0   COMPRESSED   0x00000028   Data   RW         4654    .data               tcp_in.o
    0x200000e8   COMPRESSED   0x0000000c   Data   RW         4836    .data               timeouts.o
    0x200000f4   COMPRESSED   0x00000008   Data   RW         4928    .data               udp.o
    0x200000fc   COMPRESSED   0x00000010   Data   RW         5090    .data               dhcp.o
    0x2000010c   COMPRESSED   0x00000001   Data   RW         5288    .data               etharp.o
    0x2000010d   COMPRESSED   0x00000001   PAD
    0x2000010e   COMPRESSED   0x00000002   Data   RW         5440    .data               ip4.o
    0x20000110   COMPRESSED   0x00000006   Data   RW         5561    .data               ip4_frag.o
    0x20000116   COMPRESSED   0x00000002   PAD
    0x20000118   COMPRESSED   0x0000003c   Data   RW         6738    .data               tasks.o
    0x20000154   COMPRESSED   0x00000014   Data   RW         7055    .data               timers.o
    0x20000168   COMPRESSED   0x0000000c   Data   RW         7218    .data               port.o
    0x20000174   COMPRESSED   0x0000000c   Data   RW         7400    .data               cjson.o
    0x20000180   COMPRESSED   0x0000001c   Data   RW         7751    .data               sensor.o
    0x2000019c   COMPRESSED   0x00000040   Data   RW         7980    .data               md5.o
    0x200001dc   COMPRESSED   0x00000002   Data   RW         8047    .data               i2c_api.o
    0x200001de   COMPRESSED   0x00000007   Data   RW         8160    .data               ftm_api.o
    0x200001e5   COMPRESSED   0x00000003   PAD
    0x200001e8   COMPRESSED   0x00000010   Data   RW         8205    .data               dhcp_api.o
    0x200001f8   COMPRESSED   0x00000010   Data   RW         8273    .data               adc_api.o
    0x20000208   COMPRESSED   0x00000001   Data   RW         8317    .data               flash_api.o
    0x20000209   COMPRESSED   0x00000003   PAD
    0x2000020c   COMPRESSED   0x00000048   Data   RW         8368    .data               network_thread.o
    0x20000254   COMPRESSED   0x00000005   Data   RW         8483    .data               workhandle.o
    0x20000259   COMPRESSED   0x00000003   PAD
    0x2000025c   COMPRESSED   0x00000008   Data   RW         8561    .data               onesecondtimer_thread.o
    0x20000264   COMPRESSED   0x00000021   Data   RW         8651    .data               ota_api.o
    0x20000285   COMPRESSED   0x00000003   PAD
    0x20000288   COMPRESSED   0x00000004   Data   RW         9151    .data               mc_w.l(mvars.o)
    0x2000028c   COMPRESSED   0x00000004   Data   RW         9152    .data               mc_w.l(mvars.o)
    0x20000290   COMPRESSED   0x00000004   Data   RW         9156    .data               mc_w.l(errno.o)
    0x20000294        -       0x00000018   Zero   RW         1206    .bss                fsl_uart.o
    0x200002ac        -       0x0000000c   Zero   RW         1475    .bss                fsl_i2c.o
    0x200002b8        -       0x0000008c   Zero   RW         2063    .bss                fsl_flash.o
    0x20000344        -       0x00000010   Zero   RW         2269    .bss                fsl_debug_console.o
    0x20000354   COMPRESSED   0x0000000c   PAD
    0x20000360        -       0x00003600   Zero   RW         2399    .bss                ethernetif.o
    0x20003960        -       0x00000018   Zero   RW         3843    .bss                ip.o
    0x20003978        -       0x00005813   Zero   RW         3873    .bss                mem.o
    0x2000918b        -       0x0000476f   Zero   RW         3932    .bss                memp.o
    0x2000d8fa   COMPRESSED   0x00000002   PAD
    0x2000d8fc        -       0x00000014   Zero   RW         4653    .bss                tcp_in.o
    0x2000d910        -       0x00000032   Zero   RW         5088    .bss                dhcp.o
    0x2000d942   COMPRESSED   0x00000002   PAD
    0x2000d944        -       0x000000f0   Zero   RW         5286    .bss                etharp.o
    0x2000da34        -       0x00000040   Zero   RW         6517    .bss                queue.o
    0x2000da74        -       0x000001cc   Zero   RW         6737    .bss                tasks.o
    0x2000dc40        -       0x00000028   Zero   RW         7054    .bss                timers.o
    0x2000dc68        -       0x0000002c   Zero   RW         7749    .bss                sensor.o
    0x2000dc94        -       0x00000034   Zero   RW         8046    .bss                i2c_api.o
    0x2000dcc8        -       0x0000001c   Zero   RW         8159    .bss                ftm_api.o
    0x2000dce4        -       0x00000034   Zero   RW         8203    .bss                dhcp_api.o
    0x2000dd18        -       0x00004038   Zero   RW         8316    .bss                flash_api.o
    0x20011d50        -       0x00001300   Zero   RW         8366    .bss                network_thread.o
    0x20013050        -       0x0000008c   Zero   RW         8481    .bss                workhandle.o
    0x200130dc        -       0x00000034   Zero   RW         8649    .bss                ota_api.o


    Execution Region ARM_LIB_HEAP (Exec base: 0x20013110, Load base: 0x00021378, Size: 0x00006000, Max: 0x00006000, ABSOLUTE)

    Exec Addr    Load Addr    Size         Type   Attr      Idx    E Section Name        Object

    0x20013110        -       0x00006000   Zero   RW            2    ARM_LIB_HEAP.bss    anon$$obj.o


    Execution Region ARM_LIB_STACK (Exec base: 0x2002f000, Load base: 0x00021378, Size: 0x00001000, Max: 0x00001000, ABSOLUTE)

    Exec Addr    Load Addr    Size         Type   Attr      Idx    E Section Name        Object

    0x2002f000        -       0x00001000   Zero   RW            3    ARM_LIB_STACK.bss   anon$$obj.o


==============================================================================

Image component sizes


      Code (inc. data)   RO Data    RW Data    ZI Data      Debug   Object Name

       304        126          0         16          0       5369   adc_api.o
      1402        456          0          0          0      48830   api_lib.o
      5406       1358          0          0          0      26379   api_msg.o
        28          4          0          0          0        485   board.o
       444        270          0          0          0     506950   btc_api.o
        62          0          0          0          0        899   calculatebinsize.o
      2324         82          7         12          0      16691   cjson.o
       124         30         28          0          0       8885   clock_config.o
        80          6        512          0          0       2400   crc16.o
        62          0          0          0          0       2184   def.o
        32          4          0          0          0        777   delay.o
      6314       1236        140         16         50      25552   dhcp.o
       132         34         12         16         52       8125   dhcp_api.o
      3160        524         65          1        240      11984   etharp.o
       196          4         12          0          0       2928   ethernet.o
      1210        238         12          0      13824      31797   ethernetif.o
       654         12          0          0          0       9228   event_groups.o
       432        166          0          1      16440       3102   flash_api.o
       802        260         16          0          0       7637   fsl_adc16.o
      2048        530         96         16          0      29430   fsl_clock.o
        68         44          0          0          0        645   fsl_common.o
       180         18          0          8         16       9756   fsl_debug_console.o
      3668       1178        265         16          0      62850   fsl_enet.o
      1224         86         78          8        140      15930   fsl_flash.o
      2066        318         32          0          0      26212   fsl_ftm.o
       308        134         40          0          0       4059   fsl_gpio.o
      3450        572        156          8         12      31556   fsl_i2c.o
       600         84          0          0          0     485996   fsl_phy.o
         0          0          0          0          0       7496   fsl_smc.o
        20          6          0          0          0        571   fsl_tickless_systick.o
      1320        462         56          4         24      18058   fsl_uart.o
       352         66          0          7         28      11950   ftm_api.o
        64          4          0          0          0        521   getmac.o
       314         74          0          0          0      33850   gpio_api.o
        46          0          0          0          0       1235   heap_3.o
        96         30          0          0          0        567   heartbeat_thread.o
        76         20          0          2         52       4116   i2c_api.o
       852        158          0          0          0       4002   icmp.o
       442          0          0          0          0       5136   inet_chksum.o
        32          0          0          0          0      11294   init.o
         0          0          0          0         24       3082   ip.o
      1146         90          0          2          0       5212   ip4.o
        78          0          8          0          0       6458   ip4_addr.o
      2350        422          0          6          0      10658   ip4_frag.o
       148          0          0          0          0       3282   list.o
      2414        268          0         64          0       6541   md5.o
      1600        532          0         16      22547       5429   mem.o
       408        148        412         52      18287      11296   memp.o
       208         88          0          0          0       9642   netbuf.o
       466         42          0          9          0      11734   netif.o
      2556        908        213         72       4864      40688   network_thread.o
        92         12          0          8          0        924   onesecondtimer_thread.o
       928        256        169         33         52       4639   ota_api.o
      2870       1004          0          0          0      11359   pbuf.o
       630        100         14          0          0      12634   pin_mux.o
       922         86          0         12          0      10680   port.o
      2110         26          0          0         64      17692   queue.o
      3480        634       1521         28         44      23892   sensor.o
       448        214       1040          0          0       3224   startup_mk64f12.o
       770         10          0          0          0      36062   sys_arch.o
        44         10          0          4          0        695   system_mk64f12.o
      3118        400          0         60        460      25138   tasks.o
      5014       1080        189         32          0      37000   tcp.o
      6316       1036          0         40         20      19503   tcp_in.o
      5010        974         85          0          0      16599   tcp_out.o
       588        192          0         16          0       8556   tcpip.o
       724        154         40         12          0       8915   timeouts.o
      1234        118          0         20         40      18559   timers.o
      1466        118          0          8          0      11495   udp.o
      1852        718         69          5        140       8803   workhandle.o

    ----------------------------------------------------------------------
     89476      18234       5348        648     106108    1875823   Object Totals
         0          0         32          0      28672          0   (incl. Generated)
        92          0         29         18         16          0   (incl. Padding)

    ----------------------------------------------------------------------

      Code (inc. data)   RO Data    RW Data    ZI Data      Debug   Library Member Name

       164         44          0          0          0        620   dunder.o
        24          0          0          0          0        124   fabs.o
        48          0          0          0          0        124   fpclassify.o
       248          0          0          0          0        152   poly.o
      3152        296        136          0          0        352   pow.o
         0          0          8          0          0          0   qnan.o
       110          0          0          0          0        148   sqrt.o
        86          0          0          0          0          0   __dczerorl2.o
         0          0          0          0          0          0   entry.o
         0          0          0          0          0          0   entry10a.o
         0          0          0          0          0          0   entry11a.o
         8          4          0          0          0          0   entry4.o
         4          0          0          0          0          0   entry5.o
         0          0          0          0          0          0   entry7b.o
         0          0          0          0          0          0   entry8b.o
         8          4          0          0          0          0   entry9a.o
        12          6          0          4          0         68   errno.o
        30          0          0          0          0          0   handlers.o
        36          8          0          0          0         68   init.o
         0          0          0          0          0          0   iusefp.o
        30          0          0          0          0         68   llshl.o
        36          0          0          0          0         68   llsshr.o
        32          0          0          0          0         68   llushr.o
       188         20          0          0          0        160   malloc2.o
        26          0          0          0          0         80   memcmp.o
        36          0          0          0          0         68   memcpya.o
        36          0          0          0          0        108   memseta.o
         0          0          0          8          0          0   mvars.o
      2308         96          0          0          0        604   printfa.o
        18          0          0          0          0         68   strcpy.o
        14          0          0          0          0         68   strlen.o
        30          0          0          0          0         80   strncmp.o
        12          0          0          0          0         68   tolower.o
        44          0          0          0          0         80   uidiv.o
        98          0          0          0          0         92   uldiv.o
        48          0          0          0          0         68   cdrcmple.o
       334          0          0          0          0        148   dadd.o
       222          0          0          0          0        100   ddiv.o
       186          0          0          0          0        176   depilogue.o
        62          0          0          0          0         80   dfixi.o
        48          0          0          0          0         68   dfixul.o
        34          0          0          0          0         76   dflti.o
       228          0          0          0          0         96   dmul.o
        46          0          0          0          0         80   dscalb.o
       162          0          0          0          0        100   dsqrt.o
        38          0          0          0          0         68   f2d.o

    ----------------------------------------------------------------------
      8260        482        144         12          0       4396   Library Totals
        14          4          0          0          0          0   (incl. Padding)

    ----------------------------------------------------------------------

      Code (inc. data)   RO Data    RW Data    ZI Data      Debug   Library Name

      3746        340        144          0          0       1520   m_wm.l
      3092        138          0         12          0       1816   mc_w.l
      1408          0          0          0          0       1060   mf_w.l

    ----------------------------------------------------------------------
      8260        482        144         12          0       4396   Library Totals

    ----------------------------------------------------------------------

==============================================================================


      Code (inc. data)   RO Data    RW Data    ZI Data      Debug   

     97736      18716       5492        660     106108    1820243   Grand Totals
     97736      18716       5492         60     106108    1820243   ELF Image Totals (compressed)
     97736      18716       5492         60          0          0   ROM Totals

==============================================================================

    Total RO  Size (Code + RO Data)               103228 ( 100.81kB)
    Total RW  Size (RW Data + ZI Data)            106768 ( 104.27kB)
    Total ROM Size (Code + RO Data + RW Data)     103288 ( 100.87kB)

==============================================================================

